Microchip MPLAB XC8 Compiler V2.30

Linker command line:

-W-3 --edf=/Applications/microchip/xc8/v2.30/pic/dat/en_msgs.txt -cn \
  -h+dist/default/production/0v3_PIC16F18346.production.sym \
  --cmf=dist/default/production/0v3_PIC16F18346.production.cmf -z \
  -Q16F18346 -o/tmp/xcWHoY68L --defsym=__MPLAB_BUILD=1 \
  -Mdist/default/production/0v3_PIC16F18346.production.map -E1 \
  -ver=XC8 Compiler --acfsm=1493 -ASTACK=021E9h-027EFh -pstack=STACK \
  -ACODE=00h-07FFhx8 -ASTRCODE=00h-03FFFh -ASTRING=00h-0FFhx64 \
  -ACONST=00h-0FFhx64 -AENTRY=00h-0FFhx64 -ACOMMON=070h-07Fh \
  -ABANK0=020h-06Fh -ABANK1=0A0h-0EFh -ABANK2=0120h-016Fh \
  -ABANK3=01A0h-01EFh -ABANK4=0220h-026Fh -ABANK5=02A0h-02EFh \
  -ABANK6=0320h-036Fh -ABANK7=03A0h-03EFh -ABANK8=0420h-046Fh \
  -ABANK9=04A0h-04EFh -ABANK10=0520h-056Fh -ABANK11=05A0h-05EFh \
  -ABANK12=0620h-066Fh -ABANK13=06A0h-06EFh -ABANK14=0720h-076Fh \
  -ABANK15=07A0h-07EFh -ABANK16=0820h-086Fh -ABANK17=08A0h-08EFh \
  -ABANK18=0920h-096Fh -ABANK19=09A0h-09EFh -ABANK20=0A20h-0A6Fh \
  -ABANK21=0AA0h-0AEFh -ABANK22=0B20h-0B6Fh -ABANK23=0BA0h-0BEFh \
  -ABANK24=0C20h-0C6Fh -ABANK25=0CA0h-0CBFh -ABIGRAM=02000h-027EFh \
  -ARAM=020h-06Fh,0A0h-0EFh,0120h-016Fh,01A0h-01EFh,0220h-026Fh,02A0h-02EFh,0320h-036Fh,03A0h-03EFh,0420h-046Fh,04A0h-04EFh,0520h-056Fh,05A0h-05EFh,0620h-066Fh,06A0h-06EFh,0720h-076Fh,07A0h-07EFh,0820h-086Fh,08A0h-08EFh,0920h-096Fh,09A0h-09EFh,0A20h-0A6Fh,0AA0h-0AEFh,0B20h-0B6Fh,0BA0h-0BEFh,0C20h-0C6Fh,0CA0h-0CBFh \
  -AABS1=020h-07Fh,0A0h-0EFh,0120h-016Fh,01A0h-01EFh,0220h-026Fh,02A0h-02EFh,0320h-036Fh,03A0h-03EFh,0420h-046Fh,04A0h-04EFh,0520h-056Fh,05A0h-05EFh,0620h-066Fh,06A0h-06EFh,0720h-076Fh,07A0h-07EFh,0820h-086Fh,08A0h-08EFh,0920h-096Fh,09A0h-09EFh,0A20h-0A6Fh,0AA0h-0AEFh,0B20h-0B6Fh,0BA0h-0BEFh,0C20h-0C6Fh,0CA0h-0CBFh \
  -ASFR0=00h-01Fh -ASFR1=080h-09Fh -ASFR2=0100h-011Fh -ASFR3=0180h-019Fh \
  -ASFR4=0200h-021Fh -ASFR5=0280h-029Fh -ASFR6=0300h-031Fh \
  -ASFR7=0380h-039Fh -ASFR8=0400h-041Fh -ASFR9=0480h-049Fh \
  -ASFR10=0500h-051Fh -ASFR11=0580h-059Fh -ASFR12=0600h-061Fh \
  -ASFR13=0680h-069Fh -ASFR14=0700h-071Fh -ASFR15=0780h-079Fh \
  -ASFR16=0800h-081Fh -ASFR17=0880h-089Fh -ASFR18=0900h-091Fh \
  -ASFR19=0980h-099Fh -ASFR20=0A00h-0A1Fh -ASFR21=0A80h-0A9Fh \
  -ASFR22=0B00h-0B1Fh -ASFR23=0B80h-0B9Fh -ASFR24=0C00h-0C1Fh \
  -ASFR25=0C80h-0C9Fh -ASFR26=0D00h-0D6Fh -ASFR27=0D80h-0DEFh \
  -ASFR28=0E00h-0E6Fh -ASFR29=0E80h-0EEFh -ASFR30=0F00h-0F6Fh \
  -ASFR31=0F80h-0FEFh -ACONFIG=08007h-0800Ah -DCONFIG=2 \
  -AIDLOC=08000h-08003h -DIDLOC=2 -AEEDATA=00h-0FFh/0F000h \
  -peeprom_data=EEDATA -DEEDATA=2 -DCODE=2 -DSTRCODE=2 -DSTRING=2 -DCONST=2 \
  -DENTRY=2 -preset_vec=00h,intentry=04h,init,end_init -ppowerup=CODE \
  -pcinit=CODE -pfunctab=ENTRY -k /tmp/xcBtKkQwC.o \
  dist/default/production/0v3_PIC16F18346.production.o 

Object code version is 3.11

Machine type is 16F18346



                Name                               Link     Load   Length Selector   Space Scale
/tmp/xcBtKkQwC.o
                end_init                             25       25        2        8       0
                reset_vec                             0        0        2        0       0
                config                             8007     8007        4        0       4
dist/default/production/0v3_PIC16F18346.production.o
                cinit                                27       27       48        8       0
                intentry                              4        4       21        8       0
                config                             8007     8007        4        0       4
                text122                            1A42     1A42        3     3484       0
                text121                            1A45     1A45        3     348A       0
                text120                            1AEF     1AEF        C     35DE       0
                text119                            1F33     1F33       28     3E66       0
                text118                            1AFB     1AFB        C     35F6       0
                text117                            1BC0     1BC0       15     3780       0
                text116                            1BD5     1BD5       15     37AA       0
                text115                            1BEA     1BEA       15     37D4       0
                text114                            1BFF     1BFF       15     37FE       0
                text113                            1C14     1C14       15     3828       0
                text112                            1D1F     1D1F       1A     3A3E       0
                text111                            1C29     1C29       15     3852       0
                text110                            1C3E     1C3E       15     387C       0
                text109                            1C53     1C53       15     38A6       0
                text108                            1D39     1D39       1A     3A72       0
                text107                            1000     1000        2     1CDA       0
                text106                             800      800        2        8       0
                text105                            1A48     1A48        3     3490       0
                text104                            1A66     1A66        4     34CC       0
                text103                            1A4B     1A4B        3     3496       0
                text102                            1A6A     1A6A        4     34D4       0
                text101                            1A8E     1A8E        5     351C       0
                text100                            1A9D     1A9D        6     353A       0
                text99                             1A4E     1A4E        3     349C       0
                text98                             1002     1002       2C     2004       0
                text97                             1A93     1A93        5     3526       0
                text96                             1ABC     1ABC        8     3578       0
                text95                             1AB5     1AB5        7     356A       0
                text94                             1346     1346       52     268C       0
                text93                             10F5     10F5       42     21EA       0
                text92                             1AA3     1AA3        6     3546       0
                text91                             1A6E     1A6E        4     34DC       0
                text90                             1A72     1A72        4     34E4       0
                text89                             1A76     1A76        4     34EC       0
                text88                             1A7A     1A7A        4     34F4       0
                text87                             1A7E     1A7E        4     34FC       0
                text86                             1A82     1A82        4     3504       0
                text85                             1A86     1A86        4     350C       0
                text84                             1A98     1A98        5     3530       0
                text83                             1FD5     1FD5       2B     3FAA       0
                text82                             1A51     1A51        3     34A2       0
                text81                             1FAB     1FAB       2A     3F56       0
                text80                             1A54     1A54        3     34A8       0
                text79                             1C92     1C92       16     3924       0
                text78                             11C6     11C6       4A     238C       0
                text77                              87C      87C       BE     10F8       0
                text76                             1B63     1B63        F     36C6       0
                text75                             1B84     1B84       14     3708       0
                text73                             1B39     1B39        E     3672       0
                text72                             1E3B     1E3B       21     3C76       0
                text71                             1ADC     1ADC        9     35B8       0
                text70                             1AE5     1AE5        A     35CA       0
                text69                             10C1     10C1       34     2182       0
                text68                             1AC4     1AC4        8     3588       0
                text67                             1ACC     1ACC        8     3598       0
                text66                             1D6D     1D6D       1B     3ADA       0
                text65                             1A8A     1A8A        4     3514       0
                text64                             1B72     1B72       12     36E4       0
                text63                                2        2        2        0       0
                text62                             1A57     1A57        3     34AE       0
                text61                             1A5A     1A5A        3     34B4       0
                text60                             1A5D     1A5D        3     34BA       0
                text59                             1DA3     1DA3       1D     3B46       0
                text58                             1A60     1A60        3     34C0       0
                text57                             1D53     1D53       1A     3AA6       0
                text56                              7FC      7FC        4        8       0
                text55                             1A63     1A63        3     34C6       0
                text54                             1B47     1B47        E     368E       0
                text53                             1AD4     1AD4        8     35A8       0
                text52                             117E     117E       48     22FC       0
                text51                             1F5B     1F5B       28     3EB6       0
                text50                             1B07     1B07        C     360E       0
                text49                             1C68     1C68       15     38D0       0
                text48                             1B13     1B13        C     3626       0
                text47                             1137     1137       47     226E       0
                text46                             1570     1570       96     2AE0       0
                text45                             1EC4     1EC4       25     3D88       0
                text44                             13ED     13ED       56     27DA       0
                text43                             1B1F     1B1F        D     363E       0
                text42                             1B2C     1B2C        D     3658       0
                text41                             1F83     1F83       28     3F06       0
                text40                             1443     1443       56     2886       0
                text39                             1B55     1B55        E     36AA       0
                text38                             1EE9     1EE9       25     3DD2       0
                text37                             1744     1744       BC     2E88       0
                text36                             1B98     1B98       14     3730       0
                text35                             1499     1499       69     2932       0
                text34                             1DFB     1DFB       20     3BF6       0
                text33                             1398     1398       55     2730       0
                text32                             1C7D     1C7D       15     38FA       0
                text31                             108E     108E       33     211C       0
                text30                             1D88     1D88       1B     3B10       0
                text29                             1CBF     1CBF       18     397E       0
                text28                             1DC0     1DC0       1D     3B80       0
                text27                             1606     1606       9F     2C0C       0
                text26                              ADA      ADA       F6     15B4       0
                text25                              9FC      9FC       DE     13F8       0
                text24                             1CD7     1CD7       18     39AE       0
                text23                             1A41     1A41        1     3482       0
                text22                             1210     1210       4C     2420       0
                text21                             1F0E     1F0E       25     3E1C       0
                text20                             1CA8     1CA8       17     3950       0
                text19                             125C     125C       4C     24B8       0
                text18                              BD0      BD0      14A     17A0       0
                text17                              93A      93A       C2     1274       0
                text16                             1DDD     1DDD       1E     3BBA       0
                text15                             1CEF     1CEF       18     39DE       0
                text14                             1D07     1D07       18     3A0E       0
                text13                             1E5C     1E5C       21     3CB8       0
                text12                              D1A      D1A      153     1A34       0
                text11                              494      494      255        8       0
                text10                             105D     105D       31     20BA       0
                text9                              1E7D     1E7D       23     3CFA       0
                text8                               E6D      E6D      193     1CDA       0
                text7                              1502     1502       6E     2A04       0
                text6                              12F5     12F5       51     25EA       0
                text5                               802      802       7A     1004       0
                text4                              1EA0     1EA0       24     3D40       0
                text3                              1BAC     1BAC       14     3758       0
                text2                              16A5     16A5       9F     2D4A       0
                text1                               6E9      6E9      113        8       0
                maintext                             6F       6F      425        8       0
                cstackBANK0                          20       20       4A       20       1
                cstackCOMMON                         70       70        D       70       1
                cstackBANK1                          A0       A0       46       A0       1
                cstackBANK2                         168      168        7      120       1
                cstackBANK6                         320      320        9      320       1
                clrtext                            1AA9     1AA9        6     3552       0
                inittext                           1AAF     1AAF        6     355E       0
                bssBANK5                            2A0      2A0       49      2A0       1
                dataBANK4                           220      220       4D      220       1
                dataBANK3                           1A0      1A0       2F      1A0       1
                bssBANK3                            1CF      1CF       20      1A0       1
                dataBANK2                           148      148       20      120       1
                bssBANK2                            120      120       28      120       1
                bssBANK1                             E6       E6        4       A0       1
                bssBANK0                             6A       6A        3       20       1
                bssCOMMON                            7D       7D        1       70       1
                stringtext25                       2128     2128        2     4000       0
                stringtext24                       2124     2124        4     4000       0
                stringtext23                       2120     2120        4     4000       0
                stringtext22                       211C     211C        4     4000       0
                stringtext21                       2118     2118        4     4000       0
                stringtext20                       2114     2114        4     4000       0
                stringtext19                       2110     2110        4     4000       0
                stringtext18                       210C     210C        4     4000       0
                stringtext17                       2108     2108        4     4000       0
                stringtext16                       2104     2104        4     4000       0
                stringtext15                       20FF     20FF        5     4000       0
                stringtext14                       20F5     20F5        A     4000       0
                stringtext13                       20E8     20E8        D     4000       0
                stringtext12                       20DA     20DA        E     4000       0
                stringtext11                       20A9     20A9       13     4000       0
                stringtext10                       2095     2095       14     4000       0
                stringtext9                        18CF     18CF       2F     3000       0
                stringtext8                        20CC     20CC        E     4000       0
                stringtext7                        2052     2052       23     4000       0
                stringtext6                        202A     202A       28     4000       0
                stringtext5                        1800     1800       70     3000       0
                stringtext4                        20BC     20BC       10     4000       0
                stringtext3                        2075     2075       20     4000       0
                stringtext2                        2000     2000       2A     4000       0
                stringtext1                        1870     1870       5F     3000       0
                idataBANK4                         12A8     12A8       4D     2550       0
                idataBANK3                         102E     102E       2F     205C       0
                idataBANK2                         1E1B     1E1B       20     3C36       0

TOTAL           Name                               Link     Load   Length     Space
        CLASS   STACK          

        CLASS   CODE           
                end_init                             25       25        2         0
                cinit                                27       27       48         0
                intentry                              4        4       21         0
                reset_vec                             0        0        2         0
                text122                            1A42     1A42        3         0
                text121                            1A45     1A45        3         0
                text120                            1AEF     1AEF        C         0
                text119                            1F33     1F33       28         0
                text118                            1AFB     1AFB        C         0
                text117                            1BC0     1BC0       15         0
                text116                            1BD5     1BD5       15         0
                text115                            1BEA     1BEA       15         0
                text114                            1BFF     1BFF       15         0
                text113                            1C14     1C14       15         0
                text112                            1D1F     1D1F       1A         0
                text111                            1C29     1C29       15         0
                text110                            1C3E     1C3E       15         0
                text109                            1C53     1C53       15         0
                text108                            1D39     1D39       1A         0
                text107                            1000     1000        2         0
                text106                             800      800        2         0
                text105                            1A48     1A48        3         0
                text104                            1A66     1A66        4         0
                text103                            1A4B     1A4B        3         0
                text102                            1A6A     1A6A        4         0
                text101                            1A8E     1A8E        5         0
                text100                            1A9D     1A9D        6         0
                text99                             1A4E     1A4E        3         0
                text98                             1002     1002       2C         0
                text97                             1A93     1A93        5         0
                text96                             1ABC     1ABC        8         0
                text95                             1AB5     1AB5        7         0
                text94                             1346     1346       52         0
                text93                             10F5     10F5       42         0
                text92                             1AA3     1AA3        6         0
                text91                             1A6E     1A6E        4         0
                text90                             1A72     1A72        4         0
                text89                             1A76     1A76        4         0
                text88                             1A7A     1A7A        4         0
                text87                             1A7E     1A7E        4         0
                text86                             1A82     1A82        4         0
                text85                             1A86     1A86        4         0
                text84                             1A98     1A98        5         0
                text83                             1FD5     1FD5       2B         0
                text82                             1A51     1A51        3         0
                text81                             1FAB     1FAB       2A         0
                text80                             1A54     1A54        3         0
                text79                             1C92     1C92       16         0
                text78                             11C6     11C6       4A         0
                text77                              87C      87C       BE         0
                text76                             1B63     1B63        F         0
                text75                             1B84     1B84       14         0
                text73                             1B39     1B39        E         0
                text72                             1E3B     1E3B       21         0
                text71                             1ADC     1ADC        9         0
                text70                             1AE5     1AE5        A         0
                text69                             10C1     10C1       34         0
                text68                             1AC4     1AC4        8         0
                text67                             1ACC     1ACC        8         0
                text66                             1D6D     1D6D       1B         0
                text65                             1A8A     1A8A        4         0
                text64                             1B72     1B72       12         0
                text63                                2        2        2         0
                text62                             1A57     1A57        3         0
                text61                             1A5A     1A5A        3         0
                text60                             1A5D     1A5D        3         0
                text59                             1DA3     1DA3       1D         0
                text58                             1A60     1A60        3         0
                text57                             1D53     1D53       1A         0
                text56                              7FC      7FC        4         0
                text55                             1A63     1A63        3         0
                text54                             1B47     1B47        E         0
                text53                             1AD4     1AD4        8         0
                text52                             117E     117E       48         0
                text51                             1F5B     1F5B       28         0
                text50                             1B07     1B07        C         0
                text49                             1C68     1C68       15         0
                text48                             1B13     1B13        C         0
                text47                             1137     1137       47         0
                text46                             1570     1570       96         0
                text45                             1EC4     1EC4       25         0
                text44                             13ED     13ED       56         0
                text43                             1B1F     1B1F        D         0
                text42                             1B2C     1B2C        D         0
                text41                             1F83     1F83       28         0
                text40                             1443     1443       56         0
                text39                             1B55     1B55        E         0
                text38                             1EE9     1EE9       25         0
                text37                             1744     1744       BC         0
                text36                             1B98     1B98       14         0
                text35                             1499     1499       69         0
                text34                             1DFB     1DFB       20         0
                text33                             1398     1398       55         0
                text32                             1C7D     1C7D       15         0
                text31                             108E     108E       33         0
                text30                             1D88     1D88       1B         0
                text29                             1CBF     1CBF       18         0
                text28                             1DC0     1DC0       1D         0
                text27                             1606     1606       9F         0
                text26                              ADA      ADA       F6         0
                text25                              9FC      9FC       DE         0
                text24                             1CD7     1CD7       18         0
                text23                             1A41     1A41        1         0
                text22                             1210     1210       4C         0
                text21                             1F0E     1F0E       25         0
                text20                             1CA8     1CA8       17         0
                text19                             125C     125C       4C         0
                text18                              BD0      BD0      14A         0
                text17                              93A      93A       C2         0
                text16                             1DDD     1DDD       1E         0
                text15                             1CEF     1CEF       18         0
                text14                             1D07     1D07       18         0
                text13                             1E5C     1E5C       21         0
                text12                              D1A      D1A      153         0
                text11                              494      494      255         0
                text10                             105D     105D       31         0
                text9                              1E7D     1E7D       23         0
                text8                               E6D      E6D      193         0
                text7                              1502     1502       6E         0
                text6                              12F5     12F5       51         0
                text5                               802      802       7A         0
                text4                              1EA0     1EA0       24         0
                text3                              1BAC     1BAC       14         0
                text2                              16A5     16A5       9F         0
                text1                               6E9      6E9      113         0
                maintext                             6F       6F      425         0
                clrtext                            1AA9     1AA9        6         0
                inittext                           1AAF     1AAF        6         0
                idataBANK4                         12A8     12A8       4D         0
                idataBANK3                         102E     102E       2F         0
                idataBANK2                         1E1B     1E1B       20         0

        CLASS   STRCODE        
                stringtext25                       2128     2128        2         0
                stringtext24                       2124     2124        4         0
                stringtext23                       2120     2120        4         0
                stringtext22                       211C     211C        4         0
                stringtext21                       2118     2118        4         0
                stringtext20                       2114     2114        4         0
                stringtext19                       2110     2110        4         0
                stringtext18                       210C     210C        4         0
                stringtext17                       2108     2108        4         0
                stringtext16                       2104     2104        4         0
                stringtext15                       20FF     20FF        5         0
                stringtext14                       20F5     20F5        A         0
                stringtext13                       20E8     20E8        D         0
                stringtext12                       20DA     20DA        E         0
                stringtext11                       20A9     20A9       13         0
                stringtext10                       2095     2095       14         0
                stringtext9                        18CF     18CF       2F         0
                stringtext8                        20CC     20CC        E         0
                stringtext7                        2052     2052       23         0
                stringtext6                        202A     202A       28         0
                stringtext5                        1800     1800       70         0
                stringtext4                        20BC     20BC       10         0
                stringtext3                        2075     2075       20         0
                stringtext2                        2000     2000       2A         0
                stringtext1                        1870     1870       5F         0

        CLASS   STRING         

        CLASS   CONST          

        CLASS   ENTRY          

        CLASS   COMMON         
                cstackCOMMON                         70       70        D         1
                bssCOMMON                            7D       7D        1         1

        CLASS   BANK0          
                cstackBANK0                          20       20       4A         1
                bssBANK0                             6A       6A        3         1

        CLASS   BANK1          
                cstackBANK1                          A0       A0       46         1
                bssBANK1                             E6       E6        4         1

        CLASS   BANK2          
                cstackBANK2                         168      168        7         1
                dataBANK2                           148      148       20         1
                bssBANK2                            120      120       28         1

        CLASS   BANK3          
                dataBANK3                           1A0      1A0       2F         1
                bssBANK3                            1CF      1CF       20         1

        CLASS   BANK4          
                dataBANK4                           220      220       4D         1

        CLASS   BANK5          
                bssBANK5                            2A0      2A0       49         1

        CLASS   BANK6          
                cstackBANK6                         320      320        9         1

        CLASS   BANK7          

        CLASS   BANK8          

        CLASS   BANK9          

        CLASS   BANK10         

        CLASS   BANK11         

        CLASS   BANK12         

        CLASS   BANK13         

        CLASS   BANK14         

        CLASS   BANK15         

        CLASS   BANK16         

        CLASS   BANK17         

        CLASS   BANK18         

        CLASS   BANK19         

        CLASS   BANK20         

        CLASS   BANK21         

        CLASS   BANK22         

        CLASS   BANK23         

        CLASS   BANK24         

        CLASS   BANK25         

        CLASS   BIGRAM         

        CLASS   RAM            

        CLASS   ABS1           
                abs_s1                               7E       7E        2         1

        CLASS   SFR0           

        CLASS   SFR1           

        CLASS   SFR2           

        CLASS   SFR3           

        CLASS   SFR4           

        CLASS   SFR5           

        CLASS   SFR6           

        CLASS   SFR7           

        CLASS   SFR8           

        CLASS   SFR9           

        CLASS   SFR10          

        CLASS   SFR11          

        CLASS   SFR12          

        CLASS   SFR13          

        CLASS   SFR14          

        CLASS   SFR15          

        CLASS   SFR16          

        CLASS   SFR17          

        CLASS   SFR18          

        CLASS   SFR19          

        CLASS   SFR20          

        CLASS   SFR21          

        CLASS   SFR22          

        CLASS   SFR23          

        CLASS   SFR24          

        CLASS   SFR25          

        CLASS   SFR26          

        CLASS   SFR27          

        CLASS   SFR28          

        CLASS   SFR29          

        CLASS   SFR30          

        CLASS   SFR31          

        CLASS   CONFIG         
                config                             8007     8007        4         4

        CLASS   IDLOC          

        CLASS   EEDATA         

        CLASS   BANK31         

        CLASS   BANK30         

        CLASS   BANK29         

        CLASS   BANK28         

        CLASS   BANK27         

        CLASS   BANK26         



SEGMENTS        Name                           Load    Length   Top    Selector   Space  Class     Delta

                text24                         001CD7  000018  001CEF      39AE       0  CODE        2
                text15                         001CEF  000018  001D07      39DE       0  CODE        2
                text14                         001D07  000018  001D1F      3A0E       0  CODE        2
                text79                         001C92  000016  001CA8      3924       0  CODE        2
                text20                         001CA8  000017  001CBF      3950       0  CODE        2
                text29                         001CBF  000018  001CD7      397E       0  CODE        2
                text66                         001D6D  00001B  001D88      3ADA       0  CODE        2
                text30                         001D88  00001B  001DA3      3B10       0  CODE        2
                text59                         001DA3  00001D  001DC0      3B46       0  CODE        2
                text112                        001D1F  00001A  001D39      3A3E       0  CODE        2
                text108                        001D39  00001A  001D53      3A72       0  CODE        2
                text57                         001D53  00001A  001D6D      3AA6       0  CODE        2
                text116                        001BD5  000015  001BEA      37AA       0  CODE        2
                text115                        001BEA  000015  001BFF      37D4       0  CODE        2
                text114                        001BFF  000015  001C14      37FE       0  CODE        2
                text36                         001B98  000014  001BAC      3730       0  CODE        2
                text3                          001BAC  000014  001BC0      3758       0  CODE        2
                text117                        001BC0  000015  001BD5      3780       0  CODE        2
                text109                        001C53  000015  001C68      38A6       0  CODE        2
                text49                         001C68  000015  001C7D      38D0       0  CODE        2
                text32                         001C7D  000015  001C92      38FA       0  CODE        2
                text113                        001C14  000015  001C29      3828       0  CODE        2
                text111                        001C29  000015  001C3E      3852       0  CODE        2
                text110                        001C3E  000015  001C53      387C       0  CODE        2
                text28                         001DC0  00001D  001DDD      3B80       0  CODE        2
                text83                         001FD5  00002B  002000      3FAA       0  CODE        2
                text98                         001002  00002C  00102E      2004       0  CODE        2
                idataBANK3                     00102E  00002F  00105D      205C       0  CODE        2
                text41                         001F83  000028  001FAB      3F06       0  CODE        2
                text81                         001FAB  00002A  001FD5      3F56       0  CODE        2
                stringtext2                    002000  00012A  00212A      4000       0  STRCODE     2
                text93                         0010F5  000042  001137      21EA       0  CODE        2
                text47                         001137  000047  00117E      226E       0  CODE        2
                text52                         00117E  000048  0011C6      22FC       0  CODE        2
                text10                         00105D  000031  00108E      20BA       0  CODE        2
                text31                         00108E  000033  0010C1      211C       0  CODE        2
                text69                         0010C1  000034  0010F5      2182       0  CODE        2
                text72                         001E3B  000021  001E5C      3C76       0  CODE        2
                text13                         001E5C  000021  001E7D      3CB8       0  CODE        2
                text9                          001E7D  000023  001EA0      3CFA       0  CODE        2
                text16                         001DDD  00001E  001DFB      3BBA       0  CODE        2
                text34                         001DFB  000020  001E1B      3BF6       0  CODE        2
                idataBANK2                     001E1B  000020  001E3B      3C36       0  CODE        2
                text21                         001F0E  000025  001F33      3E1C       0  CODE        2
                text119                        001F33  000028  001F5B      3E66       0  CODE        2
                text51                         001F5B  000028  001F83      3EB6       0  CODE        2
                text4                          001EA0  000024  001EC4      3D40       0  CODE        2
                text45                         001EC4  000025  001EE9      3D88       0  CODE        2
                text38                         001EE9  000025  001F0E      3DD2       0  CODE        2
                text75                         001B84  000014  001B98      3708       0  CODE        2
                text102                        001A6A  000004  001A6E      34D4       0  CODE        2
                text91                         001A6E  000004  001A72      34DC       0  CODE        2
                text90                         001A72  000004  001A76      34E4       0  CODE        2
                text58                         001A60  000003  001A63      34C0       0  CODE        2
                text55                         001A63  000003  001A66      34C6       0  CODE        2
                text104                        001A66  000004  001A6A      34CC       0  CODE        2
                text86                         001A82  000004  001A86      3504       0  CODE        2
                text85                         001A86  000004  001A8A      350C       0  CODE        2
                text65                         001A8A  000004  001A8E      3514       0  CODE        2
                text89                         001A76  000004  001A7A      34EC       0  CODE        2
                text88                         001A7A  000004  001A7E      34F4       0  CODE        2
                text87                         001A7E  000004  001A82      34FC       0  CODE        2
                text121                        001A45  000003  001A48      348A       0  CODE        2
                text105                        001A48  000003  001A4B      3490       0  CODE        2
                text103                        001A4B  000003  001A4E      3496       0  CODE        2
                text23                         001A41  000001  001A42      3482       0  CODE        2
                text122                        001A42  000003  001A45      3484       0  CODE        2
                text62                         001A57  000003  001A5A      34AE       0  CODE        2
                text61                         001A5A  000003  001A5D      34B4       0  CODE        2
                text60                         001A5D  000003  001A60      34BA       0  CODE        2
                text99                         001A4E  000003  001A51      349C       0  CODE        2
                text82                         001A51  000003  001A54      34A2       0  CODE        2
                text80                         001A54  000003  001A57      34A8       0  CODE        2
                text101                        001A8E  000005  001A93      351C       0  CODE        2
                text50                         001B07  00000C  001B13      360E       0  CODE        2
                text48                         001B13  00000C  001B1F      3626       0  CODE        2
                text43                         001B1F  00000D  001B2C      363E       0  CODE        2
                text70                         001AE5  00000A  001AEF      35CA       0  CODE        2
                text120                        001AEF  00000C  001AFB      35DE       0  CODE        2
                text118                        001AFB  00000C  001B07      35F6       0  CODE        2
                text39                         001B55  00000E  001B63      36AA       0  CODE        2
                text76                         001B63  00000F  001B72      36C6       0  CODE        2
                text64                         001B72  000012  001B84      36E4       0  CODE        2
                text42                         001B2C  00000D  001B39      3658       0  CODE        2
                text73                         001B39  00000E  001B47      3672       0  CODE        2
                text54                         001B47  00000E  001B55      368E       0  CODE        2
                text92                         001AA3  000006  001AA9      3546       0  CODE        2
                clrtext                        001AA9  000006  001AAF      3552       0  CODE        2
                inittext                       001AAF  000006  001AB5      355E       0  CODE        2
                text97                         001A93  000005  001A98      3526       0  CODE        2
                text84                         001A98  000005  001A9D      3530       0  CODE        2
                text100                        001A9D  000006  001AA3      353A       0  CODE        2
                text67                         001ACC  000008  001AD4      3598       0  CODE        2
                text53                         001AD4  000008  001ADC      35A8       0  CODE        2
                text71                         001ADC  000009  001AE5      35B8       0  CODE        2
                text95                         001AB5  000007  001ABC      356A       0  CODE        2
                text96                         001ABC  000008  001AC4      3578       0  CODE        2
                text68                         001AC4  000008  001ACC      3588       0  CODE        2
                text78                         0011C6  00004A  001210      238C       0  CODE        2
                cstackBANK1                    0000A0  00004A  0000EA        A0       1  BANK1       1
                bssBANK5                       0002A0  000049  0002E9       2A0       1  BANK5       1
                reset_vec                      000000  000004  000004         0       0  CODE        2
                dataBANK3                      0001A0  00004F  0001EF       1A0       1  BANK3       1
                cstackBANK0                    000020  00004D  00006D        20       1  BANK0       1
                dataBANK4                      000220  00004D  00026D       220       1  BANK4       1
                cstackBANK6                    000320  000009  000329       320       1  BANK6       1
                bssBANK2                       000120  00004F  00016F       120       1  BANK2       1
                intentry                       000004  0007FE  000802         8       0  CODE        2
                cstackCOMMON                   000070  00000E  00007E        70       1  COMMON      1
                text40                         001443  000056  001499      2886       0  CODE        2
                text44                         0013ED  000056  001443      27DA       0  CODE        2
                text35                         001499  000069  001502      2932       0  CODE        2
                text33                         001398  000055  0013ED      2730       0  CODE        2
                text7                          001502  00006E  001570      2A04       0  CODE        2
                text94                         001346  000052  001398      268C       0  CODE        2
                text6                          0012F5  000051  001346      25EA       0  CODE        2
                stringtext5                    001800  0000FE  0018FE      3000       0  STRCODE     2
                text5                          000802  00007A  00087C      1004       0  CODE        2
                idataBANK4                     0012A8  00004D  0012F5      2550       0  CODE        2
                text19                         00125C  00004C  0012A8      24B8       0  CODE        2
                text22                         001210  00004C  00125C      2420       0  CODE        2
                text46                         001570  000096  001606      2AE0       0  CODE        2
                text12                         000D1A  000153  000E6D      1A34       0  CODE        2
                text18                         000BD0  00014A  000D1A      17A0       0  CODE        2
                text26                         000ADA  0000F6  000BD0      15B4       0  CODE        2
                text8                          000E6D  000195  001002      1CDA       0  CODE        2
                text37                         001744  0000BC  001800      2E88       0  CODE        2
                text2                          0016A5  00009F  001744      2D4A       0  CODE        2
                text27                         001606  00009F  0016A5      2C0C       0  CODE        2
                text25                         0009FC  0000DE  000ADA      13F8       0  CODE        2
                text17                         00093A  0000C2  0009FC      1274       0  CODE        2
                text77                         00087C  0000BE  00093A      10F8       0  CODE        2


UNUSED ADDRESS RANGES

        Name                Unused          Largest block    Delta
        BANK0            0006D-0006F               3           1
        BANK1            000EA-000EF               6           1
        BANK10           00520-0056F              50           1
        BANK11           005A0-005EF              50           1
        BANK12           00620-0066F              50           1
        BANK13           006A0-006EF              50           1
        BANK14           00720-0076F              50           1
        BANK15           007A0-007EF              50           1
        BANK16           00820-0086F              50           1
        BANK17           008A0-008EF              50           1
        BANK18           00920-0096F              50           1
        BANK19           009A0-009EF              50           1
        BANK2            0016F-0016F               1           1
        BANK20           00A20-00A6F              50           1
        BANK21           00AA0-00AEF              50           1
        BANK22           00B20-00B6F              50           1
        BANK23           00BA0-00BEF              50           1
        BANK24           00C20-00C6F              50           1
        BANK25           00CA0-00CBF              20           1
        BANK3            001EF-001EF               1           1
        BANK4            0026D-0026F               3           1
        BANK5            002E9-002EF               7           1
        BANK6            00329-0036F              47           1
        BANK7            003A0-003EF              50           1
        BANK8            00420-0046F              50           1
        BANK9            004A0-004EF              50           1
        BIGRAM           02000-027EF             7F0           1
        CODE             018FE-01A40             143           2
                         0212A-03FFF             800
        CONST            018FE-01A40             100           2
                         0212A-03FFF             100
        EEDATA           0F000-0F0FF             100           2
        ENTRY            018FE-01A40             100           2
                         0212A-03FFF             100
        IDLOC            08000-08003               4           2
        RAM              0006D-0006F               3           1
                         000EA-000EF               6
                         0016F-0016F               1
                         001EF-001EF               1
                         0026D-0026F               3
                         002E9-002EF               7
                         00329-0036F              47
                         003A0-003EF              50
                         00420-0046F              50
                         004A0-004EF              50
                         00520-0056F              50
                         005A0-005EF              50
                         00620-0066F              50
                         006A0-006EF              50
                         00720-0076F              50
                         007A0-007EF              50
                         00820-0086F              50
                         008A0-008EF              50
                         00920-0096F              50
                         009A0-009EF              50
                         00A20-00A6F              50
                         00AA0-00AEF              50
                         00B20-00B6F              50
                         00BA0-00BEF              50
                         00C20-00C6F              50
                         00CA0-00CBF              20
        SFR0             00000-0001F              20           1
        SFR1             00080-0009F              20           1
        SFR10            00500-0051F              20           1
        SFR11            00580-0059F              20           1
        SFR12            00600-0061F              20           1
        SFR13            00680-0069F              20           1
        SFR14            00700-0071F              20           1
        SFR15            00780-0079F              20           1
        SFR16            00800-0081F              20           1
        SFR17            00880-0089F              20           1
        SFR18            00900-0091F              20           1
        SFR19            00980-0099F              20           1
        SFR2             00100-0011F              20           1
        SFR20            00A00-00A1F              20           1
        SFR21            00A80-00A9F              20           1
        SFR22            00B00-00B1F              20           1
        SFR23            00B80-00B9F              20           1
        SFR24            00C00-00C1F              20           1
        SFR25            00C80-00C9F              20           1
        SFR26            00D00-00D6F              70           1
        SFR27            00D80-00DEF              70           1
        SFR28            00E00-00E6F              70           1
        SFR29            00E80-00EEF              70           1
        SFR3             00180-0019F              20           1
        SFR30            00F00-00F6F              70           1
        SFR31            00F80-00FEF              70           1
        SFR4             00200-0021F              20           1
        SFR5             00280-0029F              20           1
        SFR6             00300-0031F              20           1
        SFR7             00380-0039F              20           1
        SFR8             00400-0041F              20           1
        SFR9             00480-0049F              20           1
        STACK            021E9-027EF             607           1
        STRCODE          018FE-01A40             143           2
                         0212A-03FFF            1ED6
        STRING           018FE-01A40             100           2
                         0212A-03FFF             100

                                  Symbol Table

?___aodiv                                                  cstackBANK0  00023
?___aomod                                                  cstackBANK0  00023
?___awdiv                                                  cstackBANK0  00023
?___wmul                                                   cstackBANK0  00029
?_abs                                                      cstackBANK0  00036
?_atoi                                                     cstackBANK0  0002F
?_dtoa                                                     cstackBANK0  0003E
?_isalpha                                                  cstackBANK0  00023
?_isdigit                                                  cstackBANK0  00023
?_islower                                                  cstackBANK0  00023
?_isspace                                                  cstackBANK0  00023
?_isupper                                                  cstackBANK0  00023
?_pad                                                      cstackBANK0  00033
?_sprintf                                                  cstackBANK1  000C0
?_stoa                                                     cstackBANK0  0002B
?_strlen                                                   cstackBANK0  00023
?_toupper                                                  cstackBANK0  00029
?_vfpfcnvrt                                                cstackBANK0  00062
?_vfprintf                                                 cstackBANK1  000B8
?_xtoa                                                     cstackBANK0  0003C
DATAEE_ReadByte@bAdd                                       cstackBANK0  00023
DATAEE_WriteByte@GIEBitValue                               cstackBANK0  0002C
DATAEE_WriteByte@bAdd                                      cstackBANK0  00029
DATAEE_WriteByte@bData                                     cstackBANK0  0002B
DELAY_milliseconds@milliseconds                            cstackBANK0  00023
I2C1_CallbackReturnReset@funPtr                            cstackCOMMON 00079
I2C1_Close@returnValue                                     cstackBANK0  00024
I2C1_MasterOperation@read                                  cstackBANK0  00024
I2C1_MasterOperation@returnValue                           cstackBANK0  00025
I2C1_MasterSendTxData@data                                 cstackCOMMON 00070
I2C1_Open@address                                          cstackBANK0  00026
I2C1_Open@returnValue                                      cstackBANK0  00027
I2C1_SetAddressNackCallback@cb                             cstackBANK0  00028
I2C1_SetAddressNackCallback@ptr                            cstackBANK0  0002A
I2C1_SetBuffer@buffer                                      cstackBANK0  00023
I2C1_SetBuffer@bufferSize                                  cstackBANK0  00025
I2C1_SetCallback@cb                                        cstackBANK0  00023
I2C1_SetCallback@idx                                       cstackBANK0  00027
I2C1_SetCallback@ptr                                       cstackBANK0  00025
I2C1_SetDataCompleteCallback@cb                            cstackBANK0  00028
I2C1_SetDataCompleteCallback@ptr                           cstackBANK0  0002A
I2C1_SetInterruptHandler@InterruptHandler                  cstackBANK0  00023
I2C1_WriteNBytes@address                                   cstackBANK0  0002F
I2C1_WriteNBytes@data                                      cstackBANK0  0002C
I2C1_WriteNBytes@len                                       cstackBANK0  0002D
TMR1_DefaultInterruptHandler@RE_offset                     bssCOMMON    0007D
TMR1_DefaultInterruptHandler@intcnt                        bssBANK2     00140
TMR1_DefaultInterruptHandler@led_blink                     bssBANK2     00120
TMR1_DefaultInterruptHandler@pushcnt                       bssBANK2     0012C
TMR1_DefaultInterruptHandler@pushstat                      bssBANK2     0013F
TMR1_SetInterruptHandler@InterruptHandler                  cstackBANK0  00023
TMR1_WriteTimer@timerVal                                   cstackCOMMON 00070
_ADC_96K                                                   dataBANK3    001BD
_ADC_ATTL_3dB                                              dataBANK3    001C7
_ADC_ATTR_3dB                                              dataBANK3    001C5
_ADC_DC                                                    dataBANK3    001BF
_ANSELA                                                    (abs)        0018C
_ANSELB                                                    (abs)        0018D
_ANSELC                                                    (abs)        0018E
_AUXSRC_ADC                                                dataBANK2    00156
_AUXSRC_AUTO                                               dataBANK2    0015A
_AUXSRC_DIR                                                dataBANK2    00158
_AUXSRC_LVDS                                               dataBANK3    001CD
_CALC_MOUT                                                 dataBANK3    001C9
_DATAEE_ReadByte                                           text73       01B39
_DATAEE_WriteByte                                          text72       01E3B
_DELAY_milliseconds                                        text36       01B98
_DIR_COAX                                                  dataBANK3    001CB
_DIR_OPT                                                   dataBANK2    00154
_DIT_ADC                                                   dataBANK2    00150
_DIT_DIR                                                   dataBANK2    00152
_DIT_I2S                                                   dataBANK3    001C1
_DIT_LVDS                                                  dataBANK3    001C3
_I2C1_CallbackReturnReset                                  text106      00800
_I2C1_CallbackReturnStop                                   text107      01000
_I2C1_Close                                                text59       01DA3
_I2C1_DO_ADDRESS_NACK                                      text83       01FD5
_I2C1_DO_IDLE                                              text97       01A93
_I2C1_DO_RCEN                                              text92       01AA3
_I2C1_DO_RESET                                             text84       01A98
_I2C1_DO_RX                                                text93       010F5
_I2C1_DO_RX_ACK                                            text87       01A7E
_I2C1_DO_RX_NACK_RESTART                                   text85       01A86
_I2C1_DO_RX_NACK_STOP                                      text86       01A82
_I2C1_DO_SEND_ADR_READ                                     text96       01ABC
_I2C1_DO_SEND_ADR_WRITE                                    text95       01AB5
_I2C1_DO_SEND_RESTART                                      text89       01A76
_I2C1_DO_SEND_RESTART_READ                                 text91       01A6E
_I2C1_DO_SEND_RESTART_WRITE                                text90       01A72
_I2C1_DO_SEND_STOP                                         text88       01A7A
_I2C1_DO_TX                                                text94       01346
_I2C1_DO_TX_EMPTY                                          text98       01002
_I2C1_Initialize                                           text71       01ADC
_I2C1_MasterClearIrq                                       text62       01A57
_I2C1_MasterClose                                          text61       01A5A
_I2C1_MasterDisableIrq                                     text60       01A5D
_I2C1_MasterEnableIrq                                      text55       01A63
_I2C1_MasterEnableRestart                                  text122      01A42
_I2C1_MasterFsm                                            text81       01FAB
_I2C1_MasterGetRxData                                      text103      01A4B
_I2C1_MasterIsNack                                         text100      01A9D
_I2C1_MasterIsr                                            text80       01A54
_I2C1_MasterOpen                                           text54       01B47
_I2C1_MasterOperation                                      text57       01D53
_I2C1_MasterSendAck                                        text102      01A6A
_I2C1_MasterSendNack                                       text104      01A66
_I2C1_MasterSendTxData                                     text101      01A8E
_I2C1_MasterSetIrq                                         text99       01A4E
_I2C1_MasterStart                                          text58       01A60
_I2C1_MasterStartRx                                        text105      01A48
_I2C1_MasterStop                                           text121      01A45
_I2C1_MasterWrite                                          text56       007FC
_I2C1_Open                                                 text52       0117E
_I2C1_SetAddressNackCallback                               text50       01B07
_I2C1_SetBuffer                                            text49       01C68
_I2C1_SetCallback                                          text51       01F5B
_I2C1_SetDataCompleteCallback                              text48       01B13
_I2C1_SetInterruptHandler                                  text53       01AD4
_I2C1_Status                                               bssBANK3     001CF
_I2C1_WriteNBytes                                          text45       01EC4
_I2S_IN                                                    dataBANK2    00164
_I2S_OUT                                                   dataBANK2    00166
_INIT9211_20                                               dataBANK3    001BB
_INIT9211_26                                               dataBANK3    001B5
_INIT9211_27                                               dataBANK3    001B3
_INIT9211_2B                                               dataBANK3    001B7
_INIT9211_2E                                               dataBANK3    001B9
_INIT9211_31                                               dataBANK3    001B1
_INLVLA                                                    (abs)        0038C
_INLVLB                                                    (abs)        0038D
_INLVLC                                                    (abs)        0038E
_INTCONbits                                                (abs)        0000B
_INTERRUPT_InterruptManager                                intentry     00004
_LATA                                                      (abs)        0010C
_LATAbits                                                  (abs)        0010C
_LATB                                                      (abs)        0010D
_LATBbits                                                  (abs)        0010D
_LATC                                                      (abs)        0010E
_MSSP1_InterruptHandler                                    bssBANK2     00132
_NVMADRH                                                   (abs)        00892
_NVMADRL                                                   (abs)        00891
_NVMCON1bits                                               (abs)        00895
_NVMCON2                                                   (abs)        00896
_NVMDATL                                                   (abs)        00893
_ODCONA                                                    (abs)        0028C
_ODCONB                                                    (abs)        0028D
_ODCONC                                                    (abs)        0028E
_OSCCON1                                                   (abs)        00919
_OSCCON3                                                   (abs)        0091B
_OSCEN                                                     (abs)        0091D
_OSCFRQ                                                    (abs)        0091F
_OSCILLATOR_Initialize                                     text70       01AE5
_OSCTUNE                                                   (abs)        0091E
_PIE1bits                                                  (abs)        00091
_PIN_MANAGER_Initialize                                    text69       010C1
_PIR1bits                                                  (abs)        00011
_PLLR                                                      (abs)        048E0
_PMD0                                                      (abs)        00911
_PMD1                                                      (abs)        00912
_PMD2                                                      (abs)        00913
_PMD3                                                      (abs)        00914
_PMD4                                                      (abs)        00915
_PMD5                                                      (abs)        00916
_PMD_Initialize                                            text68       01AC4
_PORTAbits                                                 (abs)        0000C
_PORTC                                                     (abs)        0000E
_RB4PPS                                                    (abs)        00E9C
_RB6PPS                                                    (abs)        00E9E
_RE_pos                                                    bssBANK1     000E9
_SLRCONA                                                   (abs)        0030C
_SLRCONB                                                   (abs)        0030D
_SLRCONC                                                   (abs)        0030E
_SRC_ADC                                                   dataBANK2    00160
_SRC_DIR                                                   dataBANK2    00162
_SRC_I2S                                                   dataBANK2    0015C
_SRC_LVDS                                                  dataBANK2    0015E
_SSP1ADD                                                   (abs)        00212
_SSP1BUF                                                   (abs)        00211
_SSP1CLKPPS                                                (abs)        00E20
_SSP1CON1                                                  (abs)        00215
_SSP1CON1bits                                              (abs)        00215
_SSP1CON2                                                  (abs)        00216
_SSP1CON2bits                                              (abs)        00216
_SSP1CON3                                                  (abs)        00217
_SSP1DATPPS                                                (abs)        00E21
_SSP1STAT                                                  (abs)        00214
_SYSTEM_Initialize                                         text64       01B72
_T1CON                                                     (abs)        0001B
_T1CONbits                                                 (abs)        0001B
_T1GCON                                                    (abs)        0001C
_TAS_AC                                                    dataBANK3    001AB
_TAS_CHK_RAILS                                             dataBANK3    001A3
_TAS_CLEAR_FALT                                            dataBANK2    0014A
_TAS_DCDIAG_CLEAR                                          dataBANK3    001AD
_TAS_FS44K                                                 dataBANK3    001A9
_TAS_FS48K                                                 dataBANK3    001A7
_TAS_FS96K                                                 dataBANK2    0014E
_TAS_MUTE                                                  dataBANK3    001A5
_TAS_NORMAL                                                dataBANK2    00148
_TAS_PLAY                                                  dataBANK2    0014C
_TAS_RESET                                                 dataBANK3    001AF
_TAS_RUN                                                   bssBANK3     001ED
_TMR1H                                                     (abs)        0001A
_TMR1L                                                     (abs)        00019
_TMR1_DefaultInterruptHandler                              text77       0087C
_TMR1_ISR                                                  text75       01B84
_TMR1_Initialize                                           text66       01D6D
_TMR1_InterruptHandler                                     bssBANK2     0012E
_TMR1_SetInterruptHandler                                  text67       01ACC
_TMR1_StartTimer                                           text63       00002
_TMR1_WriteTimer                                           text76       01B63
_TRISA                                                     (abs)        0008C
_TRISB                                                     (abs)        0008D
_TRISC                                                     (abs)        0008E
_WDTCON                                                    (abs)        00097
_WDT_Initialize                                            text65       01A8A
_WPUA                                                      (abs)        0020C
_WPUB                                                      (abs)        0020D
_WPUC                                                      (abs)        0020E
__Habs1                                                    abs1         00000
__Hbank0                                                   bank0        00000
__Hbank1                                                   bank1        00000
__Hbank10                                                  bank10       00000
__Hbank11                                                  bank11       00000
__Hbank12                                                  bank12       00000
__Hbank13                                                  bank13       00000
__Hbank14                                                  bank14       00000
__Hbank15                                                  bank15       00000
__Hbank16                                                  bank16       00000
__Hbank17                                                  bank17       00000
__Hbank18                                                  bank18       00000
__Hbank19                                                  bank19       00000
__Hbank2                                                   bank2        00000
__Hbank20                                                  bank20       00000
__Hbank21                                                  bank21       00000
__Hbank22                                                  bank22       00000
__Hbank23                                                  bank23       00000
__Hbank24                                                  bank24       00000
__Hbank25                                                  bank25       00000
__Hbank26                                                  bank26       00000
__Hbank27                                                  bank27       00000
__Hbank28                                                  bank28       00000
__Hbank29                                                  bank29       00000
__Hbank3                                                   bank3        00000
__Hbank30                                                  bank30       00000
__Hbank31                                                  bank31       00000
__Hbank4                                                   bank4        00000
__Hbank5                                                   bank5        00000
__Hbank6                                                   bank6        00000
__Hbank7                                                   bank7        00000
__Hbank8                                                   bank8        00000
__Hbank9                                                   bank9        00000
__Hbigram                                                  bigram       00000
__HbssBANK0                                                bssBANK0     00000
__HbssBANK1                                                bssBANK1     00000
__HbssBANK2                                                bssBANK2     00000
__HbssBANK3                                                bssBANK3     00000
__HbssBANK5                                                bssBANK5     00000
__HbssCOMMON                                               bssCOMMON    00000
__Hcinit                                                   cinit        0006F
__Hclrtext                                                 clrtext      00000
__Hcode                                                    code         00000
__Hcommon                                                  common       00000
__Hconfig                                                  config       0800B
__HcstackBANK0                                             cstackBANK0  00000
__HcstackBANK1                                             cstackBANK1  00000
__HcstackBANK2                                             cstackBANK2  00000
__HcstackBANK6                                             cstackBANK6  00000
__HcstackCOMMON                                            cstackCOMMON 00000
__HdataBANK2                                               dataBANK2    00000
__HdataBANK3                                               dataBANK3    00000
__HdataBANK4                                               dataBANK4    00000
__Heeprom_data                                             eeprom_data  00000
__Hend_init                                                end_init     00027
__Hfunctab                                                 functab      00000
__HidataBANK2                                              idataBANK2   00000
__HidataBANK3                                              idataBANK3   00000
__HidataBANK4                                              idataBANK4   00000
__Hinit                                                    init         00025
__Hinittext                                                inittext     00000
__Hintentry                                                intentry     00025
__Hmaintext                                                maintext     00000
__Hpowerup                                                 powerup      00000
__Hram                                                     ram          00000
__Hreset_vec                                               reset_vec    00002
__Hsfr0                                                    sfr0         00000
__Hsfr1                                                    sfr1         00000
__Hsfr10                                                   sfr10        00000
__Hsfr11                                                   sfr11        00000
__Hsfr12                                                   sfr12        00000
__Hsfr13                                                   sfr13        00000
__Hsfr14                                                   sfr14        00000
__Hsfr15                                                   sfr15        00000
__Hsfr16                                                   sfr16        00000
__Hsfr17                                                   sfr17        00000
__Hsfr18                                                   sfr18        00000
__Hsfr19                                                   sfr19        00000
__Hsfr2                                                    sfr2         00000
__Hsfr20                                                   sfr20        00000
__Hsfr21                                                   sfr21        00000
__Hsfr22                                                   sfr22        00000
__Hsfr23                                                   sfr23        00000
__Hsfr24                                                   sfr24        00000
__Hsfr25                                                   sfr25        00000
__Hsfr26                                                   sfr26        00000
__Hsfr27                                                   sfr27        00000
__Hsfr28                                                   sfr28        00000
__Hsfr29                                                   sfr29        00000
__Hsfr3                                                    sfr3         00000
__Hsfr30                                                   sfr30        00000
__Hsfr31                                                   sfr31        00000
__Hsfr4                                                    sfr4         00000
[...]
      Params:         3       0       0       0       0       0       0       0       0       0       0       0       0       0       0       0       0       0       0       0       0       0       0       0       0       0       0
      Locals:         1       0       0       0       0       0       0       0       0       0       0       0       0       0       0       0       0       0       0       0       0       0       0       0       0       0       0
      Temps:          1       0       0       0       0       0       0       0       0       0       0       0       0       0       0       0       0       0       0       0       0       0       0       0       0       0       0
      Totals:         5       0       0       0       0       0       0       0       0       0       0       0       0       0       0       0       0       0       0       0       0       0       0       0       0       0       0
Total ram usage:        5 bytes
 Hardware stack levels used:    1
 This function calls:
		Nothing
 This function is called by:
		i1_I2C1_SetDataCompleteCallback
 This function uses a non-reentrant model


 *************** function i1_I2C1_SetBuffer *****************
 Defined at:
		line 265 in file "mcc_generated_files/i2c1_master.c"
 Parameters:    Size  Location     Type
  buffer          2    0[COMMON] PTR void 
		 -> tasbuff(2), TAS_NORMAL(2), TAS_CLEAR_FALT(2), TAS_CHK_RAILS(2), 
		 -> TAS_PLAY(2), TAS_MUTE(2), TAS_FS96K(2), TAS_FS48K(2), 
		 -> TAS_FS44K(2), TAS_AC(2), TAS_DCDIAG_CLEAR(2), TAS_RUN(2), 
		 -> TAS_RESET(2), INIT9211_31(2), INIT9211_27(2), INIT9211_26(2), 
		 -> INIT9211_2B(2), INIT9211_2E(2), INIT9211_20(2), ADC_96K(2), 
		 -> ADC_DC(2), DIT_I2S(2), DIT_LVDS(2), DIT_ADC(2), 
		 -> DIT_DIR(2), ADC_ATTR_3dB(2), ADC_ATTL_3dB(2), CALC_MOUT(2), 
		 -> DIR_COAX(2), DIR_OPT(2), AUXSRC_LVDS(2), AUXSRC_ADC(2), 
		 -> AUXSRC_DIR(2), AUXSRC_AUTO(2), SRC_I2S(2), SRC_LVDS(2), 
		 -> SRC_ADC(2), SRC_DIR(2), I2S_IN(2), I2S_OUT(2), 
		 -> I2C1_ReadDataBlock@reg(1), I2C1_ReadDataBlock@bufferBlock(3), I2C1_Write2ByteRegister@reg(1), I2C1_Write2ByteRegister@data(2), 
		 -> I2C1_Write1ByteRegister@reg(1), I2C1_Write1ByteRegister@data(1), I2C1_Read2ByteRegister@reg(1), I2C1_Read2ByteRegister@returnValue(2), 
		 -> I2C1_Read1ByteRegister@reg(1), I2C1_Read1ByteRegister@returnValue(1), i2c_readDataBlock@reg(1), i2c_readDataBlock@d(3), 
		 -> i2c_write2ByteRegister@reg(1), i2c_write2ByteRegister@data(2), i2c_read2ByteRegister@reg(1), i2c_read2ByteRegister@result(2), 
		 -> i2c_read1ByteRegister@reg(1), i2c_read1ByteRegister@d2(1), i2c_write1ByteRegister@reg(1), i2c_write1ByteRegister@data(1), 
		 -> NULL(0), i2c_lcd_send_data@lowerdata_en(1), i2c_lcd_send_data@lowerdata(1), i2c_lcd_send_data@upperdata_en(1), 
		 -> i2c_lcd_send_data@upperdata(1), i2c_lcd_send_upper4bit@upperdata_en(1), i2c_lcd_send_upper4bit@upperdata(1), i2c_lcd_send_command@lowerdata_en(1), 
		 -> i2c_lcd_send_command@lowerdata(1), i2c_lcd_send_command@upperdata_en(1), i2c_lcd_send_command@upperdata(1), 
  bufferSize      2    2[COMMON] unsigned int 
 Auto vars:     Size  Location     Type
		None
 Return value:  Size  Location     Type
                  1    wreg      void 
 Registers used:
		wreg
 Tracked objects:
		On entry : 
		On exit  : 
		Unchanged: 
 Data sizes:     COMMON   BANK0   BANK1   BANK2   BANK3   BANK4   BANK5   BANK6   BANK7   BANK8   BANK9  BANK10  BANK11  BANK12  BANK13  BANK14  BANK15  BANK16  BANK17  BANK18  BANK19  BANK20  BANK21  BANK22  BANK23  BANK24  BANK25
      Params:         4       0       0       0       0       0       0       0       0       0       0       0       0       0       0       0       0       0       0       0       0       0       0       0       0       0       0
      Locals:         0       0       0       0       0       0       0       0       0       0       0       0       0       0       0       0       0       0       0       0       0       0       0       0       0       0       0
      Temps:          0       0       0       0       0       0       0       0       0       0       0       0       0       0       0       0       0       0       0       0       0       0       0       0       0       0       0
      Totals:         4       0       0       0       0       0       0       0       0       0       0       0       0       0       0       0       0       0       0       0       0       0       0       0       0       0       0
Total ram usage:        4 bytes
 Hardware stack levels used:    1
 This function calls:
		Nothing
 This function is called by:
		_wr1RegCompleteHandler
		_rd1RegCompleteHandler
		_rd2RegCompleteHandler
		_wr2RegCompleteHandler
		_rdBlkRegCompleteHandler
		_rd1RegCompleteHandler@i2c1_master_example$F195
		_rd2RegCompleteHandler@i2c1_master_example$F206
		_wr1RegCompleteHandler@i2c1_master_example$F212
		_wr2RegCompleteHandler@i2c1_master_example$F218
		_rdBlkRegCompleteHandler@i2c1_master_example$F229
 This function uses a non-reentrant model


 *************** function _I2C1_MasterStop *****************
 Defined at:
		line 596 in file "mcc_generated_files/i2c1_master.c"
 Parameters:    Size  Location     Type
		None
 Auto vars:     Size  Location     Type
		None
 Return value:  Size  Location     Type
                  1    wreg      void 
 Registers used:
		None
 Tracked objects:
		On entry : 
		On exit  : 
		Unchanged: 
 Data sizes:     COMMON   BANK0   BANK1   BANK2   BANK3   BANK4   BANK5   BANK6   BANK7   BANK8   BANK9  BANK10  BANK11  BANK12  BANK13  BANK14  BANK15  BANK16  BANK17  BANK18  BANK19  BANK20  BANK21  BANK22  BANK23  BANK24  BANK25
      Params:         0       0       0       0       0       0       0       0       0       0       0       0       0       0       0       0       0       0       0       0       0       0       0       0       0       0       0
      Locals:         0       0       0       0       0       0       0       0       0       0       0       0       0       0       0       0       0       0       0       0       0       0       0       0       0       0       0
      Temps:          0       0       0       0       0       0       0       0       0       0       0       0       0       0       0       0       0       0       0       0       0       0       0       0       0       0       0
      Totals:         0       0       0       0       0       0       0       0       0       0       0       0       0       0       0       0       0       0       0       0       0       0       0       0       0       0       0
Total ram usage:        0 bytes
 Hardware stack levels used:    1
 This function calls:
		Nothing
 This function is called by:
		_I2C1_DO_SEND_STOP
 This function uses a non-reentrant model


 *************** function _I2C1_MasterEnableRestart *****************
 Defined at:
		line 576 in file "mcc_generated_files/i2c1_master.c"
 Parameters:    Size  Location     Type
		None
 Auto vars:     Size  Location     Type
		None
 Return value:  Size  Location     Type
                  1    wreg      void 
 Registers used:
		None
 Tracked objects:
		On entry : 
		On exit  : 
		Unchanged: 
 Data sizes:     COMMON   BANK0   BANK1   BANK2   BANK3   BANK4   BANK5   BANK6   BANK7   BANK8   BANK9  BANK10  BANK11  BANK12  BANK13  BANK14  BANK15  BANK16  BANK17  BANK18  BANK19  BANK20  BANK21  BANK22  BANK23  BANK24  BANK25
      Params:         0       0       0       0       0       0       0       0       0       0       0       0       0       0       0       0       0       0       0       0       0       0       0       0       0       0       0
      Locals:         0       0       0       0       0       0       0       0       0       0       0       0       0       0       0       0       0       0       0       0       0       0       0       0       0       0       0
      Temps:          0       0       0       0       0       0       0       0       0       0       0       0       0       0       0       0       0       0       0       0       0       0       0       0       0       0       0
      Totals:         0       0       0       0       0       0       0       0       0       0       0       0       0       0       0       0       0       0       0       0       0       0       0       0       0       0       0
Total ram usage:        0 bytes
 Hardware stack levels used:    1
 This function calls:
		Nothing
 This function is called by:
		_I2C1_DO_SEND_RESTART_READ
		_I2C1_DO_SEND_RESTART_WRITE
		_I2C1_DO_SEND_RESTART
 This function uses a non-reentrant model



MODULE INFORMATION

Module		Function		Class		Link	Load	Size
mcc_generated_files/examples/i2c1_master_example.c
		_rdBlkRegCompleteHandler@i2c1_master_example$F229		CODE           	1D39	0000	26
		_rd1RegCompleteHandler@i2c1_master_example$F195		CODE           	1C29	0000	21
		_rd2RegCompleteHandler@i2c1_master_example$F206		CODE           	1C3E	0000	21
		_wr1RegCompleteHandler@i2c1_master_example$F212		CODE           	1C53	0000	21
		_wr2RegCompleteHandler@i2c1_master_example$F218		CODE           	1BC0	0000	21
		_I2C1_WriteNBytes		CODE           	1EC4	0000	37

mcc_generated_files/examples/i2c1_master_example.c estimated size: 147

/Applications/microchip/xc8/v2.30/pic/sources/c99/common/doprnt.c
		_vfpfcnvrt     		CODE           	0494	0000	597
		_pad           		CODE           	125C	0000	76
		_dtoa          		CODE           	0BD0	0000	330
		_vfprintf      		CODE           	105D	0000	49
		_stoa          		CODE           	093A	0000	194
		_xtoa          		CODE           	0D1A	0000	339

/Applications/microchip/xc8/v2.30/pic/sources/c99/common/doprnt.c estimated size: 1585

/Applications/microchip/xc8/v2.30/pic/sources/c99/common/isdigit.c
		_isdigit       		CODE           	1CBF	0000	24

/Applications/microchip/xc8/v2.30/pic/sources/c99/common/isdigit.c estimated size: 24

/Applications/microchip/xc8/v2.30/pic/sources/c99/common/atoi.c
		_atoi          		CODE           	1606	0000	159

/Applications/microchip/xc8/v2.30/pic/sources/c99/common/atoi.c estimated size: 159

mcc_generated_files/i2c1_master.c
		_I2C1_DO_SEND_RESTART		CODE           	1A76	0000	4
		_I2C1_DO_TX_EMPTY		CODE           	1002	0000	44
		_I2C1_DO_SEND_RESTART_READ		CODE           	1A6E	0000	4
		_I2C1_CallbackReturnStop		CODE           	1000	0000	2
		_I2C1_DO_RX    		CODE           	10F5	0000	66
		_I2C1_DO_TX    		CODE           	1346	0000	82
		_I2C1_SetAddressNackCallback		CODE           	1B07	0000	12
		_I2C1_DO_IDLE  		CODE           	1A93	0000	5
		_I2C1_MasterOpen		CODE           	1B47	0000	14
		_I2C1_DO_RCEN  		CODE           	1AA3	0000	6
		_I2C1_MasterSendTxData		CODE           	1A8E	0000	5
		_I2C1_MasterStop		CODE           	1A45	0000	3
		_I2C1_CallbackReturnReset		CODE           	0800	0000	2
		_I2C1_DO_RESET 		CODE           	1A98	0000	5
		_I2C1_MasterStartRx		CODE           	1A48	0000	3
		_I2C1_DO_RX_ACK		CODE           	1A7E	0000	4
		_I2C1_MasterSendNack		CODE           	1A66	0000	4
		_I2C1_DO_RX_NACK_RESTART		CODE           	1A86	0000	4
		_I2C1_MasterDisableIrq		CODE           	1A5D	0000	3
		_I2C1_MasterOperation		CODE           	1D53	0000	26
		_I2C1_SetCallback		CODE           	1F5B	0000	40
		_I2C1_MasterEnableRestart		CODE           	1A42	0000	3
		_I2C1_Open     		CODE           	117E	0000	72
		_I2C1_DO_ADDRESS_NACK		CODE           	1FD5	0000	43
		_I2C1_SetBuffer		CODE           	1C68	0000	21
		_I2C1_DO_SEND_RESTART_WRITE		CODE           	1A72	0000	4
		_I2C1_MasterClose		CODE           	1A5A	0000	3
		_I2C1_MasterWrite		CODE           	07FC	0000	4
		_I2C1_Initialize		CODE           	1ADC	0000	9
		_I2C1_Close    		CODE           	1DA3	0000	29
		_I2C1_MasterIsNack		CODE           	1A9D	0000	6
		_I2C1_MasterStart		CODE           	1A60	0000	3
		_I2C1_DO_SEND_ADR_WRITE		CODE           	1AB5	0000	7
		_I2C1_MasterClearIrq		CODE           	1A57	0000	3
		_I2C1_SetDataCompleteCallback		CODE           	1B13	0000	12
		_I2C1_DO_SEND_STOP		CODE           	1A7A	0000	4
		_I2C1_MasterSendAck		CODE           	1A6A	0000	4
		_I2C1_MasterFsm		CODE           	1FAB	0000	42
		_I2C1_MasterIsr		CODE           	1A54	0000	3
		_I2C1_MasterGetRxData		CODE           	1A4B	0000	3
		_I2C1_SetInterruptHandler		CODE           	1AD4	0000	8
		_I2C1_MasterSetIrq		CODE           	1A4E	0000	3
		_I2C1_DO_SEND_ADR_READ		CODE           	1ABC	0000	8
		_I2C1_MasterEnableIrq		CODE           	1A63	0000	3
		_I2C1_DO_RX_NACK_STOP		CODE           	1A82	0000	4

mcc_generated_files/i2c1_master.c estimated size: 639

/Applications/microchip/xc8/v2.30/pic/sources/c99/common/Umul16.c
		___wmul        		CODE           	1D88	0000	27

/Applications/microchip/xc8/v2.30/pic/sources/c99/common/Umul16.c estimated size: 27

/Applications/microchip/xc8/v2.30/pic/sources/c99/common/aodiv.c
		___aodiv       		CODE           	0ADA	0000	246

/Applications/microchip/xc8/v2.30/pic/sources/c99/common/aodiv.c estimated size: 246

/Applications/microchip/xc8/v2.30/pic/sources/c99/common/nf_fputs.c
		_fputs         		CODE           	1F0E	0000	37

/Applications/microchip/xc8/v2.30/pic/sources/c99/common/nf_fputs.c estimated size: 37

mcc_generated_files/interrupt_manager.c
		_INTERRUPT_InterruptManager		CODE           	0004	0000	33

mcc_generated_files/interrupt_manager.c estimated size: 33

/Applications/microchip/xc8/v2.30/pic/sources/c99/common/isupper.c
		_isupper       		CODE           	1CEF	0000	24

/Applications/microchip/xc8/v2.30/pic/sources/c99/common/isupper.c estimated size: 24

/Applications/microchip/xc8/v2.30/pic/sources/c99/common/awdiv.c
		___awdiv       		CODE           	12F5	0000	81

/Applications/microchip/xc8/v2.30/pic/sources/c99/common/awdiv.c estimated size: 81

mcc_generated_files/pin_manager.c
		_PIN_MANAGER_Initialize		CODE           	10C1	0000	52

mcc_generated_files/pin_manager.c estimated size: 52

/Applications/microchip/xc8/v2.30/pic/sources/c99/common/lbmod.c
		___lbmod       		CODE           	1DFB	0000	32

/Applications/microchip/xc8/v2.30/pic/sources/c99/common/lbmod.c estimated size: 32

/Applications/microchip/xc8/v2.30/pic/sources/c99/common/nf_sprintf.c
		_sprintf       		CODE           	1E7D	0000	35

/Applications/microchip/xc8/v2.30/pic/sources/c99/common/nf_sprintf.c estimated size: 35

/Applications/microchip/xc8/v2.30/pic/sources/c99/common/islower.c
		_islower       		CODE           	1D07	0000	24

/Applications/microchip/xc8/v2.30/pic/sources/c99/common/islower.c estimated size: 24

mcc_generated_files/drivers/i2c_simple_master.c
		_wr1RegCompleteHandler		CODE           	1BD5	0000	21
		_wr2RegCompleteHandler		CODE           	1C14	0000	21
		_i2c_writeNBytes		CODE           	1EE9	0000	37
		_rdBlkRegCompleteHandler		CODE           	1D1F	0000	26
		_i2c_read1ByteRegister		CODE           	1137	0000	71
		_rd1RegCompleteHandler		CODE           	1BEA	0000	21
		_rd2RegCompleteHandler		CODE           	1BFF	0000	21

mcc_generated_files/drivers/i2c_simple_master.c estimated size: 218

/Applications/microchip/xc8/v2.30/pic/sources/c99/common/toupper.c
		_toupper       		CODE           	1E5C	0000	33

/Applications/microchip/xc8/v2.30/pic/sources/c99/common/toupper.c estimated size: 33

/Applications/microchip/xc8/v2.30/pic/sources/c99/common/isalpha.c
		_isalpha       		CODE           	1DDD	0000	30

/Applications/microchip/xc8/v2.30/pic/sources/c99/common/isalpha.c estimated size: 30

lcd_driver_files/i2c-lcdlib-ceg003400.c
		_i2c_lcd_home  		CODE           	1B2C	0000	13
		_i2c_lcd_init  		CODE           	1443	0000	86
		_i2c_lcd_puts  		CODE           	1C7D	0000	21
		_i2c_lcd_clear 		CODE           	1B1F	0000	13
		_i2c_lcd_send_data		CODE           	1398	0000	85
		_i2c_lcd_set_cursor_pos		CODE           	108E	0000	51
		_i2c_lcd_send_upper4bit		CODE           	1F83	0000	40
		_i2c_lcd_send_command		CODE           	13ED	0000	86
		_i2c_lcd_ulcursor_off		CODE           	1B55	0000	14

lcd_driver_files/i2c-lcdlib-ceg003400.c estimated size: 409

/Applications/microchip/xc8/v2.30/pic/sources/c99/common/isspace.c
		_isspace       		CODE           	1DC0	0000	29

/Applications/microchip/xc8/v2.30/pic/sources/c99/common/isspace.c estimated size: 29

shared
		i1_I2C1_SetBuffer		CODE           	1AEF	0000	12
		_led_src_name  		STRCODE        	2052	0000	35
		_led_i2s_dir   		STRCODE        	18CF	0000	14
		i1_I2C1_SetCallback		CODE           	1F33	0000	40
		_lcd_fs_name   		STRCODE        	1800	0000	112
		_led_fs_name   		STRCODE        	0000	0000	0
		_lcd_aux_name  		STRCODE        	20CC	0000	14
		__initialization		CODE           	0027	0000	68
		readRE@RE_states		STRCODE        	0000	0000	0
		_fsmStateTable 		STRCODE        	2075	0000	32
		_font7seg      		STRCODE        	1870	0000	95
		i1_I2C1_MasterClearIrq		CODE           	1A51	0000	3
		i1_I2C1_SetDataCompleteCallback		CODE           	1AFB	0000	12
		_lcd_src_name  		STRCODE        	202A	0000	40

shared estimated size: 477

/Applications/microchip/xc8/v2.30/pic/sources/c99/common/nf_fputc.c
		_fputc         		CODE           	1210	0000	76

/Applications/microchip/xc8/v2.30/pic/sources/c99/common/nf_fputc.c estimated size: 76

mcc_generated_files/mcc.c
		_WDT_Initialize		CODE           	1A8A	0000	4
		_PMD_Initialize		CODE           	1AC4	0000	8
		_OSCILLATOR_Initialize		CODE           	1AE5	0000	10
		_SYSTEM_Initialize		CODE           	1B72	0000	18

mcc_generated_files/mcc.c estimated size: 40

/Applications/microchip/xc8/v2.30/pic/sources/c99/common/strcat.c
		_strcat        		CODE           	1BAC	0000	20

/Applications/microchip/xc8/v2.30/pic/sources/c99/common/strcat.c estimated size: 20

/Applications/microchip/xc8/v2.30/pic/sources/c99/common/abs.c
		_abs           		CODE           	1CD7	0000	24

/Applications/microchip/xc8/v2.30/pic/sources/c99/common/abs.c estimated size: 24

mcc_generated_files/tmr1.c
		_TMR1_Initialize		CODE           	1D6D	0000	27
		_TMR1_SetInterruptHandler		CODE           	1ACC	0000	8
		_get7seg_font  		CODE           	1C92	0000	22
		_TMR1_DefaultInterruptHandler		CODE           	087C	0000	190
		_TMR1_WriteTimer		CODE           	1B63	0000	15
		_TMR1_StartTimer		CODE           	0002	0000	2
		_TMR1_ISR      		CODE           	1B84	0000	20
		_read_clickRE  		CODE           	11C6	0000	74

mcc_generated_files/tmr1.c estimated size: 358

/Applications/microchip/xc8/v2.30/pic/sources/c99/common/putch.c
		_putch         		CODE           	1A41	0000	1

/Applications/microchip/xc8/v2.30/pic/sources/c99/common/putch.c estimated size: 1

disp_param.c
		_lcd_disp_param		CODE           	0E6D	0000	403

disp_param.c estimated size: 403

mcc_generated_files/delay.c
		_DELAY_milliseconds		CODE           	1B98	0000	20

mcc_generated_files/delay.c estimated size: 20

mcc_generated_files/memory.c
		_DATAEE_WriteByte		CODE           	1E3B	0000	33
		_DATAEE_ReadByte		CODE           	1B39	0000	14

mcc_generated_files/memory.c estimated size: 47

/Applications/microchip/xc8/v2.30/pic/sources/c99/common/aomod.c
		___aomod       		CODE           	09FC	0000	222

/Applications/microchip/xc8/v2.30/pic/sources/c99/common/aomod.c estimated size: 222

/Applications/microchip/xc8/v2.30/pic/sources/c99/common/strlen.c
		_strlen        		CODE           	1CA8	0000	23

/Applications/microchip/xc8/v2.30/pic/sources/c99/common/strlen.c estimated size: 23

/Applications/microchip/xc8/v2.30/pic/sources/c99/common/strcpy.c
		_strcpy        		CODE           	1EA0	0000	36

/Applications/microchip/xc8/v2.30/pic/sources/c99/common/strcpy.c estimated size: 36

main.c
		_init_pcm9211  		CODE           	1744	0000	188
		_init_tas6422  		CODE           	1499	0000	105
		_set_source    		CODE           	06E9	0000	275
		_main          		CODE           	006F	0000	1061
		_chk6422warning		CODE           	1570	0000	150
		_puts_led      		CODE           	0802	0000	122
		_set_gains     		CODE           	1502	0000	110
		_set_gainstr   		CODE           	16A5	0000	159

main.c estimated size: 2170

