Microchip MPLAB XC8 Compiler V2.30

Linker command line:

-W-3 --edf=/Applications/microchip/xc8/v2.30/pic/dat/en_msgs.txt -cn \
  -h+dist/default/production/0v3_PIC16F18346.production.sym \
  --cmf=dist/default/production/0v3_PIC16F18346.production.cmf -z \
  -Q16F18346 -o/tmp/xcKp615wM --defsym=__MPLAB_BUILD=1 \
  -Mdist/default/production/0v3_PIC16F18346.production.map -E1 \
  -ver=XC8 Compiler --acfsm=1493 -ASTACK=02209h-027EFh -pstack=STACK \
  -ACODE=00h-07FFhx8 -ASTRCODE=00h-03FFFh -ASTRING=00h-0FFhx64 \
  -ACONST=00h-0FFhx64 -AENTRY=00h-0FFhx64 -ACOMMON=070h-07Fh \
  -ABANK0=020h-06Fh -ABANK1=0A0h-0EFh -ABANK2=0120h-016Fh \
  -ABANK3=01A0h-01EFh -ABANK4=0220h-026Fh -ABANK5=02A0h-02EFh \
  -ABANK6=0320h-036Fh -ABANK7=03A0h-03EFh -ABANK8=0420h-046Fh \
  -ABANK9=04A0h-04EFh -ABANK10=0520h-056Fh -ABANK11=05A0h-05EFh \
  -ABANK12=0620h-066Fh -ABANK13=06A0h-06EFh -ABANK14=0720h-076Fh \
  -ABANK15=07A0h-07EFh -ABANK16=0820h-086Fh -ABANK17=08A0h-08EFh \
  -ABANK18=0920h-096Fh -ABANK19=09A0h-09EFh -ABANK20=0A20h-0A6Fh \
  -ABANK21=0AA0h-0AEFh -ABANK22=0B20h-0B6Fh -ABANK23=0BA0h-0BEFh \
  -ABANK24=0C20h-0C6Fh -ABANK25=0CA0h-0CBFh -ABIGRAM=02000h-027EFh \
  -ARAM=020h-06Fh,0A0h-0EFh,0120h-016Fh,01A0h-01EFh,0220h-026Fh,02A0h-02EFh,0320h-036Fh,03A0h-03EFh,0420h-046Fh,04A0h-04EFh,0520h-056Fh,05A0h-05EFh,0620h-066Fh,06A0h-06EFh,0720h-076Fh,07A0h-07EFh,0820h-086Fh,08A0h-08EFh,0920h-096Fh,09A0h-09EFh,0A20h-0A6Fh,0AA0h-0AEFh,0B20h-0B6Fh,0BA0h-0BEFh,0C20h-0C6Fh,0CA0h-0CBFh \
  -AABS1=020h-07Fh,0A0h-0EFh,0120h-016Fh,01A0h-01EFh,0220h-026Fh,02A0h-02EFh,0320h-036Fh,03A0h-03EFh,0420h-046Fh,04A0h-04EFh,0520h-056Fh,05A0h-05EFh,0620h-066Fh,06A0h-06EFh,0720h-076Fh,07A0h-07EFh,0820h-086Fh,08A0h-08EFh,0920h-096Fh,09A0h-09EFh,0A20h-0A6Fh,0AA0h-0AEFh,0B20h-0B6Fh,0BA0h-0BEFh,0C20h-0C6Fh,0CA0h-0CBFh \
  -ASFR0=00h-01Fh -ASFR1=080h-09Fh -ASFR2=0100h-011Fh -ASFR3=0180h-019Fh \
  -ASFR4=0200h-021Fh -ASFR5=0280h-029Fh -ASFR6=0300h-031Fh \
  -ASFR7=0380h-039Fh -ASFR8=0400h-041Fh -ASFR9=0480h-049Fh \
  -ASFR10=0500h-051Fh -ASFR11=0580h-059Fh -ASFR12=0600h-061Fh \
  -ASFR13=0680h-069Fh -ASFR14=0700h-071Fh -ASFR15=0780h-079Fh \
  -ASFR16=0800h-081Fh -ASFR17=0880h-089Fh -ASFR18=0900h-091Fh \
  -ASFR19=0980h-099Fh -ASFR20=0A00h-0A1Fh -ASFR21=0A80h-0A9Fh \
  -ASFR22=0B00h-0B1Fh -ASFR23=0B80h-0B9Fh -ASFR24=0C00h-0C1Fh \
  -ASFR25=0C80h-0C9Fh -ASFR26=0D00h-0D6Fh -ASFR27=0D80h-0DEFh \
  -ASFR28=0E00h-0E6Fh -ASFR29=0E80h-0EEFh -ASFR30=0F00h-0F6Fh \
  -ASFR31=0F80h-0FEFh -ACONFIG=08007h-0800Ah -DCONFIG=2 \
  -AIDLOC=08000h-08003h -DIDLOC=2 -AEEDATA=00h-0FFh/0F000h \
  -peeprom_data=EEDATA -DEEDATA=2 -DCODE=2 -DSTRCODE=2 -DSTRING=2 -DCONST=2 \
  -DENTRY=2 -preset_vec=00h,intentry=04h,init,end_init -ppowerup=CODE \
  -pcinit=CODE -pfunctab=ENTRY -k /tmp/xcR98LxD4.o \
  dist/default/production/0v3_PIC16F18346.production.o 

Object code version is 3.11

Machine type is 16F18346



                Name                               Link     Load   Length Selector   Space Scale
/tmp/xcR98LxD4.o
                end_init                             25       25        2        8       0
                reset_vec                             0        0        2        0       0
                config                             8007     8007        4        0       4
dist/default/production/0v3_PIC16F18346.production.o
                cinit                                27       27       5C        8       0
                intentry                              4        4       21        8       0
                config                             8007     8007        4        0       4
                text124                            2632     2632        3     4C64       0
                text123                            2635     2635        3     4C6A       0
                text122                            26E5     26E5        C     4DCA       0
                text121                            1BD4     1BD4       28     37A8       0
                text120                            26F1     26F1        C     4DE2       0
                text119                            2797     2797       15     4F2E       0
                text118                            27AC     27AC       15     4F58       0
                text117                            27C1     27C1       15     4F82       0
                text116                            27D6     27D6       15     4FAC       0
                text115                            27EB     27EB       15     4FD6       0
                text114                            19EB     19EB       1A     33D6       0
                text113                            18DC     18DC       15     31B8       0
                text112                            18F1     18F1       15     31E2       0
                text111                            1906     1906       15     320C       0
                text110                            1A05     1A05       1A     340A       0
                text109                            262C     262C        2     4C58       0
                text108                            262E     262E        2     4C5C       0
                text107                            2630     2630        2     4C60       0
                text106                            2650     2650        4     4CA0       0
                text105                            2638     2638        3     4C70       0
                text104                            2654     2654        4     4CA8       0
                text103                            2658     2658        4     4CB0       0
                text102                            268A     268A        6     4D14       0
                text101                            263B     263B        3     4C76       0
                text100                            1CA0     1CA0       2C     3940       0
                text99                             2680     2680        5     4D00       0
                text98                             26A9     26A9        8     4D52       0
                text97                             26A2     26A2        7     4D44       0
                text96                             1F0F     1F0F       4F     3E1E       0
                text95                             1D5E     1D5E       41     3ABC       0
                text94                             2690     2690        6     4D20       0
                text93                             265C     265C        4     4CB8       0
                text92                             2660     2660        4     4CC0       0
                text91                             2664     2664        4     4CC8       0
                text90                             2668     2668        4     4CD0       0
                text89                             266C     266C        4     4CD8       0
                text88                             2670     2670        4     4CE0       0
                text87                             2674     2674        4     4CE8       0
                text86                             2685     2685        5     4D0A       0
                text85                             1C75     1C75       2B     38EA       0
                text84                             263E     263E        3     4C7C       0
                text83                             1C4C     1C4C       29     3898       0
                text82                             2641     2641        3     4C82       0
                text81                             1945     1945       16     328A       0
                text80                             1E2E     1E2E       4A     3C5C       0
                text79                             15A2     15A2       BB     2B44       0
                text78                             274C     274C        F     4E98       0
                text77                             275B     275B       14     4EB6       0
                text75                             2722     2722        E     4E44       0
                text74                             1B00     1B00       21     3600       0
                text73                             26C9     26C9        9     4D92       0
                text72                             26DB     26DB        A     4DB6       0
                text71                              802      802       34     1004       0
                text70                             26B1     26B1        8     4D62       0
                text69                             26B9     26B9        8     4D72       0
                text68                             1A53     1A53       1B     34A6       0
                text67                             2678     2678        4     4CF0       0
                text66                              7ED      7ED       12        8       0
                text65                              800      800        2     1000       0
                text64                             2644     2644        3     4C88       0
                text63                             2647     2647        3     4C8E       0
                text62                             264A     264A        3     4C94       0
                text61                             1A89     1A89       1C     3512       0
                text60                                2        2        2        0       0
                text59                             1A1F     1A1F       1A     343E       0
                text58                             267C     267C        4     4CF8       0
                text57                             264D     264D        3     4C9A       0
                text56                             2730     2730        E     4E60       0
                text55                             26C1     26C1        8     4D82       0
                text54                             1DE6     1DE6       48     3BCC       0
                text53                             1BFC     1BFC       28     37F8       0
                text52                             26FD     26FD        C     4DFA       0
                text51                             191B     191B       15     3236       0
                text50                             2709     2709        C     4E12       0
                text49                             1D9F     1D9F       47     3B3E       0
                text48                             1276     1276       96     24EC       0
                text47                             1B65     1B65       25     36CA       0
                text46                             1079     1079       56     20F2       0
                text45                             2715     2715        D     4E2A       0
                text44                             18CF     18CF        D     319E       0
                text43                             1C24     1C24       28     3848       0
                text42                             10CF     10CF       56     219E       0
                text41                             273E     273E        E     4E7C       0
                text40                             1B8A     1B8A       25     3714       0
                text39                             14E9     14E9       B9     29D2       0
                text38                             276F     276F       14     4EDE       0
                text37                             1125     1125       69     224A       0
                text36                             1AE0     1AE0       20     35C0       0
                text35                             1024     1024       55     2048       0
                text34                             1930     1930       15     3260       0
                text33                             1D2B     1D2B       33     3A56       0
                text32                             1A6E     1A6E       1B     34DC       0
                text31                             1972     1972       18     32E4       0
                text30                             1AA5     1AA5       1D     354A       0
                text29                             130C     130C       9F     2618       0
                text28                              6F7      6F7       F6        8       0
                text27                             1722     1722       DE     2E44       0
                text26                             198A     198A       18     3314       0
                text25                              7FF      7FF        1        8       0
                text24                             1EC3     1EC3       4C     3D86       0
                text23                             1BAF     1BAF       25     375E       0
                text22                             195B     195B       17     32B6       0
                text21                             1F5E     1F5E       51     3EBC       0
                text20                              949      949      14E     1292       0
                text19                             165D     165D       C5     2CBA       0
                text18                             1AC2     1AC2       1E     3584       0
                text17                             19A2     19A2       18     3344       0
                text16                             19BA     19BA       18     3374       0
                text15                             1B21     1B21       21     3642       0
                text14                              A97      A97      156     152E       0
                text13                              DA8      DA8      258     1B50       0
                text12                             1CFA     1CFA       31     39F4       0
                text11                             1B42     1B42       23     3684       0
                text10                              BED      BED      1BB     17DA       0
                text9                              118E     118E       6E     231C       0
                text8                              1FAF     1FAF       51     3F5E       0
                text7                              11FC     11FC       7A     23F8       0
                text6                              1000     1000       24     1B50       0
                text5                              2783     2783       14     4F06       0
                text4                              13AB     13AB       9F     2756       0
                text3                               836      836      113     106C       0
                text2                              144A     144A       9F     2894       0
                text1                              19D2     19D2       19     33A4       0
                maintext                             83       83      674        8       0
                cstackBANK0                          20       20       4A       20       1
                cstackCOMMON                         70       70        D       70       1
                cstackBANK1                          A0       A0       4F       A0       1
                cstackBANK5                         2C0      2C0        B      2A0       1
                clrtext                            2696     2696        6     4D2C       0
                inittext                           269C     269C        6     4D38       0
                bssBANK6                            320      320       29      320       1
                dataBANK5                           2CB      2CB        9      2A0       1
                bssBANK5                            2A0      2A0       20      2A0       1
                dataBANK4                           220      220       2E      220       1
                bssBANK4                            24E      24E       1E      220       1
                dataBANK3                           1A0      1A0       4B      1A0       1
                bssBANK3                            1EB      1EB        4      1A0       1
                dataBANK2                           14F      14F       1A      120       1
                bssBANK2                            120      120       2F      120       1
                bssBANK0                             6A       6A        3       20       1
                bssCOMMON                            7D       7D        1       70       1
                stringtext32                       289E     289E        2     5000       0
                stringtext31                       289A     289A        4     5000       0
                stringtext30                       2896     2896        4     5000       0
                stringtext29                       2892     2892        4     5000       0
                stringtext28                       288E     288E        4     5000       0
                stringtext27                       288A     288A        4     5000       0
                stringtext26                       2886     2886        4     5000       0
                stringtext25                       2882     2882        4     5000       0
                stringtext24                       287E     287E        4     5000       0
                stringtext23                       287A     287A        4     5000       0
                stringtext22                       2876     2876        4     5000       0
                stringtext21                       2872     2872        4     5000       0
                stringtext20                       286E     286E        4     5000       0
                stringtext19                       286A     286A        4     5000       0
                stringtext18                       2866     2866        4     5000       0
                stringtext17                       2862     2862        4     5000       0
                stringtext16                       285D     285D        5     5000       0
                stringtext15                       2853     2853        A     5000       0
                stringtext14                       2845     2845        E     5000       0
                stringtext13                       2814     2814       13     5000       0
                stringtext12                       2800     2800       14     5000       0
                stringtext11                       207E     207E       2F     4000       0
                stringtext10                       2837     2837        E     5000       0
                stringtext9                        20FF     20FF       23     4000       0
                stringtext8                        20D7     20D7       28     4000       0
                stringtext7                        203F     203F       3F     4000       0
                stringtext6                        2000     2000       3F     4000       0
                stringtext5                        1800     1800       70     3000       0
                stringtext4                        2827     2827       10     5000       0
                stringtext3                        2122     2122       20     4000       0
                stringtext2                        20AD     20AD       2A     4000       0
                stringtext1                        1870     1870       5F     3000       0
                idataBANK5                         26D2     26D2        9     4DA4       0
                idataBANK4                         1CCC     1CCC       2E     3998       0
                idataBANK3                         1E78     1E78       4B     3CF0       0
                idataBANK2                         1A39     1A39       1A     3472       0

TOTAL           Name                               Link     Load   Length     Space
        CLASS   STACK          

        CLASS   CODE           
                end_init                             25       25        2         0
                cinit                                27       27       5C         0
                intentry                              4        4       21         0
                reset_vec                             0        0        2         0
                text124                            2632     2632        3         0
                text123                            2635     2635        3         0
                text122                            26E5     26E5        C         0
                text121                            1BD4     1BD4       28         0
                text120                            26F1     26F1        C         0
                text119                            2797     2797       15         0
                text118                            27AC     27AC       15         0
                text117                            27C1     27C1       15         0
                text116                            27D6     27D6       15         0
                text115                            27EB     27EB       15         0
                text114                            19EB     19EB       1A         0
                text113                            18DC     18DC       15         0
                text112                            18F1     18F1       15         0
                text111                            1906     1906       15         0
                text110                            1A05     1A05       1A         0
                text109                            262C     262C        2         0
                text108                            262E     262E        2         0
                text107                            2630     2630        2         0
                text106                            2650     2650        4         0
                text105                            2638     2638        3         0
                text104                            2654     2654        4         0
                text103                            2658     2658        4         0
                text102                            268A     268A        6         0
                text101                            263B     263B        3         0
                text100                            1CA0     1CA0       2C         0
                text99                             2680     2680        5         0
                text98                             26A9     26A9        8         0
                text97                             26A2     26A2        7         0
                text96                             1F0F     1F0F       4F         0
                text95                             1D5E     1D5E       41         0
                text94                             2690     2690        6         0
                text93                             265C     265C        4         0
                text92                             2660     2660        4         0
                text91                             2664     2664        4         0
                text90                             2668     2668        4         0
                text89                             266C     266C        4         0
                text88                             2670     2670        4         0
                text87                             2674     2674        4         0
                text86                             2685     2685        5         0
                text85                             1C75     1C75       2B         0
                text84                             263E     263E        3         0
                text83                             1C4C     1C4C       29         0
                text82                             2641     2641        3         0
                text81                             1945     1945       16         0
                text80                             1E2E     1E2E       4A         0
                text79                             15A2     15A2       BB         0
                text78                             274C     274C        F         0
                text77                             275B     275B       14         0
                text75                             2722     2722        E         0
                text74                             1B00     1B00       21         0
                text73                             26C9     26C9        9         0
                text72                             26DB     26DB        A         0
                text71                              802      802       34         0
                text70                             26B1     26B1        8         0
                text69                             26B9     26B9        8         0
                text68                             1A53     1A53       1B         0
                text67                             2678     2678        4         0
                text66                              7ED      7ED       12         0
                text65                              800      800        2         0
                text64                             2644     2644        3         0
                text63                             2647     2647        3         0
                text62                             264A     264A        3         0
                text61                             1A89     1A89       1C         0
                text60                                2        2        2         0
                text59                             1A1F     1A1F       1A         0
                text58                             267C     267C        4         0
                text57                             264D     264D        3         0
                text56                             2730     2730        E         0
                text55                             26C1     26C1        8         0
                text54                             1DE6     1DE6       48         0
                text53                             1BFC     1BFC       28         0
                text52                             26FD     26FD        C         0
                text51                             191B     191B       15         0
                text50                             2709     2709        C         0
                text49                             1D9F     1D9F       47         0
                text48                             1276     1276       96         0
                text47                             1B65     1B65       25         0
                text46                             1079     1079       56         0
                text45                             2715     2715        D         0
                text44                             18CF     18CF        D         0
                text43                             1C24     1C24       28         0
                text42                             10CF     10CF       56         0
                text41                             273E     273E        E         0
                text40                             1B8A     1B8A       25         0
                text39                             14E9     14E9       B9         0
                text38                             276F     276F       14         0
                text37                             1125     1125       69         0
                text36                             1AE0     1AE0       20         0
                text35                             1024     1024       55         0
                text34                             1930     1930       15         0
                text33                             1D2B     1D2B       33         0
                text32                             1A6E     1A6E       1B         0
                text31                             1972     1972       18         0
                text30                             1AA5     1AA5       1D         0
                text29                             130C     130C       9F         0
                text28                              6F7      6F7       F6         0
                text27                             1722     1722       DE         0
                text26                             198A     198A       18         0
                text25                              7FF      7FF        1         0
                text24                             1EC3     1EC3       4C         0
                text23                             1BAF     1BAF       25         0
                text22                             195B     195B       17         0
                text21                             1F5E     1F5E       51         0
                text20                              949      949      14E         0
                text19                             165D     165D       C5         0
                text18                             1AC2     1AC2       1E         0
                text17                             19A2     19A2       18         0
                text16                             19BA     19BA       18         0
                text15                             1B21     1B21       21         0
                text14                              A97      A97      156         0
                text13                              DA8      DA8      258         0
                text12                             1CFA     1CFA       31         0
                text11                             1B42     1B42       23         0
                text10                              BED      BED      1BB         0
                text9                              118E     118E       6E         0
                text8                              1FAF     1FAF       51         0
                text7                              11FC     11FC       7A         0
                text6                              1000     1000       24         0
                text5                              2783     2783       14         0
                text4                              13AB     13AB       9F         0
                text3                               836      836      113         0
                text2                              144A     144A       9F         0
                text1                              19D2     19D2       19         0
                maintext                             83       83      674         0
                clrtext                            2696     2696        6         0
                inittext                           269C     269C        6         0
                idataBANK5                         26D2     26D2        9         0
                idataBANK4                         1CCC     1CCC       2E         0
                idataBANK3                         1E78     1E78       4B         0
                idataBANK2                         1A39     1A39       1A         0

        CLASS   STRCODE        
                stringtext32                       289E     289E        2         0
                stringtext31                       289A     289A        4         0
                stringtext30                       2896     2896        4         0
                stringtext29                       2892     2892        4         0
                stringtext28                       288E     288E        4         0
                stringtext27                       288A     288A        4         0
                stringtext26                       2886     2886        4         0
                stringtext25                       2882     2882        4         0
                stringtext24                       287E     287E        4         0
                stringtext23                       287A     287A        4         0
                stringtext22                       2876     2876        4         0
                stringtext21                       2872     2872        4         0
                stringtext20                       286E     286E        4         0
                stringtext19                       286A     286A        4         0
                stringtext18                       2866     2866        4         0
                stringtext17                       2862     2862        4         0
                stringtext16                       285D     285D        5         0
                stringtext15                       2853     2853        A         0
                stringtext14                       2845     2845        E         0
                stringtext13                       2814     2814       13         0
                stringtext12                       2800     2800       14         0
                stringtext11                       207E     207E       2F         0
                stringtext10                       2837     2837        E         0
                stringtext9                        20FF     20FF       23         0
                stringtext8                        20D7     20D7       28         0
                stringtext7                        203F     203F       3F         0
                stringtext6                        2000     2000       3F         0
                stringtext5                        1800     1800       70         0
                stringtext4                        2827     2827       10         0
                stringtext3                        2122     2122       20         0
                stringtext2                        20AD     20AD       2A         0
                stringtext1                        1870     1870       5F         0

        CLASS   STRING         

        CLASS   CONST          

        CLASS   ENTRY          

        CLASS   COMMON         
                cstackCOMMON                         70       70        D         1
                bssCOMMON                            7D       7D        1         1

        CLASS   BANK0          
                cstackBANK0                          20       20       4A         1
                bssBANK0                             6A       6A        3         1

        CLASS   BANK1          
                cstackBANK1                          A0       A0       4F         1

        CLASS   BANK2          
                dataBANK2                           14F      14F       1A         1
                bssBANK2                            120      120       2F         1

        CLASS   BANK3          
                dataBANK3                           1A0      1A0       4B         1
                bssBANK3                            1EB      1EB        4         1

        CLASS   BANK4          
                dataBANK4                           220      220       2E         1
                bssBANK4                            24E      24E       1E         1

        CLASS   BANK5          
                cstackBANK5                         2C0      2C0        B         1
                dataBANK5                           2CB      2CB        9         1
                bssBANK5                            2A0      2A0       20         1

        CLASS   BANK6          
                bssBANK6                            320      320       29         1

        CLASS   BANK7          

        CLASS   BANK8          

        CLASS   BANK9          

        CLASS   BANK10         

        CLASS   BANK11         

        CLASS   BANK12         

        CLASS   BANK13         

        CLASS   BANK14         

        CLASS   BANK15         

        CLASS   BANK16         

        CLASS   BANK17         

        CLASS   BANK18         

        CLASS   BANK19         

        CLASS   BANK20         

        CLASS   BANK21         

        CLASS   BANK22         

        CLASS   BANK23         

        CLASS   BANK24         

        CLASS   BANK25         

        CLASS   BIGRAM         

        CLASS   RAM            

        CLASS   ABS1           
                abs_s1                               7E       7E        2         1

        CLASS   SFR0           

        CLASS   SFR1           

        CLASS   SFR2           

        CLASS   SFR3           

        CLASS   SFR4           

        CLASS   SFR5           

        CLASS   SFR6           

        CLASS   SFR7           

        CLASS   SFR8           

        CLASS   SFR9           

        CLASS   SFR10          

        CLASS   SFR11          

        CLASS   SFR12          

        CLASS   SFR13          

        CLASS   SFR14          

        CLASS   SFR15          

        CLASS   SFR16          

        CLASS   SFR17          

        CLASS   SFR18          

        CLASS   SFR19          

        CLASS   SFR20          

        CLASS   SFR21          

        CLASS   SFR22          

        CLASS   SFR23          

        CLASS   SFR24          

        CLASS   SFR25          

        CLASS   SFR26          

        CLASS   SFR27          

        CLASS   SFR28          

        CLASS   SFR29          

        CLASS   SFR30          

        CLASS   SFR31          

        CLASS   CONFIG         
                config                             8007     8007        4         4

        CLASS   IDLOC          

        CLASS   EEDATA         

        CLASS   BANK31         

        CLASS   BANK30         

        CLASS   BANK29         

        CLASS   BANK28         

        CLASS   BANK27         

        CLASS   BANK26         



SEGMENTS        Name                           Load    Length   Top    Selector   Space  Class     Delta

                text31                         001972  000018  00198A      32E4       0  CODE        2
                text26                         00198A  000018  0019A2      3314       0  CODE        2
                text17                         0019A2  000018  0019BA      3344       0  CODE        2
                text34                         001930  000015  001945      3260       0  CODE        2
                text81                         001945  000016  00195B      328A       0  CODE        2
                text22                         00195B  000017  001972      32B6       0  CODE        2
                text110                        001A05  00001A  001A1F      340A       0  CODE        2
                text59                         001A1F  00001A  001A39      343E       0  CODE        2
                idataBANK2                     001A39  00001A  001A53      3472       0  CODE        2
                text16                         0019BA  000018  0019D2      3374       0  CODE        2
                text1                          0019D2  000019  0019EB      33A4       0  CODE        2
                text114                        0019EB  00001A  001A05      33D6       0  CODE        2
                text51                         00191B  000015  001930      3236       0  CODE        2
                stringtext12                   002800  0000A0  0028A0      5000       0  STRCODE     2
                text119                        002797  000015  0027AC      4F2E       0  CODE        2
                text118                        0027AC  000015  0027C1      4F58       0  CODE        2
                text77                         00275B  000014  00276F      4EB6       0  CODE        2
                text38                         00276F  000014  002783      4EDE       0  CODE        2
                text5                          002783  000014  002797      4F06       0  CODE        2
                text113                        0018DC  000015  0018F1      31B8       0  CODE        2
                text112                        0018F1  000015  001906      31E2       0  CODE        2
                text111                        001906  000015  00191B      320C       0  CODE        2
                text117                        0027C1  000015  0027D6      4F82       0  CODE        2
                text116                        0027D6  000015  0027EB      4FAC       0  CODE        2
                text115                        0027EB  000015  002800      4FD6       0  CODE        2
                text68                         001A53  00001B  001A6E      34A6       0  CODE        2
                text100                        001CA0  00002C  001CCC      3940       0  CODE        2
                idataBANK4                     001CCC  00002E  001CFA      3998       0  CODE        2
                text12                         001CFA  000031  001D2B      39F4       0  CODE        2
                text43                         001C24  000028  001C4C      3848       0  CODE        2
                text83                         001C4C  000029  001C75      3898       0  CODE        2
                text85                         001C75  00002B  001CA0      38EA       0  CODE        2
                text95                         001D5E  000041  001D9F      3ABC       0  CODE        2
                text49                         001D9F  000047  001DE6      3B3E       0  CODE        2
                text54                         001DE6  000048  001E2E      3BCC       0  CODE        2
                text33                         001D2B  000033  001D5E      3A56       0  CODE        2
                text71                         000802  000034  000836      1004       0  CODE        2
                stringtext6                    002000  000142  002142      4000       0  STRCODE     2
                text53                         001BFC  000028  001C24      37F8       0  CODE        2
                text18                         001AC2  00001E  001AE0      3584       0  CODE        2
                text36                         001AE0  000020  001B00      35C0       0  CODE        2
                text74                         001B00  000021  001B21      3600       0  CODE        2
                text32                         001A6E  00001B  001A89      34DC       0  CODE        2
                text61                         001A89  00001C  001AA5      3512       0  CODE        2
                text30                         001AA5  00001D  001AC2      354A       0  CODE        2
                text40                         001B8A  000025  001BAF      3714       0  CODE        2
                text23                         001BAF  000025  001BD4      375E       0  CODE        2
                text121                        001BD4  000028  001BFC      37A8       0  CODE        2
                text15                         001B21  000021  001B42      3642       0  CODE        2
                text11                         001B42  000023  001B65      3684       0  CODE        2
                text47                         001B65  000025  001B8A      36CA       0  CODE        2
                text104                        002654  000004  002658      4CA8       0  CODE        2
                text103                        002658  000004  00265C      4CB0       0  CODE        2
                text93                         00265C  000004  002660      4CB8       0  CODE        2
                text62                         00264A  000003  00264D      4C94       0  CODE        2
                text57                         00264D  000003  002650      4C9A       0  CODE        2
                text106                        002650  000004  002654      4CA0       0  CODE        2
                text89                         00266C  000004  002670      4CD8       0  CODE        2
                text88                         002670  000004  002674      4CE0       0  CODE        2
                text87                         002674  000004  002678      4CE8       0  CODE        2
                text92                         002660  000004  002664      4CC0       0  CODE        2
                text91                         002664  000004  002668      4CC8       0  CODE        2
                text90                         002668  000004  00266C      4CD0       0  CODE        2
                text63                         002647  000003  00264A      4C8E       0  CODE        2
                text107                        002630  000002  002632      4C60       0  CODE        2
                text65                         000800  000002  000802      1000       0  CODE        2
                text124                        002632  000003  002635      4C64       0  CODE        2
                text109                        00262C  000002  00262E      4C58       0  CODE        2
                text108                        00262E  000002  002630      4C5C       0  CODE        2
                text84                         00263E  000003  002641      4C7C       0  CODE        2
                text82                         002641  000003  002644      4C82       0  CODE        2
                text64                         002644  000003  002647      4C88       0  CODE        2
                text123                        002635  000003  002638      4C6A       0  CODE        2
                text105                        002638  000003  00263B      4C70       0  CODE        2
                text101                        00263B  000003  00263E      4C76       0  CODE        2
                text67                         002678  000004  00267C      4CF0       0  CODE        2
                text120                        0026F1  00000C  0026FD      4DE2       0  CODE        2
                text52                         0026FD  00000C  002709      4DFA       0  CODE        2
                text50                         002709  00000C  002715      4E12       0  CODE        2
                idataBANK5                     0026D2  000009  0026DB      4DA4       0  CODE        2
                text72                         0026DB  00000A  0026E5      4DB6       0  CODE        2
                text122                        0026E5  00000C  0026F1      4DCA       0  CODE        2
                text56                         002730  00000E  00273E      4E60       0  CODE        2
                text41                         00273E  00000E  00274C      4E7C       0  CODE        2
                text78                         00274C  00000F  00275B      4E98       0  CODE        2
                text45                         002715  00000D  002722      4E2A       0  CODE        2
                text44                         0018CF  00000D  0018DC      319E       0  CODE        2
                text75                         002722  00000E  002730      4E44       0  CODE        2
                text73                         0026C9  000009  0026D2      4D92       0  CODE        2
                text102                        00268A  000006  002690      4D14       0  CODE        2
                text94                         002690  000006  002696      4D20       0  CODE        2
                clrtext                        002696  000006  00269C      4D2C       0  CODE        2
                text58                         00267C  000004  002680      4CF8       0  CODE        2
                text99                         002680  000005  002685      4D00       0  CODE        2
                text86                         002685  000005  00268A      4D0A       0  CODE        2
                text70                         0026B1  000008  0026B9      4D62       0  CODE        2
                text69                         0026B9  000008  0026C1      4D72       0  CODE        2
                text55                         0026C1  000008  0026C9      4D82       0  CODE        2
                inittext                       00269C  000006  0026A2      4D38       0  CODE        2
                text97                         0026A2  000007  0026A9      4D44       0  CODE        2
                text98                         0026A9  000008  0026B1      4D52       0  CODE        2
                bssBANK2                       000120  000049  000169       120       1  BANK2       1
                cstackBANK0                    000020  00004D  00006D        20       1  BANK0       1
                reset_vec                      000000  000004  000004         0       0  CODE        2
                dataBANK4                      000220  00004C  00026C       220       1  BANK4       1
                dataBANK3                      0001A0  00004F  0001EF       1A0       1  BANK3       1
                cstackBANK1                    0000A0  00004F  0000EF        A0       1  BANK1       1
                bssBANK5                       0002A0  000034  0002D4       2A0       1  BANK5       1
                bssBANK6                       000320  000029  000349       320       1  BANK6       1
                intentry                       000004  0007FC  000800         8       0  CODE        2
                cstackCOMMON                   000070  00000E  00007E        70       1  COMMON      1
                text2                          00144A  00009F  0014E9      2894       0  CODE        2
                text39                         0014E9  0000B9  0015A2      29D2       0  CODE        2
                text79                         0015A2  0000BB  00165D      2B44       0  CODE        2
                text48                         001276  000096  00130C      24EC       0  CODE        2
                text29                         00130C  00009F  0013AB      2618       0  CODE        2
                text4                          0013AB  00009F  00144A      2756       0  CODE        2
                text20                         000949  00014E  000A97      1292       0  CODE        2
                text14                         000A97  000156  000BED      152E       0  CODE        2
                text10                         000BED  0001BB  000DA8      17DA       0  CODE        2
                text19                         00165D  0000C5  001722      2CBA       0  CODE        2
                text27                         001722  0000DE  001800      2E44       0  CODE        2
                text3                          000836  000113  000949      106C       0  CODE        2
                text7                          0011FC  00007A  001276      23F8       0  CODE        2
                text96                         001F0F  00004F  001F5E      3E1E       0  CODE        2
                text21                         001F5E  000051  001FAF      3EBC       0  CODE        2
                text8                          001FAF  000051  002000      3F5E       0  CODE        2
                text80                         001E2E  00004A  001E78      3C5C       0  CODE        2
                idataBANK3                     001E78  00004B  001EC3      3CF0       0  CODE        2
                text24                         001EC3  00004C  001F0F      3D86       0  CODE        2
                text37                         001125  000069  00118E      224A       0  CODE        2
                text9                          00118E  00006E  0011FC      231C       0  CODE        2
                stringtext5                    001800  0000CF  0018CF      3000       0  STRCODE     2
                text35                         001024  000055  001079      2048       0  CODE        2
                text46                         001079  000056  0010CF      20F2       0  CODE        2
                text42                         0010CF  000056  001125      219E       0  CODE        2
                text13                         000DA8  00027C  001024      1B50       0  CODE        2


UNUSED ADDRESS RANGES

        Name                Unused          Largest block    Delta
        BANK0            0006D-0006F               3           1
        BANK1            000EF-000EF               1           1
        BANK10           00520-0056F              50           1
        BANK11           005A0-005EF              50           1
        BANK12           00620-0066F              50           1
        BANK13           006A0-006EF              50           1
        BANK14           00720-0076F              50           1
        BANK15           007A0-007EF              50           1
        BANK16           00820-0086F              50           1
        BANK17           008A0-008EF              50           1
        BANK18           00920-0096F              50           1
        BANK19           009A0-009EF              50           1
        BANK2            00169-0016F               7           1
        BANK20           00A20-00A6F              50           1
        BANK21           00AA0-00AEF              50           1
        BANK22           00B20-00B6F              50           1
        BANK23           00BA0-00BEF              50           1
        BANK24           00C20-00C6F              50           1
        BANK25           00CA0-00CBF              20           1
        BANK3            001EF-001EF               1           1
        BANK4            0026C-0026F               4           1
        BANK5            002D4-002EF              1C           1
        BANK6            00349-0036F              27           1
        BANK7            003A0-003EF              50           1
        BANK8            00420-0046F              50           1
        BANK9            004A0-004EF              50           1
        BIGRAM           02000-027EF             7F0           1
        CODE             02142-0262B             4EA           2
                         028A0-03FFF             800
        CONST            02142-0262B             100           2
                         028A0-03FFF             100
        EEDATA           0F000-0F0FF             100           2
        ENTRY            02142-0262B             100           2
                         028A0-03FFF             100
        IDLOC            08000-08003               4           2
        RAM              0006D-0006F               3           1
                         000EF-000EF               1
                         00169-0016F               7
                         001EF-001EF               1
                         0026C-0026F               4
                         002D4-002EF              1C
                         00349-0036F              27
                         003A0-003EF              50
                         00420-0046F              50
                         004A0-004EF              50
                         00520-0056F              50
                         005A0-005EF              50
                         00620-0066F              50
                         006A0-006EF              50
                         00720-0076F              50
                         007A0-007EF              50
                         00820-0086F              50
                         008A0-008EF              50
                         00920-0096F              50
                         009A0-009EF              50
                         00A20-00A6F              50
                         00AA0-00AEF              50
                         00B20-00B6F              50
                         00BA0-00BEF              50
                         00C20-00C6F              50
                         00CA0-00CBF              20
        SFR0             00000-0001F              20           1
        SFR1             00080-0009F              20           1
        SFR10            00500-0051F              20           1
        SFR11            00580-0059F              20           1
        SFR12            00600-0061F              20           1
        SFR13            00680-0069F              20           1
        SFR14            00700-0071F              20           1
        SFR15            00780-0079F              20           1
        SFR16            00800-0081F              20           1
        SFR17            00880-0089F              20           1
        SFR18            00900-0091F              20           1
        SFR19            00980-0099F              20           1
        SFR2             00100-0011F              20           1
        SFR20            00A00-00A1F              20           1
        SFR21            00A80-00A9F              20           1
        SFR22            00B00-00B1F              20           1
        SFR23            00B80-00B9F              20           1
        SFR24            00C00-00C1F              20           1
        SFR25            00C80-00C9F              20           1
        SFR26            00D00-00D6F              70           1
        SFR27            00D80-00DEF              70           1
        SFR28            00E00-00E6F              70           1
        SFR29            00E80-00EEF              70           1
        SFR3             00180-0019F              20           1
        SFR30            00F00-00F6F              70           1
        SFR31            00F80-00FEF              70           1
        SFR4             00200-0021F              20           1
        SFR5             00280-0029F              20           1
        SFR6             00300-0031F              20           1
        SFR7             00380-0039F              20           1
        SFR8             00400-0041F              20           1
        SFR9             00480-0049F              20           1
        STACK            02209-027EF             5E7           1
        STRCODE          02142-0262B             4EA           2
                         028A0-03FFF            1760
        STRING           02142-0262B             100           2
                         028A0-03FFF             100

                                  Symbol Table

?___aodiv                                                  cstackBANK0  00023
?___aomod                                                  cstackBANK0  00023
?___awdiv                                                  cstackBANK0  00023
?___wmul                                                   cstackBANK0  00029
?_abs                                                      cstackBANK0  00036
?_atoi                                                     cstackBANK0  0002F
?_dtoa                                                     cstackBANK0  0003E
?_isalpha                                                  cstackBANK0  00023
?_isdigit                                                  cstackBANK0  00023
?_islower                                                  cstackBANK0  00023
?_isspace                                                  cstackBANK0  00023
?_isupper                                                  cstackBANK0  00023
?_pad                                                      cstackBANK0  00033
?_sprintf                                                  cstackBANK1  000C0
?_stoa                                                     cstackBANK0  0002B
?_strlen                                                   cstackBANK0  00023
?_toupper                                                  cstackBANK0  00029
?_vfpfcnvrt                                                cstackBANK0  00062
?_vfprintf                                                 cstackBANK1  000B8
?_xtoa                                                     cstackBANK0  0003C
DATAEE_ReadByte@bAdd                                       cstackBANK0  00023
DATAEE_WriteByte@GIEBitValue                               cstackBANK0  0002C
DATAEE_WriteByte@bAdd                                      cstackBANK0  00029
DATAEE_WriteByte@bData                                     cstackBANK0  0002B
DELAY_milliseconds@milliseconds                            cstackBANK0  00023
I2C1_CallbackReturnReset@funPtr                            cstackCOMMON 00079
I2C1_Close@returnValue                                     cstackBANK0  00024
I2C1_MasterOperation@read                                  cstackBANK0  00024
I2C1_MasterOperation@returnValue                           cstackBANK0  00025
I2C1_MasterSendTxData@data                                 cstackCOMMON 00070
I2C1_Open@address                                          cstackBANK0  00026
I2C1_Open@returnValue                                      cstackBANK0  00027
I2C1_SetAddressNackCallback@cb                             cstackBANK0  00028
I2C1_SetAddressNackCallback@ptr                            cstackBANK0  0002A
I2C1_SetBuffer@buffer                                      cstackBANK0  00023
I2C1_SetBuffer@bufferSize                                  cstackBANK0  00025
I2C1_SetCallback@cb                                        cstackBANK0  00023
I2C1_SetCallback@idx                                       cstackBANK0  00027
I2C1_SetCallback@ptr                                       cstackBANK0  00025
I2C1_SetDataCompleteCallback@cb                            cstackBANK0  00028
I2C1_SetDataCompleteCallback@ptr                           cstackBANK0  0002A
I2C1_SetInterruptHandler@InterruptHandler                  cstackBANK0  00023
I2C1_WriteNBytes@address                                   cstackBANK0  0002F
I2C1_WriteNBytes@data                                      cstackBANK0  0002C
I2C1_WriteNBytes@len                                       cstackBANK0  0002D
TMR1_DefaultInterruptHandler@RE_offset                     bssBANK2     00142
TMR1_DefaultInterruptHandler@intcnt                        bssBANK2     00144
TMR1_DefaultInterruptHandler@led_blink                     bssBANK2     00120
TMR1_DefaultInterruptHandler@pushcnt                       bssBANK2     0012C
TMR1_DefaultInterruptHandler@pushstat                      bssBANK2     00143
TMR1_SetInterruptHandler@InterruptHandler                  cstackBANK0  00023
TMR1_WriteTimer@timerVal                                   cstackCOMMON 00070
_ADC_96K                                                   dataBANK3    001D1
_ADC_ATTL_3dB                                              dataBANK3    001DB
_ADC_ATTR_3dB                                              dataBANK3    001D9
_ADC_DC                                                    dataBANK3    001D3
_ANSELA                                                    (abs)        0018C
_ANSELB                                                    (abs)        0018D
_ANSELC                                                    (abs)        0018E
_AUXSRC_ADC                                                dataBANK3    001E3
_AUXSRC_AUTO                                               dataBANK3    001E5
_AUXSRC_DIR                                                dataBANK2    0015F
_AUXSRC_LVDS                                               dataBANK3    001E1
_CALC_MOUT                                                 dataBANK3    001DD
_DATAEE_ReadByte                                           text75       02722
_DATAEE_WriteByte                                          text74       01B00
_DELAY_milliseconds                                        text38       0276F
_DIR_COAX                                                  dataBANK3    001DF
_DIR_OPT                                                   dataBANK2    0015D
_DIT_ADC                                                   dataBANK2    00159
_DIT_DIR                                                   dataBANK2    0015B
_DIT_I2S                                                   dataBANK3    001D5
_DIT_LVDS                                                  dataBANK3    001D7
_I2C1_CallbackReturnReset                                  text108      0262E
_I2C1_CallbackReturnStop                                   text109      0262C
_I2C1_Close                                                text61       01A89
_I2C1_DO_ADDRESS_NACK                                      text85       01C75
_I2C1_DO_IDLE                                              text99       02680
_I2C1_DO_RCEN                                              text94       02690
_I2C1_DO_RESET                                             text86       02685
_I2C1_DO_RX                                                text95       01D5E
_I2C1_DO_RX_ACK                                            text89       0266C
_I2C1_DO_RX_NACK_RESTART                                   text87       02674
_I2C1_DO_RX_NACK_STOP                                      text88       02670
_I2C1_DO_SEND_ADR_READ                                     text98       026A9
_I2C1_DO_SEND_ADR_WRITE                                    text97       026A2
_I2C1_DO_SEND_RESTART                                      text91       02664
_I2C1_DO_SEND_RESTART_READ                                 text93       0265C
_I2C1_DO_SEND_RESTART_WRITE                                text92       02660
_I2C1_DO_SEND_STOP                                         text90       02668
_I2C1_DO_TX                                                text96       01F0F
_I2C1_DO_TX_EMPTY                                          text100      01CA0
_I2C1_Initialize                                           text73       026C9
_I2C1_MasterClearIrq                                       text64       02644
_I2C1_MasterClose                                          text63       02647
_I2C1_MasterDisableIrq                                     text62       0264A
_I2C1_MasterEnableIrq                                      text57       0264D
_I2C1_MasterEnableRestart                                  text124      02632
_I2C1_MasterFsm                                            text83       01C4C
_I2C1_MasterGetRxData                                      text105      02638
_I2C1_MasterIsNack                                         text102      0268A
_I2C1_MasterIsr                                            text82       02641
_I2C1_MasterOpen                                           text56       02730
_I2C1_MasterOperation                                      text59       01A1F
_I2C1_MasterSendAck                                        text104      02654
_I2C1_MasterSendNack                                       text106      02650
_I2C1_MasterSendTxData                                     text103      02658
_I2C1_MasterSetIrq                                         text101      0263B
_I2C1_MasterStart                                          text60       00002
_I2C1_MasterStartRx                                        text107      02630
_I2C1_MasterStop                                           text123      02635
_I2C1_MasterWrite                                          text58       0267C
_I2C1_Open                                                 text54       01DE6
_I2C1_SetAddressNackCallback                               text52       026FD
_I2C1_SetBuffer                                            text51       0191B
_I2C1_SetCallback                                          text53       01BFC
_I2C1_SetDataCompleteCallback                              text50       02709
_I2C1_SetInterruptHandler                                  text55       026C1
_I2C1_Status                                               bssBANK4     0024E
_I2C1_WriteNBytes                                          text47       01B65
_I2S_IN                                                    dataBANK2    00165
_I2S_OUT                                                   dataBANK2    00167
_INIT9211_20                                               dataBANK3    001CF
_INIT9211_26                                               dataBANK3    001C9
_INIT9211_27                                               dataBANK3    001C7
_INIT9211_2B                                               dataBANK3    001CB
_INIT9211_2E                                               dataBANK3    001CD
_INIT9211_31                                               dataBANK3    001C5
_INLVLA                                                    (abs)        0038C
_INLVLB                                                    (abs)        0038D
_INLVLC                                                    (abs)        0038E
_INTCONbits                                                (abs)        0000B
_INTERRUPT_InterruptManager                                intentry     00004
_LATA                                                      (abs)        0010C
_LATAbits                                                  (abs)        0010C
_LATB                                                      (abs)        0010D
_LATBbits                                                  (abs)        0010D
_LATC                                                      (abs)        0010E
_MSSP1_InterruptHandler                                    bssBANK2     00132
_NVMADRH                                                   (abs)        00892
_NVMADRL                                                   (abs)        00891
_NVMCON1bits                                               (abs)        00895
_NVMCON2                                                   (abs)        00896
_NVMDATL                                                   (abs)        00893
_ODCONA                                                    (abs)        0028C
_ODCONB                                                    (abs)        0028D
_ODCONC                                                    (abs)        0028E
_OSCCON1                                                   (abs)        00919
_OSCCON3                                                   (abs)        0091B
_OSCEN                                                     (abs)        0091D
_OSCFRQ                                                    (abs)        0091F
_OSCILLATOR_Initialize                                     text72       026DB
_OSCTUNE                                                   (abs)        0091E
_PIE1bits                                                  (abs)        00091
_PIN_MANAGER_Initialize                                    text71       00802
_PIR1bits                                                  (abs)        00011
_PLLR                                                      (abs)        048E0
_PMD0                                                      (abs)        00911
_PMD1                                                      (abs)        00912
_PMD2                                                      (abs)        00913
_PMD3                                                      (abs)        00914
_PMD4                                                      (abs)        00915
_PMD5                                                      (abs)        00916
_PMD_Initialize                                            text70       026B1
_PORTAbits                                                 (abs)        0000C
_PORTC                                                     (abs)        0000E
_RB4PPS                                                    (abs)        00E9C
_RB6PPS                                                    (abs)        00E9E
_RE_pos                                                    bssBANK2     0014A
_SLRCONA                                                   (abs)        0030C
_SLRCONB                                                   (abs)        0030D
_SLRCONC                                                   (abs)        0030E
_SRC_ADC                                                   dataBANK2    00161
_SRC_DIR                                                   dataBANK2    00163
_SRC_I2S                                                   dataBANK3    001E7
_SRC_LVDS                                                  dataBANK3    001E9
_SSP1ADD                                                   (abs)        00212
_SSP1BUF                                                   (abs)        00211
_SSP1CLKPPS                                                (abs)        00E20
_SSP1CON1                                                  (abs)        00215
_SSP1CON1bits                                              (abs)        00215
_SSP1CON2                                                  (abs)        00216
_SSP1CON2bits                                              (abs)        00216
_SSP1CON3                                                  (abs)        00217
_SSP1DATPPS                                                (abs)        00E21
_SSP1STAT                                                  (abs)        00214
_SYSTEM_Initialize                                         text66       007ED
_T1CON                                                     (abs)        0001B
_T1CONbits                                                 (abs)        0001B
_T1GCON                                                    (abs)        0001C
_TAS_AC                                                    dataBANK2    00157
_TAS_CHK_RAILS                                             dataBANK3    001B7
_TAS_CLEAR_FALT                                            dataBANK2    00151
_TAS_DC                                                    dataBANK3    001BF
_TAS_DCDIAG_CLEAR                                          dataBANK3    001C1
_TAS_FS44K                                                 dataBANK3    001BD
_TAS_FS48K                                                 dataBANK3    001BB
_TAS_FS96K                                                 dataBANK2    00155
_TAS_MUTE                                                  dataBANK3    001B9
_TAS_NORMAL                                                dataBANK2    0014F
_TAS_PLAY                                                  dataBANK2    00153
_TAS_RESET                                                 dataBANK3    001C3
_TAS_RUN                                                   bssBANK3     001ED
_TMR1H                                                     (abs)        0001A
_TMR1L                                                     (abs)        00019
_TMR1_DefaultInterruptHandler                              text79       015A2
_TMR1_ISR                                                  text77       0275B
_TMR1_Initialize                                           text68       01A53
_TMR1_InterruptHandler                                     bssBANK2     0012E
_TMR1_SetInterruptHandler                                  text69       026B9
_TMR1_StartTimer                                           text65       00800
_TMR1_WriteTimer                                           text78       0274C
_TRISA                                                     (abs)        0008C
_TRISB                                                     (abs)        0008D
_TRISC                                                     (abs)        0008E
_WDTCON                                                    (abs)        00097
_WDT_Initialize                                            text67       02678
_WPUA                                                      (abs)        0020C
_WPUB                                                      (abs)        0020D
_WPUC                                                      (abs)        0020E
__Habs1                                                    abs1         00000
__Hbank0                                                   bank0        00000
__Hbank1                                                   bank1        00000
__Hbank10                                                  bank10       00000
__Hbank11                                                  bank11       00000
__Hbank12                                                  bank12       00000
__Hbank13                                                  bank13       00000
__Hbank14                                                  bank14       00000
__Hbank15                                                  bank15       00000
__Hbank16                                                  bank16       00000
__Hbank17                                                  bank17       00000
__Hbank18                                                  bank18       00000
__Hbank19                                                  bank19       00000
__Hbank2                                                   bank2        00000
__Hbank20                                                  bank20       00000
__Hbank21                                                  bank21       00000
__Hbank22                                                  bank22       00000
__Hbank23                                                  bank23       00000
__Hbank24                                                  bank24       00000
__Hbank25                                                  bank25       00000
__Hbank26                                                  bank26       00000
__Hbank27                                                  bank27       00000
__Hbank28                                                  bank28       00000
__Hbank29                                                  bank29       00000
__Hbank3                                                   bank3        00000
__Hbank30                                                  bank30       00000
__Hbank31                                                  bank31       00000
__Hbank4                                                   bank4        00000
__Hbank5                                                   bank5        00000
__Hbank6                                                   bank6        00000
__Hbank7                                                   bank7        00000
__Hbank8                                                   bank8        00000
__Hbank9                                                   bank9        00000
__Hbigram                                                  bigram       00000
__HbssBANK0                                                bssBANK0     00000
__HbssBANK2                                                bssBANK2     00000
__HbssBANK3                                                bssBANK3     00000
__HbssBANK4                                                bssBANK4     00000
__HbssBANK5                                                bssBANK5     00000
__HbssBANK6                                                bssBANK6     00000
__HbssCOMMON                                               bssCOMMON    00000
__Hcinit                                                   cinit        00083
__Hclrtext                                                 clrtext      00000
__Hcode                                                    code         00000
__Hcommon                                                  common       00000
__Hconfig                                                  config       0800B
__HcstackBANK0                                             cstackBANK0  00000
__HcstackBANK1                                             cstackBANK1  00000
__HcstackBANK5                                             cstackBANK5  00000
__HcstackCOMMON                                            cstackCOMMON 00000
__HdataBANK2                                               dataBANK2    00000
__HdataBANK3                                               dataBANK3    00000
__HdataBANK4                                               dataBANK4    00000
__HdataBANK5                                               dataBANK5    00000
__Heeprom_data                                             eeprom_data  00000
__Hend_init                                                end_init     00027
__Hfunctab                                                 functab      00000
__HidataBANK2                                              idataBANK2   00000
__HidataBANK3                                              idataBANK3   00000
__HidataBANK4                                              idataBANK4   00000
__HidataBANK5                                              idataBANK5   00000
[...]
      Locals:         1       0       0       0       0       0       0       0       0       0       0       0       0       0       0       0       0       0       0       0       0       0       0       0       0       0       0
      Temps:          1       0       0       0       0       0       0       0       0       0       0       0       0       0       0       0       0       0       0       0       0       0       0       0       0       0       0
      Totals:         5       0       0       0       0       0       0       0       0       0       0       0       0       0       0       0       0       0       0       0       0       0       0       0       0       0       0
Total ram usage:        5 bytes
 Hardware stack levels used:    1
 This function calls:
		Nothing
 This function is called by:
		i1_I2C1_SetDataCompleteCallback
 This function uses a non-reentrant model


 *************** function i1_I2C1_SetBuffer *****************
 Defined at:
		line 265 in file "mcc_generated_files/i2c1_master.c"
 Parameters:    Size  Location     Type
  buffer          2    0[COMMON] PTR void 
		 -> tasbuff(2), write_tas6422@buffer(2), TAS_NORMAL(2), TAS_CLEAR_FALT(2), 
		 -> TAS_CHK_RAILS(2), TAS_PLAY(2), TAS_MUTE(2), TAS_FS96K(2), 
		 -> TAS_FS48K(2), TAS_FS44K(2), TAS_AC(2), TAS_DC(2), 
		 -> TAS_DCDIAG_CLEAR(2), TAS_RUN(2), TAS_RESET(2), INIT9211_31(2), 
		 -> INIT9211_27(2), INIT9211_26(2), INIT9211_2B(2), INIT9211_2E(2), 
		 -> INIT9211_20(2), ADC_96K(2), ADC_DC(2), DIT_I2S(2), 
		 -> DIT_LVDS(2), DIT_ADC(2), DIT_DIR(2), ADC_ATTR_3dB(2), 
		 -> ADC_ATTL_3dB(2), CALC_MOUT(2), DIR_COAX(2), DIR_OPT(2), 
		 -> AUXSRC_LVDS(2), AUXSRC_ADC(2), AUXSRC_DIR(2), AUXSRC_AUTO(2), 
		 -> SRC_I2S(2), SRC_LVDS(2), SRC_ADC(2), SRC_DIR(2), 
		 -> I2S_IN(2), I2S_OUT(2), I2C1_ReadDataBlock@reg(1), I2C1_ReadDataBlock@bufferBlock(3), 
		 -> I2C1_Write2ByteRegister@reg(1), I2C1_Write2ByteRegister@data(2), I2C1_Write1ByteRegister@reg(1), I2C1_Write1ByteRegister@data(1), 
		 -> I2C1_Read2ByteRegister@reg(1), I2C1_Read2ByteRegister@returnValue(2), I2C1_Read1ByteRegister@reg(1), I2C1_Read1ByteRegister@returnValue(1), 
		 -> i2c_readDataBlock@reg(1), i2c_readDataBlock@d(3), i2c_write2ByteRegister@reg(1), i2c_write2ByteRegister@data(2), 
		 -> i2c_read2ByteRegister@reg(1), i2c_read2ByteRegister@result(2), i2c_read1ByteRegister@reg(1), i2c_read1ByteRegister@d2(1), 
		 -> i2c_write1ByteRegister@reg(1), i2c_write1ByteRegister@data(1), NULL(0), i2c_lcd_send_data@lowerdata_en(1), 
		 -> i2c_lcd_send_data@lowerdata(1), i2c_lcd_send_data@upperdata_en(1), i2c_lcd_send_data@upperdata(1), i2c_lcd_send_upper4bit@upperdata_en(1), 
		 -> i2c_lcd_send_upper4bit@upperdata(1), i2c_lcd_send_command@lowerdata_en(1), i2c_lcd_send_command@lowerdata(1), i2c_lcd_send_command@upperdata_en(1), 
		 -> i2c_lcd_send_command@upperdata(1), 
  bufferSize      2    2[COMMON] unsigned int 
 Auto vars:     Size  Location     Type
		None
 Return value:  Size  Location     Type
                  1    wreg      void 
 Registers used:
		wreg
 Tracked objects:
		On entry : 
		On exit  : 
		Unchanged: 
 Data sizes:     COMMON   BANK0   BANK1   BANK2   BANK3   BANK4   BANK5   BANK6   BANK7   BANK8   BANK9  BANK10  BANK11  BANK12  BANK13  BANK14  BANK15  BANK16  BANK17  BANK18  BANK19  BANK20  BANK21  BANK22  BANK23  BANK24  BANK25
      Params:         4       0       0       0       0       0       0       0       0       0       0       0       0       0       0       0       0       0       0       0       0       0       0       0       0       0       0
      Locals:         0       0       0       0       0       0       0       0       0       0       0       0       0       0       0       0       0       0       0       0       0       0       0       0       0       0       0
      Temps:          0       0       0       0       0       0       0       0       0       0       0       0       0       0       0       0       0       0       0       0       0       0       0       0       0       0       0
      Totals:         4       0       0       0       0       0       0       0       0       0       0       0       0       0       0       0       0       0       0       0       0       0       0       0       0       0       0
Total ram usage:        4 bytes
 Hardware stack levels used:    1
 This function calls:
		Nothing
 This function is called by:
		_wr1RegCompleteHandler
		_rd1RegCompleteHandler
		_rd2RegCompleteHandler
		_wr2RegCompleteHandler
		_rdBlkRegCompleteHandler
		_rd1RegCompleteHandler@i2c1_master_example$F195
		_rd2RegCompleteHandler@i2c1_master_example$F206
		_wr1RegCompleteHandler@i2c1_master_example$F212
		_wr2RegCompleteHandler@i2c1_master_example$F218
		_rdBlkRegCompleteHandler@i2c1_master_example$F229
 This function uses a non-reentrant model


 *************** function _I2C1_MasterStop *****************
 Defined at:
		line 596 in file "mcc_generated_files/i2c1_master.c"
 Parameters:    Size  Location     Type
		None
 Auto vars:     Size  Location     Type
		None
 Return value:  Size  Location     Type
                  1    wreg      void 
 Registers used:
		None
 Tracked objects:
		On entry : 
		On exit  : 
		Unchanged: 
 Data sizes:     COMMON   BANK0   BANK1   BANK2   BANK3   BANK4   BANK5   BANK6   BANK7   BANK8   BANK9  BANK10  BANK11  BANK12  BANK13  BANK14  BANK15  BANK16  BANK17  BANK18  BANK19  BANK20  BANK21  BANK22  BANK23  BANK24  BANK25
      Params:         0       0       0       0       0       0       0       0       0       0       0       0       0       0       0       0       0       0       0       0       0       0       0       0       0       0       0
      Locals:         0       0       0       0       0       0       0       0       0       0       0       0       0       0       0       0       0       0       0       0       0       0       0       0       0       0       0
      Temps:          0       0       0       0       0       0       0       0       0       0       0       0       0       0       0       0       0       0       0       0       0       0       0       0       0       0       0
      Totals:         0       0       0       0       0       0       0       0       0       0       0       0       0       0       0       0       0       0       0       0       0       0       0       0       0       0       0
Total ram usage:        0 bytes
 Hardware stack levels used:    1
 This function calls:
		Nothing
 This function is called by:
		_I2C1_DO_SEND_STOP
 This function uses a non-reentrant model


 *************** function _I2C1_MasterEnableRestart *****************
 Defined at:
		line 576 in file "mcc_generated_files/i2c1_master.c"
 Parameters:    Size  Location     Type
		None
 Auto vars:     Size  Location     Type
		None
 Return value:  Size  Location     Type
                  1    wreg      void 
 Registers used:
		None
 Tracked objects:
		On entry : 
		On exit  : 
		Unchanged: 
 Data sizes:     COMMON   BANK0   BANK1   BANK2   BANK3   BANK4   BANK5   BANK6   BANK7   BANK8   BANK9  BANK10  BANK11  BANK12  BANK13  BANK14  BANK15  BANK16  BANK17  BANK18  BANK19  BANK20  BANK21  BANK22  BANK23  BANK24  BANK25
      Params:         0       0       0       0       0       0       0       0       0       0       0       0       0       0       0       0       0       0       0       0       0       0       0       0       0       0       0
      Locals:         0       0       0       0       0       0       0       0       0       0       0       0       0       0       0       0       0       0       0       0       0       0       0       0       0       0       0
      Temps:          0       0       0       0       0       0       0       0       0       0       0       0       0       0       0       0       0       0       0       0       0       0       0       0       0       0       0
      Totals:         0       0       0       0       0       0       0       0       0       0       0       0       0       0       0       0       0       0       0       0       0       0       0       0       0       0       0
Total ram usage:        0 bytes
 Hardware stack levels used:    1
 This function calls:
		Nothing
 This function is called by:
		_I2C1_DO_SEND_RESTART_READ
		_I2C1_DO_SEND_RESTART_WRITE
		_I2C1_DO_SEND_RESTART
 This function uses a non-reentrant model



MODULE INFORMATION

Module		Function		Class		Link	Load	Size
mcc_generated_files/examples/i2c1_master_example.c
		_rdBlkRegCompleteHandler@i2c1_master_example$F229		CODE           	1A05	0000	26
		_rd1RegCompleteHandler@i2c1_master_example$F195		CODE           	18DC	0000	21
		_rd2RegCompleteHandler@i2c1_master_example$F206		CODE           	18F1	0000	21
		_wr1RegCompleteHandler@i2c1_master_example$F212		CODE           	1906	0000	21
		_wr2RegCompleteHandler@i2c1_master_example$F218		CODE           	2797	0000	21
		_I2C1_WriteNBytes		CODE           	1B65	0000	37

mcc_generated_files/examples/i2c1_master_example.c estimated size: 147

/Applications/microchip/xc8/v2.30/pic/sources/c99/common/doprnt.c
		_vfpfcnvrt     		CODE           	0DA8	0000	600
		_pad           		CODE           	1F5E	0000	81
		_dtoa          		CODE           	0949	0000	334
		_vfprintf      		CODE           	1CFA	0000	49
		_stoa          		CODE           	165D	0000	197
		_xtoa          		CODE           	0A97	0000	342

/Applications/microchip/xc8/v2.30/pic/sources/c99/common/doprnt.c estimated size: 1603

/Applications/microchip/xc8/v2.30/pic/sources/c99/common/isdigit.c
		_isdigit       		CODE           	1972	0000	24

/Applications/microchip/xc8/v2.30/pic/sources/c99/common/isdigit.c estimated size: 24

/Applications/microchip/xc8/v2.30/pic/sources/c99/common/atoi.c
		_atoi          		CODE           	130C	0000	159

/Applications/microchip/xc8/v2.30/pic/sources/c99/common/atoi.c estimated size: 159

mcc_generated_files/i2c1_master.c
		_I2C1_DO_SEND_RESTART		CODE           	2664	0000	4
		_I2C1_DO_TX_EMPTY		CODE           	1CA0	0000	44
		_I2C1_DO_SEND_RESTART_READ		CODE           	265C	0000	4
		_I2C1_CallbackReturnStop		CODE           	262C	0000	2
		_I2C1_DO_RX    		CODE           	1D5E	0000	65
		_I2C1_DO_TX    		CODE           	1F0F	0000	79
		_I2C1_SetAddressNackCallback		CODE           	26FD	0000	12
		_I2C1_DO_IDLE  		CODE           	2680	0000	5
		_I2C1_MasterOpen		CODE           	2730	0000	14
		_I2C1_DO_RCEN  		CODE           	2690	0000	6
		_I2C1_MasterSendTxData		CODE           	2658	0000	4
		_I2C1_MasterStop		CODE           	2635	0000	3
		_I2C1_CallbackReturnReset		CODE           	262E	0000	2
		_I2C1_DO_RESET 		CODE           	2685	0000	5
		_I2C1_MasterStartRx		CODE           	2630	0000	2
		_I2C1_DO_RX_ACK		CODE           	266C	0000	4
		_I2C1_MasterSendNack		CODE           	2650	0000	4
		_I2C1_DO_RX_NACK_RESTART		CODE           	2674	0000	4
		_I2C1_MasterDisableIrq		CODE           	264A	0000	3
		_I2C1_MasterOperation		CODE           	1A1F	0000	26
		_I2C1_SetCallback		CODE           	1BFC	0000	40
		_I2C1_MasterEnableRestart		CODE           	2632	0000	3
		_I2C1_Open     		CODE           	1DE6	0000	72
		_I2C1_DO_ADDRESS_NACK		CODE           	1C75	0000	43
		_I2C1_SetBuffer		CODE           	191B	0000	21
		_I2C1_DO_SEND_RESTART_WRITE		CODE           	2660	0000	4
		_I2C1_MasterClose		CODE           	2647	0000	3
		_I2C1_MasterWrite		CODE           	267C	0000	4
		_I2C1_Initialize		CODE           	26C9	0000	9
		_I2C1_Close    		CODE           	1A89	0000	28
		_I2C1_MasterIsNack		CODE           	268A	0000	6
		_I2C1_MasterStart		CODE           	0002	0000	2
		_I2C1_DO_SEND_ADR_WRITE		CODE           	26A2	0000	7
		_I2C1_MasterClearIrq		CODE           	2644	0000	3
		_I2C1_SetDataCompleteCallback		CODE           	2709	0000	12
		_I2C1_DO_SEND_STOP		CODE           	2668	0000	4
		_I2C1_MasterSendAck		CODE           	2654	0000	4
		_I2C1_MasterFsm		CODE           	1C4C	0000	41
		_I2C1_MasterIsr		CODE           	2641	0000	3
		_I2C1_MasterGetRxData		CODE           	2638	0000	3
		_I2C1_SetInterruptHandler		CODE           	26C1	0000	8
		_I2C1_MasterSetIrq		CODE           	263B	0000	3
		_I2C1_DO_SEND_ADR_READ		CODE           	26A9	0000	8
		_I2C1_MasterEnableIrq		CODE           	264D	0000	3
		_I2C1_DO_RX_NACK_STOP		CODE           	2670	0000	4

mcc_generated_files/i2c1_master.c estimated size: 630

/Applications/microchip/xc8/v2.30/pic/sources/c99/common/Umul16.c
		___wmul        		CODE           	1A6E	0000	27

/Applications/microchip/xc8/v2.30/pic/sources/c99/common/Umul16.c estimated size: 27

/Applications/microchip/xc8/v2.30/pic/sources/c99/common/aodiv.c
		___aodiv       		CODE           	06F7	0000	246

/Applications/microchip/xc8/v2.30/pic/sources/c99/common/aodiv.c estimated size: 246

/Applications/microchip/xc8/v2.30/pic/sources/c99/common/nf_fputs.c
		_fputs         		CODE           	1BAF	0000	37

/Applications/microchip/xc8/v2.30/pic/sources/c99/common/nf_fputs.c estimated size: 37

mcc_generated_files/interrupt_manager.c
		_INTERRUPT_InterruptManager		CODE           	0004	0000	33

mcc_generated_files/interrupt_manager.c estimated size: 33

/Applications/microchip/xc8/v2.30/pic/sources/c99/common/isupper.c
		_isupper       		CODE           	19A2	0000	24

/Applications/microchip/xc8/v2.30/pic/sources/c99/common/isupper.c estimated size: 24

/Applications/microchip/xc8/v2.30/pic/sources/c99/common/awdiv.c
		___awdiv       		CODE           	1FAF	0000	81

/Applications/microchip/xc8/v2.30/pic/sources/c99/common/awdiv.c estimated size: 81

mcc_generated_files/pin_manager.c
		_PIN_MANAGER_Initialize		CODE           	0802	0000	52

mcc_generated_files/pin_manager.c estimated size: 52

/Applications/microchip/xc8/v2.30/pic/sources/c99/common/lbmod.c
		___lbmod       		CODE           	1AE0	0000	32

/Applications/microchip/xc8/v2.30/pic/sources/c99/common/lbmod.c estimated size: 32

/Applications/microchip/xc8/v2.30/pic/sources/c99/common/nf_sprintf.c
		_sprintf       		CODE           	1B42	0000	35

/Applications/microchip/xc8/v2.30/pic/sources/c99/common/nf_sprintf.c estimated size: 35

/Applications/microchip/xc8/v2.30/pic/sources/c99/common/islower.c
		_islower       		CODE           	19BA	0000	24

/Applications/microchip/xc8/v2.30/pic/sources/c99/common/islower.c estimated size: 24

mcc_generated_files/drivers/i2c_simple_master.c
		_wr1RegCompleteHandler		CODE           	27AC	0000	21
		_wr2RegCompleteHandler		CODE           	27EB	0000	21
		_i2c_writeNBytes		CODE           	1B8A	0000	37
		_rdBlkRegCompleteHandler		CODE           	19EB	0000	26
		_i2c_read1ByteRegister		CODE           	1D9F	0000	71
		_rd1RegCompleteHandler		CODE           	27C1	0000	21
		_rd2RegCompleteHandler		CODE           	27D6	0000	21

mcc_generated_files/drivers/i2c_simple_master.c estimated size: 218

/Applications/microchip/xc8/v2.30/pic/sources/c99/common/toupper.c
		_toupper       		CODE           	1B21	0000	33

/Applications/microchip/xc8/v2.30/pic/sources/c99/common/toupper.c estimated size: 33

/Applications/microchip/xc8/v2.30/pic/sources/c99/common/isalpha.c
		_isalpha       		CODE           	1AC2	0000	30

/Applications/microchip/xc8/v2.30/pic/sources/c99/common/isalpha.c estimated size: 30

lcd_driver_files/i2c-lcdlib-ceg003400.c
		_i2c_lcd_home  		CODE           	18CF	0000	13
		_i2c_lcd_init  		CODE           	10CF	0000	86
		_i2c_lcd_puts  		CODE           	1930	0000	21
		_i2c_lcd_clear 		CODE           	2715	0000	13
		_i2c_lcd_send_data		CODE           	1024	0000	85
		_i2c_lcd_set_cursor_pos		CODE           	1D2B	0000	51
		_i2c_lcd_send_upper4bit		CODE           	1C24	0000	40
		_i2c_lcd_send_command		CODE           	1079	0000	86
		_i2c_lcd_ulcursor_off		CODE           	273E	0000	14

lcd_driver_files/i2c-lcdlib-ceg003400.c estimated size: 409

/Applications/microchip/xc8/v2.30/pic/sources/c99/common/isspace.c
		_isspace       		CODE           	1AA5	0000	29

/Applications/microchip/xc8/v2.30/pic/sources/c99/common/isspace.c estimated size: 29

shared
		i1_I2C1_SetBuffer		CODE           	26E5	0000	12
		_led_src_name  		STRCODE        	20FF	0000	35
		_led_i2s_dir   		STRCODE        	207E	0000	14
		i1_I2C1_SetCallback		CODE           	1BD4	0000	40
		_lcd_fs_name   		STRCODE        	1800	0000	112
		_led_fs_name   		STRCODE        	0000	0000	0
		_lcd_aux_name  		STRCODE        	2837	0000	14
		_lcd_hpf_fc    		STRCODE        	2000	0000	63
		_led_hpf_fc    		STRCODE        	203F	0000	63
		__initialization		CODE           	0027	0000	88
		readRE@RE_states		STRCODE        	0000	0000	0
		_fsmStateTable 		STRCODE        	2122	0000	32
		_font7seg      		STRCODE        	1870	0000	95
		i1_I2C1_MasterClearIrq		CODE           	263E	0000	3
		i1_I2C1_SetDataCompleteCallback		CODE           	26F1	0000	12
		_lcd_src_name  		STRCODE        	20D7	0000	40

shared estimated size: 623

/Applications/microchip/xc8/v2.30/pic/sources/c99/common/nf_fputc.c
		_fputc         		CODE           	1EC3	0000	76

/Applications/microchip/xc8/v2.30/pic/sources/c99/common/nf_fputc.c estimated size: 76

mcc_generated_files/mcc.c
		_WDT_Initialize		CODE           	2678	0000	4
		_PMD_Initialize		CODE           	26B1	0000	8
		_OSCILLATOR_Initialize		CODE           	26DB	0000	10
		_SYSTEM_Initialize		CODE           	07ED	0000	18

mcc_generated_files/mcc.c estimated size: 40

/Applications/microchip/xc8/v2.30/pic/sources/c99/common/strcat.c
		_strcat        		CODE           	2783	0000	20

/Applications/microchip/xc8/v2.30/pic/sources/c99/common/strcat.c estimated size: 20

/Applications/microchip/xc8/v2.30/pic/sources/c99/common/abs.c
		_abs           		CODE           	198A	0000	24

/Applications/microchip/xc8/v2.30/pic/sources/c99/common/abs.c estimated size: 24

mcc_generated_files/tmr1.c
		_TMR1_Initialize		CODE           	1A53	0000	27
		_TMR1_SetInterruptHandler		CODE           	26B9	0000	8
		_get7seg_font  		CODE           	1945	0000	22
		_TMR1_DefaultInterruptHandler		CODE           	15A2	0000	187
		_TMR1_WriteTimer		CODE           	274C	0000	15
		_TMR1_StartTimer		CODE           	0800	0000	2
		_TMR1_ISR      		CODE           	275B	0000	20
		_read_clickRE  		CODE           	1E2E	0000	74

mcc_generated_files/tmr1.c estimated size: 355

/Applications/microchip/xc8/v2.30/pic/sources/c99/common/putch.c
		_putch         		CODE           	07FF	0000	1

/Applications/microchip/xc8/v2.30/pic/sources/c99/common/putch.c estimated size: 1

disp_param.c
		_lcd_disp_param		CODE           	0BED	0000	443

disp_param.c estimated size: 443

mcc_generated_files/delay.c
		_DELAY_milliseconds		CODE           	276F	0000	20

mcc_generated_files/delay.c estimated size: 20

mcc_generated_files/memory.c
		_DATAEE_WriteByte		CODE           	1B00	0000	33
		_DATAEE_ReadByte		CODE           	2722	0000	14

mcc_generated_files/memory.c estimated size: 47

/Applications/microchip/xc8/v2.30/pic/sources/c99/common/aomod.c
		___aomod       		CODE           	1722	0000	222

/Applications/microchip/xc8/v2.30/pic/sources/c99/common/aomod.c estimated size: 222

/Applications/microchip/xc8/v2.30/pic/sources/c99/common/strlen.c
		_strlen        		CODE           	195B	0000	23

/Applications/microchip/xc8/v2.30/pic/sources/c99/common/strlen.c estimated size: 23

/Applications/microchip/xc8/v2.30/pic/sources/c99/common/strcpy.c
		_strcpy        		CODE           	1000	0000	36

/Applications/microchip/xc8/v2.30/pic/sources/c99/common/strcpy.c estimated size: 36

main.c
		_init_pcm9211  		CODE           	14E9	0000	185
		_init_tas6422  		CODE           	1125	0000	105
		_set_source    		CODE           	0836	0000	275
		_write_tas6422 		CODE           	19D2	0000	25
		_main          		CODE           	0083	0000	1652
		_chk6422warning		CODE           	1276	0000	150
		_show_uolstr   		CODE           	144A	0000	159
		_puts_led      		CODE           	11FC	0000	122
		_set_gains     		CODE           	118E	0000	110
		_set_gainstr   		CODE           	13AB	0000	159

main.c estimated size: 2942

