Microchip MPLAB XC8 Compiler V2.20

Linker command line:

-W-3 --edf=/Applications/microchip/xc8/v2.20/pic/dat/en_msgs.txt -cn \
  -h+dist/default/production/PIC16F1829.production.sym \
  --cmf=dist/default/production/PIC16F1829.production.cmf -z -Q16F1829 \
  -o/tmp/xcnkBwTZX --defsym=__MPLAB_BUILD=1 \
  -Mdist/default/production/PIC16F1829.production.map -E1 -ver=XC8 Compiler \
  --acfsm=1493 -ASTACK=021E9h-023EFh -pstack=STACK -ACODE=00h-07FFhx4 \
  -ASTRCODE=00h-01FFFh -ASTRING=00h-0FFhx32 -ACONST=00h-0FFhx32 \
  -AENTRY=00h-0FFhx32 -ACOMMON=070h-07Fh -ABANK0=020h-06Fh \
  -ABANK1=0A0h-0EFh -ABANK2=0120h-016Fh -ABANK3=01A0h-01EFh \
  -ABANK4=0220h-026Fh -ABANK5=02A0h-02EFh -ABANK6=0320h-036Fh \
  -ABANK7=03A0h-03EFh -ABANK8=0420h-046Fh -ABANK9=04A0h-04EFh \
  -ABANK10=0520h-056Fh -ABANK11=05A0h-05EFh -ABANK12=0620h-064Fh \
  -ABIGRAM=02000h-023EFh \
  -ARAM=020h-06Fh,0A0h-0EFh,0120h-016Fh,01A0h-01EFh,0220h-026Fh,02A0h-02EFh,0320h-036Fh,03A0h-03EFh,0420h-046Fh,04A0h-04EFh,0520h-056Fh,05A0h-05EFh,0620h-064Fh \
  -AABS1=020h-07Fh,0A0h-0EFh,0120h-016Fh,01A0h-01EFh,0220h-026Fh,02A0h-02EFh,0320h-036Fh,03A0h-03EFh,0420h-046Fh,04A0h-04EFh,0520h-056Fh,05A0h-05EFh,0620h-064Fh \
  -ASFR0=00h-01Fh -ASFR1=080h-09Fh -ASFR2=0100h-011Fh -ASFR3=0180h-019Fh \
  -ASFR4=0200h-021Fh -ASFR5=0280h-029Fh -ASFR6=0300h-031Fh \
  -ASFR7=0380h-039Fh -ASFR8=0400h-041Fh -ASFR9=0480h-049Fh \
  -ASFR10=0500h-051Fh -ASFR11=0580h-059Fh -ASFR12=0600h-061Fh \
  -ASFR13=0680h-06EFh -ASFR14=0700h-076Fh -ASFR15=0780h-07EFh \
  -ASFR16=0800h-086Fh -ASFR17=0880h-08EFh -ASFR18=0900h-096Fh \
  -ASFR19=0980h-09EFh -ASFR20=0A00h-0A6Fh -ASFR21=0A80h-0AEFh \
  -ASFR22=0B00h-0B6Fh -ASFR23=0B80h-0BEFh -ASFR24=0C00h-0C6Fh \
  -ASFR25=0C80h-0CEFh -ASFR26=0D00h-0D6Fh -ASFR27=0D80h-0DEFh \
  -ASFR28=0E00h-0E6Fh -ASFR29=0E80h-0EEFh -ASFR30=0F00h-0F6Fh \
  -ASFR31=0F80h-0FEFh -ACONFIG=08007h-08008h -DCONFIG=2 \
  -AIDLOC=08000h-08003h -DIDLOC=2 \
  -preset_vec=00h,intentry=04h,init,end_init -ppowerup=CODE -pcinit=CODE \
  -pfunctab=ENTRY -AEEDATA=00h-0FFh/0F000h -peeprom_data=EEDATA -DEEDATA=2 \
  -DCODE=2 -DSTRCODE=2 -DSTRING=2 -DCONST=2 -DENTRY=2 -k /tmp/xcV2mUU0T.o \
  dist/default/production/PIC16F1829.production.o 

Object code version is 3.11

Machine type is 16F1829



                Name                               Link     Load   Length Selector   Space Scale
/tmp/xcV2mUU0T.o
                end_init                             25       25        2        8       0
                reset_vec                             0        0        2        0       0
                config                             8007     8007        2        0       4
dist/default/production/PIC16F1829.production.o
                cinit                                27       27       48        8       0
                intentry                              4        4       21        8       0
                config                             8007     8007        2        0       4
                text121                            1AA6     1AA6        3     354C       0
                text120                            1AA9     1AA9        3     3552       0
                text119                            1B47     1B47        C     368E       0
                text118                            1F88     1F88       28     3F10       0
                text117                            1B53     1B53        C     36A6       0
                text116                            1BF7     1BF7       15     37EE       0
                text115                            1C0C     1C0C       15     3818       0
                text114                            1C21     1C21       15     3842       0
                text113                            1C36     1C36       15     386C       0
                text112                            1C4B     1C4B       15     3896       0
                text111                            1D56     1D56       1A     3AAC       0
                text110                            1C60     1C60       15     38C0       0
                text109                            1C75     1C75       15     38EA       0
                text108                            1C8A     1C8A       15     3914       0
                text107                            1D70     1D70       1A     3AE0       0
                text106                            1AA2     1AA2        2     3544       0
                text105                            1AA4     1AA4        2     3548       0
                text104                            1AAC     1AAC        3     3558       0
                text103                            1AC7     1AC7        4     358E       0
                text102                            1AAF     1AAF        3     355E       0
                text101                            1ACB     1ACB        4     3596       0
                text100                            1AEF     1AEF        5     35DE       0
                text99                             1AFE     1AFE        6     35FC       0
                text98                             1AB2     1AB2        3     3564       0
                text97                             105E     105E       2C     20BC       0
                text96                             1AF4     1AF4        5     35E8       0
                text95                             1B24     1B24        8     3648       0
                text94                             1B16     1B16        7     362C       0
                text93                             136A     136A       52     26D4       0
                text92                             111D     111D       42     223A       0
                text91                             1B04     1B04        6     3608       0
                text90                             1ACF     1ACF        4     359E       0
                text89                             1AD3     1AD3        4     35A6       0
                text88                             1AD7     1AD7        4     35AE       0
                text87                             1ADB     1ADB        4     35B6       0
                text86                             1ADF     1ADF        4     35BE       0
                text85                             1AE3     1AE3        4     35C6       0
                text84                             1AE7     1AE7        4     35CE       0
                text83                             1AF9     1AF9        5     35F2       0
                text82                             1033     1033       2B     2066       0
                text81                             1AB5     1AB5        3     356A       0
                text80                             1009     1009       2A     2012       0
                text79                             1AB8     1AB8        3     3570       0
                text78                             1CC9     1CC9       16     3992       0
                text77                             1237     1237       4A     246E       0
                text76                              8B2      8B2       BF     1164       0
                text75                             1BAC     1BAC        F     3758       0
                text74                             1BBB     1BBB       14     3776       0
                text72                             1B77     1B77        D     36EE       0
                text71                             1E6C     1E6C       21     3CD8       0
                text70                             1000     1000        9     1CDA       0
                text69                             1B1D     1B1D        7     363A       0
                text68                             1D8A     1D8A       1A     3B14       0
                text67                             1B2C     1B2C        8     3658       0
                text66                             1DBE     1DBE       1B     3B7C       0
                text65                             1AEB     1AEB        4     35D6       0
                text64                              804      804        F     1008       0
                text63                                2        2        2        0       0
                text62                             1ABB     1ABB        3     3576       0
                text61                             1ABE     1ABE        3     357C       0
                text60                             1AC1     1AC1        3     3582       0
                text59                             1DF4     1DF4       1D     3BE8       0
                text58                             1AC4     1AC4        3     3588       0
                text57                             1DA4     1DA4       1A     3B48       0
                text56                              800      800        4     1000       0
                text55                              7FD      7FD        3        8       0
                text54                             1B3C     1B3C        B     3678       0
                text53                             1B34     1B34        8     3668       0
                text52                             11A6     11A6       48     234C       0
                text51                             1FB0     1FB0       28     3F60       0
                text50                             1B5F     1B5F        C     36BE       0
                text49                             1C9F     1C9F       15     393E       0
                text48                             1B6B     1B6B        C     36D6       0
                text47                             115F     115F       47     22BE       0
                text46                             160E     160E       97     2C1C       0
                text45                             1F19     1F19       25     3E32       0
                text44                             1411     1411       56     2822       0
                text43                             1B84     1B84        D     3708       0
                text42                             1B91     1B91        D     3722       0
                text41                             1FD8     1FD8       28     3FB0       0
                text40                             1467     1467       56     28CE       0
                text39                             1B9E     1B9E        E     373C       0
                text38                             1F3E     1F3E       25     3E7C       0
                text37                             1744     1744       BC     2E88       0
                text36                             1BCF     1BCF       14     379E       0
                text35                             14BD     14BD       69     297A       0
                text34                             1E4C     1E4C       20     3C98       0
                text33                             13BC     13BC       55     2778       0
                text32                             1CB4     1CB4       15     3968       0
                text31                             10EA     10EA       33     21D4       0
                text30                             1DD9     1DD9       1B     3BB2       0
                text29                             1CF6     1CF6       18     39EC       0
                text28                             1E11     1E11       1D     3C22       0
                text27                             16A5     16A5       9F     2D4A       0
                text26                              B11      B11       F6     1622       0
                text25                              A33      A33       DE     1466       0
                text24                             1D0E     1D0E       18     3A1C       0
                text23                             1AA1     1AA1        1     3542       0
                text22                             1281     1281       4C     2502       0
                text21                             1F63     1F63       25     3EC6       0
                text20                             1CDF     1CDF       17     39BE       0
                text19                             12CD     12CD       4C     259A       0
                text18                              6B3      6B3      14A        8       0
                text17                              971      971       C2     12E2       0
                text16                             1E2E     1E2E       1E     3C5C       0
                text15                             1D26     1D26       18     3A4C       0
                text14                             1D3E     1D3E       18     3A7C       0
                text13                             1E8D     1E8D       21     3D1A       0
                text12                              D1A      D1A      153     1A34       0
                text11                              45E      45E      255        8       0
                text10                             10B9     10B9       31     2172       0
                text9                              1EAE     1EAE       23     3D5C       0
                text8                               E6D      E6D      193     1CDA       0
                text7                              1526     1526       6E     2A4C       0
                text6                              1319     1319       51     2632       0
                text5                              1594     1594       7A     2B28       0
                text4                              1ED1     1ED1       24     3DA2       0
                text3                              1BE3     1BE3       14     37C6       0
                text2                               813      813       9F     1026       0
                text1                               C07      C07      113     180E       0
                maintext                             6F       6F      3EF        8       0
                cstackBANK0                          20       20       4A       20       1
                cstackCOMMON                         70       70        D       70       1
                cstackBANK1                          A0       A0       46       A0       1
                cstackBANK2                         168      168        7      120       1
                cstackBANK6                         320      320        9      320       1
                clrtext                            1B0A     1B0A        6     3614       0
                inittext                           1B10     1B10        6     3620       0
                bssBANK5                            2A0      2A0       49      2A0       1
                dataBANK4                           220      220       49      220       1
                dataBANK3                           1A0      1A0       2F      1A0       1
                bssBANK3                            1CF      1CF       20      1A0       1
                dataBANK2                           144      144       24      120       1
                bssBANK2                            120      120       24      120       1
                bssBANK1                             E6       E6        4       A0       1
                bssBANK0                             6A       6A        3       20       1
                bssCOMMON                            7D       7D        1       70       1
                stringtext26                       1A26     1A26        2     3000       0
                stringtext25                       1A22     1A22        4     3000       0
                stringtext24                       1A1E     1A1E        4     3000       0
                stringtext23                       1A1A     1A1A        4     3000       0
                stringtext22                       1A16     1A16        4     3000       0
                stringtext21                       1A12     1A12        4     3000       0
                stringtext20                       1A0E     1A0E        4     3000       0
                stringtext19                       1A0A     1A0A        4     3000       0
                stringtext18                       1A06     1A06        4     3000       0
                stringtext17                       1A02     1A02        4     3000       0
                stringtext16                       19FD     19FD        5     3000       0
                stringtext15                       19F3     19F3        A     3000       0
                stringtext14                       19E6     19E6        D     3000       0
                stringtext13                       19D8     19D8        E     3000       0
                stringtext12                       1999     1999       13     3000       0
                stringtext11                       1985     1985       14     3000       0
                stringtext10                       1944     1944       21     3000       0
                nvBANK4                             269      269        4      220       1
                stringtext9                        19CA     19CA        E     3000       0
                stringtext8                        19BC     19BC        E     3000       0
                stringtext7                        1921     1921       23     3000       0
                stringtext6                        18F9     18F9       28     3000       0
                stringtext5                        1800     1800       70     3000       0
                stringtext4                        19AC     19AC       10     3000       0
                stringtext3                        1965     1965       20     3000       0
                stringtext2                        18CF     18CF       2A     3000       0
                stringtext1                        1870     1870       5F     3000       0
                idataBANK4                         11EE     11EE       49     23DC       0
                idataBANK3                         108A     108A       2F     2114       0
                idataBANK2                         1EF5     1EF5       24     3DEA       0

TOTAL           Name                               Link     Load   Length     Space
        CLASS   STACK          

        CLASS   CODE           
                end_init                             25       25        2         0
                cinit                                27       27       48         0
                intentry                              4        4       21         0
                reset_vec                             0        0        2         0
                text121                            1AA6     1AA6        3         0
                text120                            1AA9     1AA9        3         0
                text119                            1B47     1B47        C         0
                text118                            1F88     1F88       28         0
                text117                            1B53     1B53        C         0
                text116                            1BF7     1BF7       15         0
                text115                            1C0C     1C0C       15         0
                text114                            1C21     1C21       15         0
                text113                            1C36     1C36       15         0
                text112                            1C4B     1C4B       15         0
                text111                            1D56     1D56       1A         0
                text110                            1C60     1C60       15         0
                text109                            1C75     1C75       15         0
                text108                            1C8A     1C8A       15         0
                text107                            1D70     1D70       1A         0
                text106                            1AA2     1AA2        2         0
                text105                            1AA4     1AA4        2         0
                text104                            1AAC     1AAC        3         0
                text103                            1AC7     1AC7        4         0
                text102                            1AAF     1AAF        3         0
                text101                            1ACB     1ACB        4         0
                text100                            1AEF     1AEF        5         0
                text99                             1AFE     1AFE        6         0
                text98                             1AB2     1AB2        3         0
                text97                             105E     105E       2C         0
                text96                             1AF4     1AF4        5         0
                text95                             1B24     1B24        8         0
                text94                             1B16     1B16        7         0
                text93                             136A     136A       52         0
                text92                             111D     111D       42         0
                text91                             1B04     1B04        6         0
                text90                             1ACF     1ACF        4         0
                text89                             1AD3     1AD3        4         0
                text88                             1AD7     1AD7        4         0
                text87                             1ADB     1ADB        4         0
                text86                             1ADF     1ADF        4         0
                text85                             1AE3     1AE3        4         0
                text84                             1AE7     1AE7        4         0
                text83                             1AF9     1AF9        5         0
                text82                             1033     1033       2B         0
                text81                             1AB5     1AB5        3         0
                text80                             1009     1009       2A         0
                text79                             1AB8     1AB8        3         0
                text78                             1CC9     1CC9       16         0
                text77                             1237     1237       4A         0
                text76                              8B2      8B2       BF         0
                text75                             1BAC     1BAC        F         0
                text74                             1BBB     1BBB       14         0
                text72                             1B77     1B77        D         0
                text71                             1E6C     1E6C       21         0
                text70                             1000     1000        9         0
                text69                             1B1D     1B1D        7         0
                text68                             1D8A     1D8A       1A         0
                text67                             1B2C     1B2C        8         0
                text66                             1DBE     1DBE       1B         0
                text65                             1AEB     1AEB        4         0
                text64                              804      804        F         0
                text63                                2        2        2         0
                text62                             1ABB     1ABB        3         0
                text61                             1ABE     1ABE        3         0
                text60                             1AC1     1AC1        3         0
                text59                             1DF4     1DF4       1D         0
                text58                             1AC4     1AC4        3         0
                text57                             1DA4     1DA4       1A         0
                text56                              800      800        4         0
                text55                              7FD      7FD        3         0
                text54                             1B3C     1B3C        B         0
                text53                             1B34     1B34        8         0
                text52                             11A6     11A6       48         0
                text51                             1FB0     1FB0       28         0
                text50                             1B5F     1B5F        C         0
                text49                             1C9F     1C9F       15         0
                text48                             1B6B     1B6B        C         0
                text47                             115F     115F       47         0
                text46                             160E     160E       97         0
                text45                             1F19     1F19       25         0
                text44                             1411     1411       56         0
                text43                             1B84     1B84        D         0
                text42                             1B91     1B91        D         0
                text41                             1FD8     1FD8       28         0
                text40                             1467     1467       56         0
                text39                             1B9E     1B9E        E         0
                text38                             1F3E     1F3E       25         0
                text37                             1744     1744       BC         0
                text36                             1BCF     1BCF       14         0
                text35                             14BD     14BD       69         0
                text34                             1E4C     1E4C       20         0
                text33                             13BC     13BC       55         0
                text32                             1CB4     1CB4       15         0
                text31                             10EA     10EA       33         0
                text30                             1DD9     1DD9       1B         0
                text29                             1CF6     1CF6       18         0
                text28                             1E11     1E11       1D         0
                text27                             16A5     16A5       9F         0
                text26                              B11      B11       F6         0
                text25                              A33      A33       DE         0
                text24                             1D0E     1D0E       18         0
                text23                             1AA1     1AA1        1         0
                text22                             1281     1281       4C         0
                text21                             1F63     1F63       25         0
                text20                             1CDF     1CDF       17         0
                text19                             12CD     12CD       4C         0
                text18                              6B3      6B3      14A         0
                text17                              971      971       C2         0
                text16                             1E2E     1E2E       1E         0
                text15                             1D26     1D26       18         0
                text14                             1D3E     1D3E       18         0
                text13                             1E8D     1E8D       21         0
                text12                              D1A      D1A      153         0
                text11                              45E      45E      255         0
                text10                             10B9     10B9       31         0
                text9                              1EAE     1EAE       23         0
                text8                               E6D      E6D      193         0
                text7                              1526     1526       6E         0
                text6                              1319     1319       51         0
                text5                              1594     1594       7A         0
                text4                              1ED1     1ED1       24         0
                text3                              1BE3     1BE3       14         0
                text2                               813      813       9F         0
                text1                               C07      C07      113         0
                maintext                             6F       6F      3EF         0
                clrtext                            1B0A     1B0A        6         0
                inittext                           1B10     1B10        6         0
                idataBANK4                         11EE     11EE       49         0
                idataBANK3                         108A     108A       2F         0
                idataBANK2                         1EF5     1EF5       24         0

        CLASS   STRCODE        
                stringtext26                       1A26     1A26        2         0
                stringtext25                       1A22     1A22        4         0
                stringtext24                       1A1E     1A1E        4         0
                stringtext23                       1A1A     1A1A        4         0
                stringtext22                       1A16     1A16        4         0
                stringtext21                       1A12     1A12        4         0
                stringtext20                       1A0E     1A0E        4         0
                stringtext19                       1A0A     1A0A        4         0
                stringtext18                       1A06     1A06        4         0
                stringtext17                       1A02     1A02        4         0
                stringtext16                       19FD     19FD        5         0
                stringtext15                       19F3     19F3        A         0
                stringtext14                       19E6     19E6        D         0
                stringtext13                       19D8     19D8        E         0
                stringtext12                       1999     1999       13         0
                stringtext11                       1985     1985       14         0
                stringtext10                       1944     1944       21         0
                stringtext9                        19CA     19CA        E         0
                stringtext8                        19BC     19BC        E         0
                stringtext7                        1921     1921       23         0
                stringtext6                        18F9     18F9       28         0
                stringtext5                        1800     1800       70         0
                stringtext4                        19AC     19AC       10         0
                stringtext3                        1965     1965       20         0
                stringtext2                        18CF     18CF       2A         0
                stringtext1                        1870     1870       5F         0

        CLASS   STRING         

        CLASS   CONST          

        CLASS   ENTRY          

        CLASS   COMMON         
                cstackCOMMON                         70       70        D         1
                bssCOMMON                            7D       7D        1         1

        CLASS   BANK0          
                cstackBANK0                          20       20       4A         1
                bssBANK0                             6A       6A        3         1

        CLASS   BANK1          
                cstackBANK1                          A0       A0       46         1
                bssBANK1                             E6       E6        4         1

        CLASS   BANK2          
                cstackBANK2                         168      168        7         1
                dataBANK2                           144      144       24         1
                bssBANK2                            120      120       24         1

        CLASS   BANK3          
                dataBANK3                           1A0      1A0       2F         1
                bssBANK3                            1CF      1CF       20         1

        CLASS   BANK4          
                dataBANK4                           220      220       49         1
                nvBANK4                             269      269        4         1

        CLASS   BANK5          
                bssBANK5                            2A0      2A0       49         1

        CLASS   BANK6          
                cstackBANK6                         320      320        9         1

        CLASS   BANK7          

        CLASS   BANK8          

        CLASS   BANK9          

        CLASS   BANK10         

        CLASS   BANK11         

        CLASS   BANK12         

        CLASS   BIGRAM         

        CLASS   RAM            

        CLASS   ABS1           
                abs_s1                               7E       7E        2         1

        CLASS   SFR0           

        CLASS   SFR1           

        CLASS   SFR2           

        CLASS   SFR3           

        CLASS   SFR4           

        CLASS   SFR5           

        CLASS   SFR6           

        CLASS   SFR7           

        CLASS   SFR8           

        CLASS   SFR9           

        CLASS   SFR10          

        CLASS   SFR11          

        CLASS   SFR12          

        CLASS   SFR13          

        CLASS   SFR14          

        CLASS   SFR15          

        CLASS   SFR16          

        CLASS   SFR17          

        CLASS   SFR18          

        CLASS   SFR19          

        CLASS   SFR20          

        CLASS   SFR21          

        CLASS   SFR22          

        CLASS   SFR23          

        CLASS   SFR24          

        CLASS   SFR25          

        CLASS   SFR26          

        CLASS   SFR27          

        CLASS   SFR28          

        CLASS   SFR29          

        CLASS   SFR30          

        CLASS   SFR31          

        CLASS   CONFIG         
                config                             8007     8007        2         4

        CLASS   IDLOC          

        CLASS   EEDATA         

        CLASS   BANK31         

        CLASS   BANK30         

        CLASS   BANK29         

        CLASS   BANK28         

        CLASS   BANK27         

        CLASS   BANK26         

        CLASS   BANK25         

        CLASS   BANK24         

        CLASS   BANK23         

        CLASS   BANK22         

        CLASS   BANK21         

        CLASS   BANK20         

        CLASS   BANK19         

        CLASS   BANK18         

        CLASS   BANK17         

        CLASS   BANK16         

        CLASS   BANK15         

        CLASS   BANK14         

        CLASS   BANK13         



SEGMENTS        Name                           Load    Length   Top    Selector   Space  Class     Delta

                text32                         001CB4  000015  001CC9      3968       0  CODE        2
                text78                         001CC9  000016  001CDF      3992       0  CODE        2
                text49                         001C9F  000015  001CB4      393E       0  CODE        2
                text109                        001C75  000015  001C8A      38EA       0  CODE        2
                text108                        001C8A  000015  001C9F      3914       0  CODE        2
                text20                         001CDF  000017  001CF6      39BE       0  CODE        2
                text14                         001D3E  000018  001D56      3A7C       0  CODE        2
                text111                        001D56  00001A  001D70      3AAC       0  CODE        2
                text15                         001D26  000018  001D3E      3A4C       0  CODE        2
                text29                         001CF6  000018  001D0E      39EC       0  CODE        2
                text24                         001D0E  000018  001D26      3A1C       0  CODE        2
                text110                        001C60  000015  001C75      38C0       0  CODE        2
                text74                         001BBB  000014  001BCF      3776       0  CODE        2
                text36                         001BCF  000014  001BE3      379E       0  CODE        2
                text64                         000804  00000F  000813      1008       0  CODE        2
                text39                         001B9E  00000E  001BAC      373C       0  CODE        2
                text75                         001BAC  00000F  001BBB      3758       0  CODE        2
                text3                          001BE3  000014  001BF7      37C6       0  CODE        2
                text113                        001C36  000015  001C4B      386C       0  CODE        2
                text112                        001C4B  000015  001C60      3896       0  CODE        2
                text114                        001C21  000015  001C36      3842       0  CODE        2
                text116                        001BF7  000015  001C0C      37EE       0  CODE        2
                text115                        001C0C  000015  001C21      3818       0  CODE        2
                text38                         001F3E  000025  001F63      3E7C       0  CODE        2
                text21                         001F63  000025  001F88      3EC6       0  CODE        2
                text45                         001F19  000025  001F3E      3E32       0  CODE        2
                text4                          001ED1  000024  001EF5      3DA2       0  CODE        2
                idataBANK2                     001EF5  000024  001F19      3DEA       0  CODE        2
                text118                        001F88  000028  001FB0      3F10       0  CODE        2
                text82                         001033  00002B  00105E      2066       0  CODE        2
                text97                         00105E  00002C  00108A      20BC       0  CODE        2
                text80                         001009  00002A  001033      2012       0  CODE        2
                text51                         001FB0  000028  001FD8      3F60       0  CODE        2
                text41                         001FD8  000028  002000      3FB0       0  CODE        2
                text9                          001EAE  000023  001ED1      3D5C       0  CODE        2
                text66                         001DBE  00001B  001DD9      3B7C       0  CODE        2
                text30                         001DD9  00001B  001DF4      3BB2       0  CODE        2
                text57                         001DA4  00001A  001DBE      3B48       0  CODE        2
                text107                        001D70  00001A  001D8A      3AE0       0  CODE        2
                text68                         001D8A  00001A  001DA4      3B14       0  CODE        2
                text59                         001DF4  00001D  001E11      3BE8       0  CODE        2
                text71                         001E6C  000021  001E8D      3CD8       0  CODE        2
                text13                         001E8D  000021  001EAE      3D1A       0  CODE        2
                text34                         001E4C  000020  001E6C      3C98       0  CODE        2
                text28                         001E11  00001D  001E2E      3C22       0  CODE        2
                text16                         001E2E  00001E  001E4C      3C5C       0  CODE        2
                text103                        001AC7  000004  001ACB      358E       0  CODE        2
                text101                        001ACB  000004  001ACF      3596       0  CODE        2
                text58                         001AC4  000003  001AC7      3588       0  CODE        2
                text61                         001ABE  000003  001AC1      357C       0  CODE        2
                text60                         001AC1  000003  001AC4      3582       0  CODE        2
                text90                         001ACF  000004  001AD3      359E       0  CODE        2
                text86                         001ADF  000004  001AE3      35BE       0  CODE        2
                text85                         001AE3  000004  001AE7      35C6       0  CODE        2
                text87                         001ADB  000004  001ADF      35B6       0  CODE        2
                text89                         001AD3  000004  001AD7      35A6       0  CODE        2
                text88                         001AD7  000004  001ADB      35AE       0  CODE        2
                text62                         001ABB  000003  001ABE      3576       0  CODE        2
                text105                        001AA4  000002  001AA6      3548       0  CODE        2
                text121                        001AA6  000003  001AA9      354C       0  CODE        2
                text106                        001AA2  000002  001AA4      3544       0  CODE        2
                text23                         001AA1  000001  001AA2      3542       0  CODE        2
                text120                        001AA9  000003  001AAC      3552       0  CODE        2
                text81                         001AB5  000003  001AB8      356A       0  CODE        2
                text79                         001AB8  000003  001ABB      3570       0  CODE        2
                text98                         001AB2  000003  001AB5      3564       0  CODE        2
                text104                        001AAC  000003  001AAF      3558       0  CODE        2
                text102                        001AAF  000003  001AB2      355E       0  CODE        2
                text54                         001B3C  00000B  001B47      3678       0  CODE        2
                text119                        001B47  00000C  001B53      368E       0  CODE        2
                text53                         001B34  000008  001B3C      3668       0  CODE        2
                text95                         001B24  000008  001B2C      3648       0  CODE        2
                text67                         001B2C  000008  001B34      3658       0  CODE        2
                text117                        001B53  00000C  001B5F      36A6       0  CODE        2
                text43                         001B84  00000D  001B91      3708       0  CODE        2
                text42                         001B91  00000D  001B9E      3722       0  CODE        2
                text72                         001B77  00000D  001B84      36EE       0  CODE        2
                text50                         001B5F  00000C  001B6B      36BE       0  CODE        2
                text48                         001B6B  00000C  001B77      36D6       0  CODE        2
                text69                         001B1D  000007  001B24      363A       0  CODE        2
                text100                        001AEF  000005  001AF4      35DE       0  CODE        2
                text96                         001AF4  000005  001AF9      35E8       0  CODE        2
                text56                         000800  000004  000804      1000       0  CODE        2
                text84                         001AE7  000004  001AEB      35CE       0  CODE        2
                text65                         001AEB  000004  001AEF      35D6       0  CODE        2
                text83                         001AF9  000005  001AFE      35F2       0  CODE        2
                inittext                       001B10  000006  001B16      3620       0  CODE        2
                text94                         001B16  000007  001B1D      362C       0  CODE        2
                clrtext                        001B0A  000006  001B10      3614       0  CODE        2
                text99                         001AFE  000006  001B04      35FC       0  CODE        2
                text91                         001B04  000006  001B0A      3608       0  CODE        2
                idataBANK3                     00108A  00002F  0010B9      2114       0  CODE        2
                cstackBANK6                    000320  000009  000329       320       1  BANK6       1
                bssBANK5                       0002A0  000049  0002E9       2A0       1  BANK5       1
                dataBANK4                      000220  00004D  00026D       220       1  BANK4       1
                cstackBANK1                    0000A0  00004A  0000EA        A0       1  BANK1       1
                bssBANK2                       000120  00004F  00016F       120       1  BANK2       1
                dataBANK3                      0001A0  00004F  0001EF       1A0       1  BANK3       1
                cstackCOMMON                   000070  00000E  00007E        70       1  COMMON      1
                reset_vec                      000000  000004  000004         0       0  CODE        2
                intentry                       000004  0007FC  000800         8       0  CODE        2
                cstackBANK0                    000020  00004D  00006D        20       1  BANK0       1
                text7                          001526  00006E  001594      2A4C       0  CODE        2
                stringtext5                    001800  000228  001A28      3000       0  STRCODE     2
                text35                         0014BD  000069  001526      297A       0  CODE        2
                text44                         001411  000056  001467      2822       0  CODE        2
                text40                         001467  000056  0014BD      28CE       0  CODE        2
                text5                          001594  00007A  00160E      2B28       0  CODE        2
                text37                         001744  0000BC  001800      2E88       0  CODE        2
                text76                         0008B2  0000BF  000971      1164       0  CODE        2
                text2                          000813  00009F  0008B2      1026       0  CODE        2
                text46                         00160E  000097  0016A5      2C1C       0  CODE        2
                text27                         0016A5  00009F  001744      2D4A       0  CODE        2
                text33                         0013BC  000055  001411      2778       0  CODE        2
                text47                         00115F  000047  0011A6      22BE       0  CODE        2
                text52                         0011A6  000048  0011EE      234C       0  CODE        2
                text92                         00111D  000042  00115F      223A       0  CODE        2
                text10                         0010B9  000031  0010EA      2172       0  CODE        2
                text31                         0010EA  000033  00111D      21D4       0  CODE        2
                idataBANK4                     0011EE  000049  001237      23DC       0  CODE        2
                text6                          001319  000051  00136A      2632       0  CODE        2
                text93                         00136A  000052  0013BC      26D4       0  CODE        2
                text19                         0012CD  00004C  001319      259A       0  CODE        2
                text77                         001237  00004A  001281      246E       0  CODE        2
                text22                         001281  00004C  0012CD      2502       0  CODE        2
                text1                          000C07  000113  000D1A      180E       0  CODE        2
                text12                         000D1A  000153  000E6D      1A34       0  CODE        2
                text26                         000B11  0000F6  000C07      1622       0  CODE        2
                text17                         000971  0000C2  000A33      12E2       0  CODE        2
                text25                         000A33  0000DE  000B11      1466       0  CODE        2
                text8                          000E6D  00019C  001009      1CDA       0  CODE        2


UNUSED ADDRESS RANGES

        Name                Unused          Largest block    Delta
        BANK0            0006D-0006F               3           1
        BANK1            000EA-000EF               6           1
        BANK10           00520-0056F              50           1
        BANK11           005A0-005EF              50           1
        BANK12           00620-0064F              30           1
        BANK2            0016F-0016F               1           1
        BANK3            001EF-001EF               1           1
        BANK4            0026D-0026F               3           1
        BANK5            002E9-002EF               7           1
        BANK6            00329-0036F              47           1
        BANK7            003A0-003EF              50           1
        BANK8            00420-0046F              50           1
        BANK9            004A0-004EF              50           1
        BIGRAM           02000-023EF             3F0           1
        CODE             01A28-01AA0              79           2
        CONST            01A28-01AA0              79           2
        EEDATA           0F000-0F0FF             100           2
        ENTRY            01A28-01AA0              79           2
        IDLOC            08000-08003               4           2
        RAM              0006D-0006F               3           1
                         000EA-000EF               6
                         0016F-0016F               1
                         001EF-001EF               1
                         0026D-0026F               3
                         002E9-002EF               7
                         00329-0036F              47
                         003A0-003EF              50
                         00420-0046F              50
                         004A0-004EF              50
                         00520-0056F              50
                         005A0-005EF              50
                         00620-0064F              30
        SFR0             00000-0001F              20           1
        SFR1             00080-0009F              20           1
        SFR10            00500-0051F              20           1
        SFR11            00580-0059F              20           1
        SFR12            00600-0061F              20           1
        SFR13            00680-006EF              70           1
        SFR14            00700-0076F              70           1
        SFR15            00780-007EF              70           1
        SFR16            00800-0086F              70           1
        SFR17            00880-008EF              70           1
        SFR18            00900-0096F              70           1
        SFR19            00980-009EF              70           1
        SFR2             00100-0011F              20           1
        SFR20            00A00-00A6F              70           1
        SFR21            00A80-00AEF              70           1
        SFR22            00B00-00B6F              70           1
        SFR23            00B80-00BEF              70           1
        SFR24            00C00-00C6F              70           1
        SFR25            00C80-00CEF              70           1
        SFR26            00D00-00D6F              70           1
        SFR27            00D80-00DEF              70           1
        SFR28            00E00-00E6F              70           1
        SFR29            00E80-00EEF              70           1
        SFR3             00180-0019F              20           1
        SFR30            00F00-00F6F              70           1
        SFR31            00F80-00FEF              70           1
        SFR4             00200-0021F              20           1
        SFR5             00280-0029F              20           1
        SFR6             00300-0031F              20           1
        SFR7             00380-0039F              20           1
        SFR8             00400-0041F              20           1
        SFR9             00480-0049F              20           1
        STACK            021E9-023EF             207           1
        STRCODE          01A28-01AA0              79           2
        STRING           01A28-01AA0              79           2

                                  Symbol Table

?___aodiv                                                  cstackBANK0  00023
?___aomod                                                  cstackBANK0  00023
?___awdiv                                                  cstackBANK0  00023
?___wmul                                                   cstackBANK0  00029
?_abs                                                      cstackBANK0  00036
?_atoi                                                     cstackBANK0  0002F
?_dtoa                                                     cstackBANK0  0003E
?_isalpha                                                  cstackBANK0  00023
?_isdigit                                                  cstackBANK0  00023
?_islower                                                  cstackBANK0  00023
?_isspace                                                  cstackBANK0  00023
?_isupper                                                  cstackBANK0  00023
?_pad                                                      cstackBANK0  00033
?_sprintf                                                  cstackBANK1  000C0
?_stoa                                                     cstackBANK0  0002B
?_strlen                                                   cstackBANK0  00023
?_toupper                                                  cstackBANK0  00029
?_vfpfcnvrt                                                cstackBANK0  00062
?_vfprintf                                                 cstackBANK1  000B8
?_xtoa                                                     cstackBANK0  0003C
DATAEE_ReadByte@bAdd                                       cstackBANK0  00023
DATAEE_WriteByte@GIEBitValue                               cstackBANK0  0002B
DATAEE_WriteByte@bAdd                                      cstackBANK0  0002A
DATAEE_WriteByte@bData                                     cstackBANK0  00029
DELAY_milliseconds@milliseconds                            cstackBANK0  00023
I2C1_CallbackReturnReset@funPtr                            cstackCOMMON 00079
I2C1_Close@returnValue                                     cstackBANK0  00024
I2C1_MasterOperation@read                                  cstackBANK0  00024
I2C1_MasterOperation@returnValue                           cstackBANK0  00025
I2C1_MasterSendTxData@data                                 cstackCOMMON 00070
I2C1_Open@address                                          cstackBANK0  00026
I2C1_Open@returnValue                                      cstackBANK0  00027
I2C1_SetAddressNackCallback@cb                             cstackBANK0  00028
I2C1_SetAddressNackCallback@ptr                            cstackBANK0  0002A
I2C1_SetBuffer@buffer                                      cstackBANK0  00023
I2C1_SetBuffer@bufferSize                                  cstackBANK0  00025
I2C1_SetCallback@cb                                        cstackBANK0  00023
I2C1_SetCallback@idx                                       cstackBANK0  00027
I2C1_SetCallback@ptr                                       cstackBANK0  00025
I2C1_SetDataCompleteCallback@cb                            cstackBANK0  00028
I2C1_SetDataCompleteCallback@ptr                           cstackBANK0  0002A
I2C1_SetInterruptHandler@InterruptHandler                  cstackBANK0  00023
I2C1_WriteNBytes@address                                   cstackBANK0  0002F
I2C1_WriteNBytes@data                                      cstackBANK0  0002C
I2C1_WriteNBytes@len                                       cstackBANK0  0002D
TMR1_DefaultInterruptHandler@RE_offset                     bssCOMMON    0007D
TMR1_DefaultInterruptHandler@intcnt                        bssBANK2     0013C
TMR1_DefaultInterruptHandler@led_blink                     bssBANK2     00120
TMR1_DefaultInterruptHandler@pushcnt                       bssBANK2     0012C
TMR1_DefaultInterruptHandler@pushstat                      bssBANK2     0013B
TMR1_SetInterruptHandler@InterruptHandler                  cstackBANK0  00023
TMR1_WriteTimer@timerVal                                   cstackCOMMON 00070
_ADC_96K                                                   dataBANK3    001C1
_ADC_ATTL_0dB                                              dataBANK3    001CB
_ADC_ATTR_0dB                                              dataBANK3    001C9
_ADC_DC                                                    dataBANK3    001C3
_ANSELA                                                    (abs)        0018C
_ANSELB                                                    (abs)        0018D
_ANSELC                                                    (abs)        0018E
_APFCON0                                                   (abs)        0011D
_APFCON1                                                   (abs)        0011E
_AUXSRC_ADC                                                dataBANK2    00156
_AUXSRC_AUTO                                               dataBANK2    0015A
_AUXSRC_DIR                                                dataBANK2    00158
_AUXSRC_LVDS                                               dataBANK2    00154
_BORCON                                                    (abs)        00116
_CALC_MOUT                                                 dataBANK3    001CD
_DATAEE_ReadByte                                           text72       01B77
_DATAEE_WriteByte                                          text71       01E6C
_DELAY_milliseconds                                        text36       01BCF
_DIR_COAX                                                  dataBANK2    00150
_DIR_OPT                                                   dataBANK2    00152
_DIT_ADC                                                   dataBANK2    0014C
_DIT_DIR                                                   dataBANK2    0014E
_DIT_I2S                                                   dataBANK3    001C5
_DIT_LVDS                                                  dataBANK3    001C7
_EEADRL                                                    (abs)        00191
_EECON1bits                                                (abs)        00195
_EECON2                                                    (abs)        00196
_EEDATL                                                    (abs)        00193
_I2C1_CallbackReturnReset                                  text105      01AA4
_I2C1_CallbackReturnStop                                   text106      01AA2
_I2C1_Close                                                text59       01DF4
_I2C1_DO_ADDRESS_NACK                                      text82       01033
_I2C1_DO_IDLE                                              text96       01AF4
_I2C1_DO_RCEN                                              text91       01B04
_I2C1_DO_RESET                                             text83       01AF9
_I2C1_DO_RX                                                text92       0111D
_I2C1_DO_RX_ACK                                            text86       01ADF
_I2C1_DO_RX_NACK_RESTART                                   text84       01AE7
_I2C1_DO_RX_NACK_STOP                                      text85       01AE3
_I2C1_DO_SEND_ADR_READ                                     text95       01B24
_I2C1_DO_SEND_ADR_WRITE                                    text94       01B16
_I2C1_DO_SEND_RESTART                                      text88       01AD7
_I2C1_DO_SEND_RESTART_READ                                 text90       01ACF
_I2C1_DO_SEND_RESTART_WRITE                                text89       01AD3
_I2C1_DO_SEND_STOP                                         text87       01ADB
_I2C1_DO_TX                                                text93       0136A
_I2C1_DO_TX_EMPTY                                          text97       0105E
_I2C1_Initialize                                           text70       01000
_I2C1_MasterClearIrq                                       text62       01ABB
_I2C1_MasterClose                                          text61       01ABE
_I2C1_MasterDisableIrq                                     text60       01AC1
_I2C1_MasterEnableIrq                                      text55       007FD
_I2C1_MasterEnableRestart                                  text121      01AA6
_I2C1_MasterFsm                                            text80       01009
_I2C1_MasterGetRxData                                      text102      01AAF
_I2C1_MasterIsNack                                         text99       01AFE
_I2C1_MasterIsr                                            text79       01AB8
_I2C1_MasterOpen                                           text54       01B3C
_I2C1_MasterOperation                                      text57       01DA4
_I2C1_MasterSendAck                                        text101      01ACB
_I2C1_MasterSendNack                                       text103      01AC7
_I2C1_MasterSendTxData                                     text100      01AEF
_I2C1_MasterSetIrq                                         text98       01AB2
_I2C1_MasterStart                                          text58       01AC4
_I2C1_MasterStartRx                                        text104      01AAC
_I2C1_MasterStop                                           text120      01AA9
_I2C1_MasterWrite                                          text56       00800
_I2C1_Open                                                 text52       011A6
_I2C1_SetAddressNackCallback                               text50       01B5F
_I2C1_SetBuffer                                            text49       01C9F
_I2C1_SetCallback                                          text51       01FB0
_I2C1_SetDataCompleteCallback                              text48       01B6B
_I2C1_SetInterruptHandler                                  text53       01B34
_I2C1_Status                                               bssBANK3     001CF
_I2C1_WriteNBytes                                          text45       01F19
_I2S_IN                                                    dataBANK2    00164
_I2S_OUT                                                   dataBANK2    00166
_INIT9211_20                                               dataBANK3    001BF
_INIT9211_26                                               dataBANK3    001B9
_INIT9211_27                                               dataBANK3    001B7
_INIT9211_2B                                               dataBANK3    001BB
_INIT9211_2E                                               dataBANK3    001BD
_INIT9211_31                                               dataBANK3    001B5
_INTCONbits                                                (abs)        0000B
_INTERRUPT_InterruptManager                                intentry     00004
_LATA                                                      (abs)        0010C
_LATAbits                                                  (abs)        0010C
_LATB                                                      (abs)        0010D
_LATBbits                                                  (abs)        0010D
_LATC                                                      (abs)        0010E
_MSSP1_InterruptHandler                                    bssBANK2     0012E
_OPTION_REGbits                                            (abs)        00095
_OSCCON                                                    (abs)        00099
_OSCILLATOR_Initialize                                     text69       01B1D
_OSCTUNE                                                   (abs)        00098
_PIE1bits                                                  (abs)        00091
_PIE2bits                                                  (abs)        00092
_PIN_MANAGER_Initialize                                    text68       01D8A
_PIR1bits                                                  (abs)        00011
_PIR2bits                                                  (abs)        00012
_PORTAbits                                                 (abs)        0000C
_PORTC                                                     (abs)        0000E
_RE_pos                                                    bssBANK1     000E9
_SRC_ADC                                                   dataBANK2    00160
_SRC_DIR                                                   dataBANK2    00162
_SRC_I2S                                                   dataBANK2    0015C
_SRC_LVDS                                                  dataBANK2    0015E
_SSP1ADD                                                   (abs)        00212
_SSP1BUF                                                   (abs)        00211
_SSP1CON1                                                  (abs)        00215
_SSP1CON1bits                                              (abs)        00215
_SSP1CON2                                                  (abs)        00216
_SSP1CON2bits                                              (abs)        00216
_SSP1STAT                                                  (abs)        00214
_SYSTEM_Initialize                                         text64       00804
_T1CON                                                     (abs)        00018
_T1CONbits                                                 (abs)        00018
_T1GCON                                                    (abs)        00019
_TAS_AC                                                    dataBANK3    001AF
_TAS_CHK_RAILS                                             dataBANK3    001A7
_TAS_CLEAR_FALT                                            dataBANK2    00146
_TAS_DCDIAG_CLEAR                                          dataBANK3    001B1
_TAS_FS44K                                                 dataBANK3    001AD
_TAS_FS48K                                                 dataBANK3    001AB
_TAS_FS96K                                                 dataBANK2    0014A
_TAS_MUTE                                                  dataBANK3    001A9
_TAS_NORMAL                                                dataBANK2    00144
_TAS_PLAY                                                  dataBANK2    00148
_TAS_RESET                                                 dataBANK3    001B3
_TAS_RUN                                                   bssBANK3     001ED
_TMR1H                                                     (abs)        00017
_TMR1L                                                     (abs)        00016
_TMR1_DefaultInterruptHandler                              text76       008B2
_TMR1_ISR                                                  text74       01BBB
_TMR1_Initialize                                           text66       01DBE
_TMR1_InterruptHandler                                     nvBANK4      00269
_TMR1_SetInterruptHandler                                  text67       01B2C
_TMR1_StartTimer                                           text63       00002
_TMR1_WriteTimer                                           text75       01BAC
_TRISA                                                     (abs)        0008C
_TRISB                                                     (abs)        0008D
_TRISC                                                     (abs)        0008E
_WDTCON                                                    (abs)        00097
_WDT_Initialize                                            text65       01AEB
_WPUA                                                      (abs)        0020C
_WPUB                                                      (abs)        0020D
_WPUC                                                      (abs)        0020E
__Habs1                                                    abs1         00000
__Hbank0                                                   bank0        00000
__Hbank1                                                   bank1        00000
__Hbank10                                                  bank10       00000
__Hbank11                                                  bank11       00000
__Hbank12                                                  bank12       00000
__Hbank13                                                  bank13       00000
__Hbank14                                                  bank14       00000
__Hbank15                                                  bank15       00000
__Hbank16                                                  bank16       00000
__Hbank17                                                  bank17       00000
__Hbank18                                                  bank18       00000
__Hbank19                                                  bank19       00000
__Hbank2                                                   bank2        00000
__Hbank20                                                  bank20       00000
__Hbank21                                                  bank21       00000
__Hbank22                                                  bank22       00000
__Hbank23                                                  bank23       00000
__Hbank24                                                  bank24       00000
__Hbank25                                                  bank25       00000
__Hbank26                                                  bank26       00000
__Hbank27                                                  bank27       00000
__Hbank28                                                  bank28       00000
__Hbank29                                                  bank29       00000
__Hbank3                                                   bank3        00000
__Hbank30                                                  bank30       00000
__Hbank31                                                  bank31       00000
__Hbank4                                                   bank4        00000
__Hbank5                                                   bank5        00000
__Hbank6                                                   bank6        00000
__Hbank7                                                   bank7        00000
__Hbank8                                                   bank8        00000
__Hbank9                                                   bank9        00000
__Hbigram                                                  bigram       00000
__HbssBANK0                                                bssBANK0     00000
__HbssBANK1                                                bssBANK1     00000
__HbssBANK2                                                bssBANK2     00000
__HbssBANK3                                                bssBANK3     00000
__HbssBANK5                                                bssBANK5     00000
__HbssCOMMON                                               bssCOMMON    00000
__Hcinit                                                   cinit        0006F
__Hclrtext                                                 clrtext      00000
__Hcode                                                    code         00000
__Hcommon                                                  common       00000
__Hconfig                                                  config       08009
__HcstackBANK0                                             cstackBANK0  00000
__HcstackBANK1                                             cstackBANK1  00000
__HcstackBANK2                                             cstackBANK2  00000
__HcstackBANK6                                             cstackBANK6  00000
__HcstackCOMMON                                            cstackCOMMON 00000
__HdataBANK2                                               dataBANK2    00000
__HdataBANK3                                               dataBANK3    00000
__HdataBANK4                                               dataBANK4    00000
__Heeprom_data                                             eeprom_data  00000
__Hend_init                                                end_init     00027
__Hfunctab                                                 functab      00000
__HidataBANK2                                              idataBANK2   00000
__HidataBANK3                                              idataBANK3   00000
__HidataBANK4                                              idataBANK4   00000
__Hinit                                                    init         00025
__Hinittext                                                inittext     00000
__Hintentry                                                intentry     00025
__Hmaintext                                                maintext     00000
__HnvBANK4                                                 nvBANK4      00000
__Hpowerup                                                 powerup      00000
__Hram                                                     ram          00000
__Hreset_vec                                               reset_vec    00002
__Hsfr0                                                    sfr0         00000
__Hsfr1                                                    sfr1         00000
__Hsfr10                                                   sfr10        00000
__Hsfr11                                                   sfr11        00000
__Hsfr12                                                   sfr12        00000
__Hsfr13                                                   sfr13        00000
__Hsfr14                                                   sfr14        00000
__Hsfr15                                                   sfr15        00000
__Hsfr16                                                   sfr16        00000
__Hsfr17                                                   sfr17        00000
__Hsfr18                                                   sfr18        00000
__Hsfr19                                                   sfr19        00000
__Hsfr2                                                    sfr2         00000
__Hsfr20                                                   sfr20        00000
__Hsfr21                                                   sfr21        00000
__Hsfr22                                                   sfr22        00000
__Hsfr23                                                   sfr23        00000
__Hsfr24                                                   sfr24        00000
__Hsfr25                                                   sfr25        00000
__Hsfr26                                                   sfr26        00000
__Hsfr27                                                   sfr27        00000
__Hsfr28                                                   sfr28        00000
__Hsfr29                                                   sfr29        00000
__Hsfr3                                                    sfr3         00000
__Hsfr30                                                   sfr30        00000
__Hsfr31                                                   sfr31        00000
__Hsfr4                                                    sfr4         00000
__Hsfr5                                                    sfr5         00000
__Hsfr6                                                    sfr6         00000
__Hsfr7                                                    sfr7         00000
__Hsfr8                                                    sfr8         00000
__Hsfr9                                                    sfr9         00000
__Hspace_0                                                 (abs)        02000
__Hspace_1                                                 (abs)        00329
__Hspace_2                                                 (abs)        00000
__Hspace_3                                                 (abs)        00000
__Hspace_4                                                 (abs)        10010
__Hstack                                                   stack        00000
__Hstrings                                                 strings      00000
__Hstringtext1                                             stringtext1  00000
__Hstringtext10                                            stringtext10 00000
__Hstringtext11                                            stringtext11 00000
__Hstringtext12                                            stringtext12 00000
__Hstringtext13                                            stringtext13 00000
__Hstringtext14                                            stringtext14 00000
__Hstringtext15                                            stringtext15 00000
__Hstringtext16                                            stringtext16 00000
__Hstringtext17                                            stringtext17 00000
__Hstringtext18                                            stringtext18 00000
__Hstringtext19                                            stringtext19 00000
__Hstringtext2                                             stringtext2  00000
__Hstringtext20                                            stringtext20 00000
__Hstringtext21                                            stringtext21 00000
__Hstringtext22                                            stringtext22 00000
__Hstringtext23                                            stringtext23 00000
__Hstringtext24                                            stringtext24 00000
__Hstringtext25                                            stringtext25 00000
__Hstringtext26                                            stringtext26 00000
__Hstringtext27                                            stringtext27 00000
__Hstringtext3                                             stringtext3  00000
__Hstringtext4                                             stringtext4  00000
__Hstringtext5                                             stringtext5  00000
__Hstringtext6                                             stringtext6  00000
__Hstringtext7                                             stringtext7  00000
__Hstringtext8                                             stringtext8  00000
__Hstringtext9                                             stringtext9  00000
__Htext                                                    text         00000
__Labs1                                                    abs1         00000
__Lbank0                                                   bank0        00000
__Lbank1                                                   bank1        00000
__Lbank10                                                  bank10       00000
__Lbank11                                                  bank11       00000
__Lbank12                                                  bank12       00000
__Lbank13                                                  bank13       00000
__Lbank14                                                  bank14       00000
__Lbank15                                                  bank15       00000
[...]
Total ram usage:        4 bytes
 Hardware stack levels used:    1
 Hardware stack levels required when called:    1
 This function calls:
		i1_I2C1_SetCallback
 This function is called by:
		_wr1RegCompleteHandler
		_rd1RegCompleteHandler
		_rd2RegCompleteHandler
		_wr2RegCompleteHandler
		_rdBlkRegCompleteHandler
		_rd1RegCompleteHandler@i2c1_master_example$F195
		_rd2RegCompleteHandler@i2c1_master_example$F206
		_wr1RegCompleteHandler@i2c1_master_example$F212
		_wr2RegCompleteHandler@i2c1_master_example$F218
		_rdBlkRegCompleteHandler@i2c1_master_example$F229
 This function uses a non-reentrant model


 *************** function i1_I2C1_SetCallback *****************
 Defined at:
		line 304 in file "mcc_generated_files/i2c1_master.c"
 Parameters:    Size  Location     Type
  idx             1    wreg     enum E3010
  cb              2    0[COMMON] PTR FTN(PTR void ,)enum 
		 -> Absolute function(1), rdBlkRegCompleteHandler@i2c1_master_example$F229(1), wr2RegCompleteHandler@i2c1_master_example$F218(1), wr1RegCompleteHandler@i2c1_master_example$F212(1), 
		 -> rd2RegCompleteHandler@i2c1_master_example$F206(1), rd1RegCompleteHandler@i2c1_master_example$F195(1), rdBlkRegCompleteHandler(1), wr2RegCompleteHandler(1), 
		 -> rd2RegCompleteHandler(1), rd1RegCompleteHandler(1), wr1RegCompleteHandler(1), 
  ptr             1    2[COMMON] PTR void 
		 -> I2C1_ReadDataBlock@bufferBlock(3), I2C1_Write2ByteRegister@data(2), I2C1_Write1ByteRegister@data(1), I2C1_Read2ByteRegister@returnValue(2), 
		 -> I2C1_Read1ByteRegister@returnValue(1), i2c_readDataBlock@d(3), i2c_write2ByteRegister@data(2), i2c_read2ByteRegister@result(2), 
		 -> i2c_read1ByteRegister@d2(1), i2c_write1ByteRegister@data(1), NULL(0), 
 Auto vars:     Size  Location     Type
  idx             1    4[COMMON] enum E3010
 Return value:  Size  Location     Type
                  1    wreg      void 
 Registers used:
		wreg, fsr1l, fsr1h, status,2, status,0
 Tracked objects:
		On entry : 
		On exit  : 
		Unchanged: 
 Data sizes:     COMMON   BANK0   BANK1   BANK2   BANK3   BANK4   BANK5   BANK6   BANK7   BANK8   BANK9  BANK10  BANK11  BANK12
      Params:         3       0       0       0       0       0       0       0       0       0       0       0       0       0
      Locals:         1       0       0       0       0       0       0       0       0       0       0       0       0       0
      Temps:          1       0       0       0       0       0       0       0       0       0       0       0       0       0
      Totals:         5       0       0       0       0       0       0       0       0       0       0       0       0       0
Total ram usage:        5 bytes
 Hardware stack levels used:    1
 This function calls:
		Nothing
 This function is called by:
		i1_I2C1_SetDataCompleteCallback
 This function uses a non-reentrant model


 *************** function i1_I2C1_SetBuffer *****************
 Defined at:
		line 264 in file "mcc_generated_files/i2c1_master.c"
 Parameters:    Size  Location     Type
  buffer          2    0[COMMON] PTR void 
		 -> tasbuff(2), TAS_NORMAL(2), TAS_CLEAR_FALT(2), TAS_CHK_RAILS(2), 
		 -> TAS_PLAY(2), TAS_MUTE(2), TAS_FS96K(2), TAS_FS48K(2), 
		 -> TAS_FS44K(2), TAS_AC(2), TAS_DCDIAG_CLEAR(2), TAS_RUN(2), 
		 -> TAS_RESET(2), INIT9211_31(2), INIT9211_27(2), INIT9211_26(2), 
		 -> INIT9211_2B(2), INIT9211_2E(2), INIT9211_20(2), ADC_96K(2), 
		 -> ADC_DC(2), DIT_I2S(2), DIT_LVDS(2), DIT_ADC(2), 
		 -> DIT_DIR(2), ADC_ATTR_0dB(2), ADC_ATTL_0dB(2), CALC_MOUT(2), 
		 -> DIR_COAX(2), DIR_OPT(2), AUXSRC_LVDS(2), AUXSRC_ADC(2), 
		 -> AUXSRC_DIR(2), AUXSRC_AUTO(2), SRC_I2S(2), SRC_LVDS(2), 
		 -> SRC_ADC(2), SRC_DIR(2), I2S_IN(2), I2S_OUT(2), 
		 -> I2C1_ReadDataBlock@reg(1), I2C1_ReadDataBlock@bufferBlock(3), I2C1_Write2ByteRegister@reg(1), I2C1_Write2ByteRegister@data(2), 
		 -> I2C1_Write1ByteRegister@reg(1), I2C1_Write1ByteRegister@data(1), I2C1_Read2ByteRegister@reg(1), I2C1_Read2ByteRegister@returnValue(2), 
		 -> I2C1_Read1ByteRegister@reg(1), I2C1_Read1ByteRegister@returnValue(1), i2c_readDataBlock@reg(1), i2c_readDataBlock@d(3), 
		 -> i2c_write2ByteRegister@reg(1), i2c_write2ByteRegister@data(2), i2c_read2ByteRegister@reg(1), i2c_read2ByteRegister@result(2), 
		 -> i2c_read1ByteRegister@reg(1), i2c_read1ByteRegister@d2(1), i2c_write1ByteRegister@reg(1), i2c_write1ByteRegister@data(1), 
		 -> NULL(0), i2c_lcd_send_data@lowerdata_en(1), i2c_lcd_send_data@lowerdata(1), i2c_lcd_send_data@upperdata_en(1), 
		 -> i2c_lcd_send_data@upperdata(1), i2c_lcd_send_upper4bit@upperdata_en(1), i2c_lcd_send_upper4bit@upperdata(1), i2c_lcd_send_command@lowerdata_en(1), 
		 -> i2c_lcd_send_command@lowerdata(1), i2c_lcd_send_command@upperdata_en(1), i2c_lcd_send_command@upperdata(1), 
  bufferSize      2    2[COMMON] unsigned int 
 Auto vars:     Size  Location     Type
		None
 Return value:  Size  Location     Type
                  1    wreg      void 
 Registers used:
		wreg
 Tracked objects:
		On entry : 
		On exit  : 
		Unchanged: 
 Data sizes:     COMMON   BANK0   BANK1   BANK2   BANK3   BANK4   BANK5   BANK6   BANK7   BANK8   BANK9  BANK10  BANK11  BANK12
      Params:         4       0       0       0       0       0       0       0       0       0       0       0       0       0
      Locals:         0       0       0       0       0       0       0       0       0       0       0       0       0       0
      Temps:          0       0       0       0       0       0       0       0       0       0       0       0       0       0
      Totals:         4       0       0       0       0       0       0       0       0       0       0       0       0       0
Total ram usage:        4 bytes
 Hardware stack levels used:    1
 This function calls:
		Nothing
 This function is called by:
		_wr1RegCompleteHandler
		_rd1RegCompleteHandler
		_rd2RegCompleteHandler
		_wr2RegCompleteHandler
		_rdBlkRegCompleteHandler
		_rd1RegCompleteHandler@i2c1_master_example$F195
		_rd2RegCompleteHandler@i2c1_master_example$F206
		_wr1RegCompleteHandler@i2c1_master_example$F212
		_wr2RegCompleteHandler@i2c1_master_example$F218
		_rdBlkRegCompleteHandler@i2c1_master_example$F229
 This function uses a non-reentrant model


 *************** function _I2C1_MasterStop *****************
 Defined at:
		line 594 in file "mcc_generated_files/i2c1_master.c"
 Parameters:    Size  Location     Type
		None
 Auto vars:     Size  Location     Type
		None
 Return value:  Size  Location     Type
                  1    wreg      void 
 Registers used:
		None
 Tracked objects:
		On entry : 
		On exit  : 
		Unchanged: 
 Data sizes:     COMMON   BANK0   BANK1   BANK2   BANK3   BANK4   BANK5   BANK6   BANK7   BANK8   BANK9  BANK10  BANK11  BANK12
      Params:         0       0       0       0       0       0       0       0       0       0       0       0       0       0
      Locals:         0       0       0       0       0       0       0       0       0       0       0       0       0       0
      Temps:          0       0       0       0       0       0       0       0       0       0       0       0       0       0
      Totals:         0       0       0       0       0       0       0       0       0       0       0       0       0       0
Total ram usage:        0 bytes
 Hardware stack levels used:    1
 This function calls:
		Nothing
 This function is called by:
		_I2C1_DO_SEND_STOP
 This function uses a non-reentrant model


 *************** function _I2C1_MasterEnableRestart *****************
 Defined at:
		line 574 in file "mcc_generated_files/i2c1_master.c"
 Parameters:    Size  Location     Type
		None
 Auto vars:     Size  Location     Type
		None
 Return value:  Size  Location     Type
                  1    wreg      void 
 Registers used:
		None
 Tracked objects:
		On entry : 
		On exit  : 
		Unchanged: 
 Data sizes:     COMMON   BANK0   BANK1   BANK2   BANK3   BANK4   BANK5   BANK6   BANK7   BANK8   BANK9  BANK10  BANK11  BANK12
      Params:         0       0       0       0       0       0       0       0       0       0       0       0       0       0
      Locals:         0       0       0       0       0       0       0       0       0       0       0       0       0       0
      Temps:          0       0       0       0       0       0       0       0       0       0       0       0       0       0
      Totals:         0       0       0       0       0       0       0       0       0       0       0       0       0       0
Total ram usage:        0 bytes
 Hardware stack levels used:    1
 This function calls:
		Nothing
 This function is called by:
		_I2C1_DO_SEND_RESTART_READ
		_I2C1_DO_SEND_RESTART_WRITE
		_I2C1_DO_SEND_RESTART
 This function uses a non-reentrant model



MODULE INFORMATION

Module		Function		Class		Link	Load	Size
/Applications/microchip/xc8/v2.20/pic/sources/c99/common/nf_fputc.c
		_fputc         		CODE           	1281	0000	77

/Applications/microchip/xc8/v2.20/pic/sources/c99/common/nf_fputc.c estimated size: 77

mcc_generated_files/examples/i2c1_master_example.c
		_rdBlkRegCompleteHandler@i2c1_master_example$F229		CODE           	1D70	0000	27
		_rd1RegCompleteHandler@i2c1_master_example$F195		CODE           	1C60	0000	22
		_rd2RegCompleteHandler@i2c1_master_example$F206		CODE           	1C75	0000	22
		_wr1RegCompleteHandler@i2c1_master_example$F212		CODE           	1C8A	0000	22
		_wr2RegCompleteHandler@i2c1_master_example$F218		CODE           	1BF7	0000	22
		_I2C1_WriteNBytes		CODE           	1F19	0000	38

mcc_generated_files/examples/i2c1_master_example.c estimated size: 153

/Applications/microchip/xc8/v2.20/pic/sources/c99/common/nf_sprintf.c
		_sprintf       		CODE           	1EAE	0000	36

/Applications/microchip/xc8/v2.20/pic/sources/c99/common/nf_sprintf.c estimated size: 36

/Applications/microchip/xc8/v2.20/pic/sources/c99/common/doprnt.c
		_vfpfcnvrt     		CODE           	045E	0000	598
		_pad           		CODE           	12CD	0000	77
		_dtoa          		CODE           	06B3	0000	331
		_vfprintf      		CODE           	10B9	0000	50
		_stoa          		CODE           	0971	0000	195
		_xtoa          		CODE           	0D1A	0000	340

/Applications/microchip/xc8/v2.20/pic/sources/c99/common/doprnt.c estimated size: 1591

/Applications/microchip/xc8/v2.20/pic/sources/c99/common/putch.c
		_putch         		CODE           	1AA1	0000	2

/Applications/microchip/xc8/v2.20/pic/sources/c99/common/putch.c estimated size: 2

mcc_generated_files/i2c1_master.c
		_I2C1_DO_SEND_RESTART		CODE           	1AD7	0000	5
		_I2C1_DO_TX_EMPTY		CODE           	105E	0000	45
		_I2C1_DO_SEND_RESTART_READ		CODE           	1ACF	0000	5
		_I2C1_CallbackReturnStop		CODE           	1AA2	0000	3
		_I2C1_DO_RX    		CODE           	111D	0000	67
		_I2C1_DO_TX    		CODE           	136A	0000	83
		_I2C1_SetAddressNackCallback		CODE           	1B5F	0000	13
		_I2C1_DO_IDLE  		CODE           	1AF4	0000	6
		_I2C1_MasterOpen		CODE           	1B3C	0000	12
		_I2C1_DO_RCEN  		CODE           	1B04	0000	7
		_I2C1_MasterSendTxData		CODE           	1AEF	0000	6
		_I2C1_MasterStop		CODE           	1AA9	0000	4
		_I2C1_CallbackReturnReset		CODE           	1AA4	0000	3
		_I2C1_DO_RESET 		CODE           	1AF9	0000	6
		_I2C1_MasterStartRx		CODE           	1AAC	0000	4
		_I2C1_DO_RX_ACK		CODE           	1ADF	0000	5
		_I2C1_MasterSendNack		CODE           	1AC7	0000	5
		_I2C1_DO_RX_NACK_RESTART		CODE           	1AE7	0000	5
		_I2C1_MasterDisableIrq		CODE           	1AC1	0000	4
		_I2C1_MasterOperation		CODE           	1DA4	0000	27
		_I2C1_SetCallback		CODE           	1FB0	0000	41
		_I2C1_MasterEnableRestart		CODE           	1AA6	0000	4
		_I2C1_Open     		CODE           	11A6	0000	73
		_I2C1_DO_ADDRESS_NACK		CODE           	1033	0000	44
		_I2C1_SetBuffer		CODE           	1C9F	0000	22
		_I2C1_DO_SEND_RESTART_WRITE		CODE           	1AD3	0000	5
		_I2C1_MasterClose		CODE           	1ABE	0000	4
		_I2C1_MasterWrite		CODE           	0800	0000	5
		_I2C1_Initialize		CODE           	1000	0000	10
		_I2C1_Close    		CODE           	1DF4	0000	30
		_I2C1_MasterIsNack		CODE           	1AFE	0000	7
		_I2C1_MasterStart		CODE           	1AC4	0000	4
		_I2C1_DO_SEND_ADR_WRITE		CODE           	1B16	0000	8
		_I2C1_MasterClearIrq		CODE           	1ABB	0000	4
		_I2C1_SetDataCompleteCallback		CODE           	1B6B	0000	13
		_I2C1_DO_SEND_STOP		CODE           	1ADB	0000	5
		_I2C1_MasterSendAck		CODE           	1ACB	0000	5
		_I2C1_MasterFsm		CODE           	1009	0000	43
		_I2C1_MasterIsr		CODE           	1AB8	0000	4
		_I2C1_MasterGetRxData		CODE           	1AAF	0000	4
		_I2C1_SetInterruptHandler		CODE           	1B34	0000	9
		_I2C1_MasterSetIrq		CODE           	1AB2	0000	4
		_I2C1_DO_SEND_ADR_READ		CODE           	1B24	0000	9
		_I2C1_MasterEnableIrq		CODE           	07FD	0000	4
		_I2C1_DO_RX_NACK_STOP		CODE           	1AE3	0000	5

mcc_generated_files/i2c1_master.c estimated size: 681

/Applications/microchip/xc8/v2.20/pic/sources/c99/common/islower.c
		_islower       		CODE           	1D3E	0000	25

/Applications/microchip/xc8/v2.20/pic/sources/c99/common/islower.c estimated size: 25

mcc_generated_files/interrupt_manager.c
		_INTERRUPT_InterruptManager		CODE           	0004	0000	34

mcc_generated_files/interrupt_manager.c estimated size: 34

/Applications/microchip/xc8/v2.20/pic/sources/c99/common/aomod.c
		___aomod       		CODE           	0A33	0000	223

/Applications/microchip/xc8/v2.20/pic/sources/c99/common/aomod.c estimated size: 223

/Applications/microchip/xc8/v2.20/pic/sources/c99/common/isupper.c
		_isupper       		CODE           	1D26	0000	25

/Applications/microchip/xc8/v2.20/pic/sources/c99/common/isupper.c estimated size: 25

/Applications/microchip/xc8/v2.20/pic/sources/c99/common/toupper.c
		_toupper       		CODE           	1E8D	0000	34

/Applications/microchip/xc8/v2.20/pic/sources/c99/common/toupper.c estimated size: 34

mcc_generated_files/pin_manager.c
		_PIN_MANAGER_Initialize		CODE           	1D8A	0000	27

mcc_generated_files/pin_manager.c estimated size: 27

/Applications/microchip/xc8/v2.20/pic/sources/c99/common/abs.c
		_abs           		CODE           	1D0E	0000	25

/Applications/microchip/xc8/v2.20/pic/sources/c99/common/abs.c estimated size: 25

/Applications/microchip/xc8/v2.20/pic/sources/c99/common/isspace.c
		_isspace       		CODE           	1E11	0000	30

/Applications/microchip/xc8/v2.20/pic/sources/c99/common/isspace.c estimated size: 30

/Applications/microchip/xc8/v2.20/pic/sources/c99/common/Umul16.c
		___wmul        		CODE           	1DD9	0000	28

/Applications/microchip/xc8/v2.20/pic/sources/c99/common/Umul16.c estimated size: 28

mcc_generated_files/drivers/i2c_simple_master.c
		_wr1RegCompleteHandler		CODE           	1C0C	0000	22
		_wr2RegCompleteHandler		CODE           	1C4B	0000	22
		_i2c_writeNBytes		CODE           	1F3E	0000	38
		_rdBlkRegCompleteHandler		CODE           	1D56	0000	27
		_i2c_read1ByteRegister		CODE           	115F	0000	72
		_rd1RegCompleteHandler		CODE           	1C21	0000	22
		_rd2RegCompleteHandler		CODE           	1C36	0000	22

mcc_generated_files/drivers/i2c_simple_master.c estimated size: 225

/Applications/microchip/xc8/v2.20/pic/sources/c99/common/isalpha.c
		_isalpha       		CODE           	1E2E	0000	31

/Applications/microchip/xc8/v2.20/pic/sources/c99/common/isalpha.c estimated size: 31

lcd_driver_files/i2c-lcdlib-ceg003400.c
		_i2c_lcd_home  		CODE           	1B91	0000	14
		_i2c_lcd_init  		CODE           	1467	0000	87
		_i2c_lcd_puts  		CODE           	1CB4	0000	22
		_i2c_lcd_clear 		CODE           	1B84	0000	14
		_i2c_lcd_send_data		CODE           	13BC	0000	86
		_i2c_lcd_set_cursor_pos		CODE           	10EA	0000	52
		_i2c_lcd_send_upper4bit		CODE           	1FD8	0000	41
		_i2c_lcd_send_command		CODE           	1411	0000	87
		_i2c_lcd_ulcursor_off		CODE           	1B9E	0000	15

lcd_driver_files/i2c-lcdlib-ceg003400.c estimated size: 418

/Applications/microchip/xc8/v2.20/pic/sources/c99/common/aodiv.c
		___aodiv       		CODE           	0B11	0000	247

/Applications/microchip/xc8/v2.20/pic/sources/c99/common/aodiv.c estimated size: 247

/Applications/microchip/xc8/v2.20/pic/sources/c99/common/nf_fputs.c
		_fputs         		CODE           	1F63	0000	38

/Applications/microchip/xc8/v2.20/pic/sources/c99/common/nf_fputs.c estimated size: 38

shared
		i1_I2C1_SetBuffer		CODE           	1B47	0000	13
		_led_src_name  		STRCODE        	1921	0000	36
		_led_i2s_dir   		STRCODE        	19CA	0000	15
		i1_I2C1_SetCallback		CODE           	1F88	0000	41
		_lcd_fs_name   		STRCODE        	1800	0000	113
		_led_fs_name   		STRCODE        	0000	0000	0
		_lcd_aux_name  		STRCODE        	19BC	0000	15
		__initialization		CODE           	0027	0000	69
		readRE@RE_states		STRCODE        	0000	0000	0
		_fsmStateTable 		STRCODE        	1965	0000	33
		_font7seg      		STRCODE        	1870	0000	96
		i1_I2C1_MasterClearIrq		CODE           	1AB5	0000	4
		i1_I2C1_SetDataCompleteCallback		CODE           	1B53	0000	13
		_lcd_src_name  		STRCODE        	18F9	0000	41

shared estimated size: 489

mcc_generated_files/mcc.c
		_WDT_Initialize		CODE           	1AEB	0000	5
		_OSCILLATOR_Initialize		CODE           	1B1D	0000	8
		_SYSTEM_Initialize		CODE           	0804	0000	16

mcc_generated_files/mcc.c estimated size: 29

/Applications/microchip/xc8/v2.20/pic/sources/c99/common/awdiv.c
		___awdiv       		CODE           	1319	0000	82

/Applications/microchip/xc8/v2.20/pic/sources/c99/common/awdiv.c estimated size: 82

mcc_generated_files/tmr1.c
		_TMR1_Initialize		CODE           	1DBE	0000	28
		_TMR1_SetInterruptHandler		CODE           	1B2C	0000	9
		_get7seg_font  		CODE           	1CC9	0000	23
		_TMR1_DefaultInterruptHandler		CODE           	08B2	0000	192
		_TMR1_WriteTimer		CODE           	1BAC	0000	16
		_TMR1_StartTimer		CODE           	0002	0000	3
		_TMR1_ISR      		CODE           	1BBB	0000	21
		_read_clickRE  		CODE           	1237	0000	75

mcc_generated_files/tmr1.c estimated size: 367

/Applications/microchip/xc8/v2.20/pic/sources/c99/common/lbmod.c
		___lbmod       		CODE           	1E4C	0000	33

/Applications/microchip/xc8/v2.20/pic/sources/c99/common/lbmod.c estimated size: 33

/Applications/microchip/xc8/v2.20/pic/sources/c99/common/strcat.c
		_strcat        		CODE           	1BE3	0000	21

/Applications/microchip/xc8/v2.20/pic/sources/c99/common/strcat.c estimated size: 21

disp_param.c
		_lcd_disp_param		CODE           	0E6D	0000	404

disp_param.c estimated size: 404

mcc_generated_files/delay.c
		_DELAY_milliseconds		CODE           	1BCF	0000	21

mcc_generated_files/delay.c estimated size: 21

mcc_generated_files/memory.c
		_DATAEE_WriteByte		CODE           	1E6C	0000	34
		_DATAEE_ReadByte		CODE           	1B77	0000	14

mcc_generated_files/memory.c estimated size: 48

/Applications/microchip/xc8/v2.20/pic/sources/c99/common/isdigit.c
		_isdigit       		CODE           	1CF6	0000	25

/Applications/microchip/xc8/v2.20/pic/sources/c99/common/isdigit.c estimated size: 25

/Applications/microchip/xc8/v2.20/pic/sources/c99/common/atoi.c
		_atoi          		CODE           	16A5	0000	160

/Applications/microchip/xc8/v2.20/pic/sources/c99/common/atoi.c estimated size: 160

main.c
		_init_pcm9211  		CODE           	1744	0000	189
		_init_tas6422  		CODE           	14BD	0000	106
		_set_source    		CODE           	0C07	0000	276
		_main          		CODE           	006F	0000	1008
		_chk6422warning		CODE           	160E	0000	152
		_puts_led      		CODE           	1594	0000	123
		_set_gains     		CODE           	1526	0000	111
		_set_gainstr   		CODE           	0813	0000	160

main.c estimated size: 2125

/Applications/microchip/xc8/v2.20/pic/sources/c99/common/strlen.c
		_strlen        		CODE           	1CDF	0000	24

/Applications/microchip/xc8/v2.20/pic/sources/c99/common/strlen.c estimated size: 24

/Applications/microchip/xc8/v2.20/pic/sources/c99/common/strcpy.c
		_strcpy        		CODE           	1ED1	0000	37

/Applications/microchip/xc8/v2.20/pic/sources/c99/common/strcpy.c estimated size: 37

